../Drivers/CMSIS/Include/core_cm3.h:1876:26:ITM_SendChar	16	static,ignoring_inline_asm
../Core/Src/main.c:76:5:main	8	static
../Core/Src/main.c:157:6:SystemClock_Config	72	static
../Core/Src/main.c:196:13:MX_USART2_UART_Init	8	static
../Core/Src/main.c:229:13:MX_GPIO_Init	40	static
../Core/Src/main.c:268:6:TaskAction	16	static
../Core/Src/main.c:281:6:StartDefaultTask	16	static
../Core/Src/main.c:302:6:HAL_TIM_PeriodElapsedCallback	16	static
../Core/Src/main.c:320:6:Error_Handler	4	static,ignoring_inline_asm
