../Drivers/CMSIS/Include/core_cm3.h:1876:26:ITM_SendChar	16	static,ignoring_inline_asm
../Core/Src/main.c:84:5:main	8	static
../Core/Src/main.c:169:6:SystemClock_Config	72	static
../Core/Src/main.c:208:13:MX_USART2_UART_Init	8	static
../Core/Src/main.c:241:13:MX_GPIO_Init	40	static
../Core/Src/main.c:280:6:HAL_GPIO_EXTI_Callback	16	static
../Core/Src/main.c:295:6:TaskAction	16	static
../Core/Src/main.c:309:6:StartDefaultTask	24	static
../Core/Src/main.c:342:6:StartTask02	16	static
../Core/Src/main.c:363:6:HAL_TIM_PeriodElapsedCallback	16	static
../Core/Src/main.c:381:6:Error_Handler	4	static,ignoring_inline_asm
