22:34:43 **** Clean-only build of configuration Debug for project STM32F103_FreeRTOS_CMSIS_Template ****
make -j8 clean 
rm -rf ./Middlewares/Third_Party/FreeRTOS/Source/portable/MemMang/heap_4.cyclo ./Middlewares/Third_Party/FreeRTOS/Source/portable/MemMang/heap_4.d ./Middlewares/Third_Party/FreeRTOS/Source/portable/MemMang/heap_4.o ./Middlewares/Third_Party/FreeRTOS/Source/portable/MemMang/heap_4.su
rm -rf ./Middlewares/Third_Party/FreeRTOS/Source/portable/GCC/ARM_CM3/port.cyclo ./Middlewares/Third_Party/FreeRTOS/Source/portable/GCC/ARM_CM3/port.d ./Middlewares/Third_Party/FreeRTOS/Source/portable/GCC/ARM_CM3/port.o ./Middlewares/Third_Party/FreeRTOS/Source/portable/GCC/ARM_CM3/port.su
rm -rf ./Middlewares/Third_Party/FreeRTOS/Source/CMSIS_RTOS_V2/cmsis_os2.cyclo ./Middlewares/Third_Party/FreeRTOS/Source/CMSIS_RTOS_V2/cmsis_os2.d ./Middlewares/Third_Party/FreeRTOS/Source/CMSIS_RTOS_V2/cmsis_os2.o ./Middlewares/Third_Party/FreeRTOS/Source/CMSIS_RTOS_V2/cmsis_os2.su
rm -rf ./Middlewares/Third_Party/FreeRTOS/Source/croutine.cyclo ./Middlewares/Third_Party/FreeRTOS/Source/croutine.d ./Middlewares/Third_Party/FreeRTOS/Source/croutine.o ./Middlewares/Third_Party/FreeRTOS/Source/croutine.su ./Middlewares/Third_Party/FreeRTOS/Source/event_groups.cyclo ./Middlewares/Third_Party/FreeRTOS/Source/event_groups.d ./Middlewares/Third_Party/FreeRTOS/Source/event_groups.o ./Middlewares/Third_Party/FreeRTOS/Source/event_groups.su ./Middlewares/Third_Party/FreeRTOS/Source/list.cyclo ./Middlewares/Third_Party/FreeRTOS/Source/list.d ./Middlewares/Third_Party/FreeRTOS/Source/list.o ./Middlewares/Third_Party/FreeRTOS/Source/list.su ./Middlewares/Third_Party/FreeRTOS/Source/queue.cyclo ./Middlewares/Third_Party/FreeRTOS/Source/queue.d ./Middlewares/Third_Party/FreeRTOS/Source/queue.o ./Middlewares/Third_Party/FreeRTOS/Source/queue.su ./Middlewares/Third_Party/FreeRTOS/Source/stream_buffer.cyclo ./Middlewares/Third_Party/FreeRTOS/Source/stream_buffer.d ./Middlewares/Third_Party/FreeRTOS/Source/stream_buffer.o ./Middlewares/Third_Party/FreeRTOS/Source/stream_buffer.su ./Middlewares/Third_Party/FreeRTOS/Source/tasks.cyclo ./Middlewares/Third_Party/FreeRTOS/Source/tasks.d ./Middlewares/Third_Party/FreeRTOS/Source/tasks.o ./Middlewares/Third_Party/FreeRTOS/Source/tasks.su ./Middlewares/Third_Party/FreeRTOS/Source/timers.cyclo ./Middlewares/Third_Party/FreeRTOS/Source/timers.d ./Middlewares/Third_Party/FreeRTOS/Source/timers.o ./Middlewares/Third_Party/FreeRTOS/Source/timers.su
rm -rf ./Drivers/STM32F1xx_HAL_Driver/Src/stm32f1xx_hal.cyclo ./Drivers/STM32F1xx_HAL_Driver/Src/stm32f1xx_hal.d ./Drivers/STM32F1xx_HAL_Driver/Src/stm32f1xx_hal.o ./Drivers/STM32F1xx_HAL_Driver/Src/stm32f1xx_hal.su ./Drivers/STM32F1xx_HAL_Driver/Src/stm32f1xx_hal_cortex.cyclo ./Drivers/STM32F1xx_HAL_Driver/Src/stm32f1xx_hal_cortex.d ./Drivers/STM32F1xx_HAL_Driver/Src/stm32f1xx_hal_cortex.o ./Drivers/STM32F1xx_HAL_Driver/Src/stm32f1xx_hal_cortex.su ./Drivers/STM32F1xx_HAL_Driver/Src/stm32f1xx_hal_dma.cyclo ./Drivers/STM32F1xx_HAL_Driver/Src/stm32f1xx_hal_dma.d ./Drivers/STM32F1xx_HAL_Driver/Src/stm32f1xx_hal_dma.o ./Drivers/STM32F1xx_HAL_Driver/Src/stm32f1xx_hal_dma.su ./Drivers/STM32F1xx_HAL_Driver/Src/stm32f1xx_hal_exti.cyclo ./Drivers/STM32F1xx_HAL_Driver/Src/stm32f1xx_hal_exti.d ./Drivers/STM32F1xx_HAL_Driver/Src/stm32f1xx_hal_exti.o ./Drivers/STM32F1xx_HAL_Driver/Src/stm32f1xx_hal_exti.su ./Drivers/STM32F1xx_HAL_Driver/Src/stm32f1xx_hal_flash.cyclo ./Drivers/STM32F1xx_HAL_Driver/Src/stm32f1xx_hal_flash.d ./Drivers/STM32F1xx_HAL_Driver/Src/stm32f1xx_hal_flash.o ./Drivers/STM32F1xx_HAL_Driver/Src/stm32f1xx_hal_flash.su ./Drivers/STM32F1xx_HAL_Driver/Src/stm32f1xx_hal_flash_ex.cyclo ./Drivers/STM32F1xx_HAL_Driver/Src/stm32f1xx_hal_flash_ex.d ./Drivers/STM32F1xx_HAL_Driver/Src/stm32f1xx_hal_flash_ex.o ./Drivers/STM32F1xx_HAL_Driver/Src/stm32f1xx_hal_flash_ex.su ./Drivers/STM32F1xx_HAL_Driver/Src/stm32f1xx_hal_gpio.cyclo ./Drivers/STM32F1xx_HAL_Driver/Src/stm32f1xx_hal_gpio.d ./Drivers/STM32F1xx_HAL_Driver/Src/stm32f1xx_hal_gpio.o ./Drivers/STM32F1xx_HAL_Driver/Src/stm32f1xx_hal_gpio.su ./Drivers/STM32F1xx_HAL_Driver/Src/stm32f1xx_hal_gpio_ex.cyclo ./Drivers/STM32F1xx_HAL_Driver/Src/stm32f1xx_hal_gpio_ex.d ./Drivers/STM32F1xx_HAL_Driver/Src/stm32f1xx_hal_gpio_ex.o ./Drivers/STM32F1xx_HAL_Driver/Src/stm32f1xx_hal_gpio_ex.su ./Drivers/STM32F1xx_HAL_Driver/Src/stm32f1xx_hal_pwr.cyclo ./Drivers/STM32F1xx_HAL_Driver/Src/stm32f1xx_hal_pwr.d ./Drivers/STM32F1xx_HAL_Driver/Src/stm32f1xx_hal_pwr.o ./Drivers/STM32F1xx_HAL_Driver/Src/stm32f1xx_hal_pwr.su ./Drivers/STM32F1xx_HAL_Driver/Src/stm32f1xx_hal_rcc.cyclo ./Drivers/STM32F1xx_HAL_Driver/Src/stm32f1xx_hal_rcc.d ./Drivers/STM32F1xx_HAL_Driver/Src/stm32f1xx_hal_rcc.o ./Drivers/STM32F1xx_HAL_Driver/Src/stm32f1xx_hal_rcc.su ./Drivers/STM32F1xx_HAL_Driver/Src/stm32f1xx_hal_rcc_ex.cyclo ./Drivers/STM32F1xx_HAL_Driver/Src/stm32f1xx_hal_rcc_ex.d ./Drivers/STM32F1xx_HAL_Driver/Src/stm32f1xx_hal_rcc_ex.o ./Drivers/STM32F1xx_HAL_Driver/Src/stm32f1xx_hal_rcc_ex.su ./Drivers/STM32F1xx_HAL_Driver/Src/stm32f1xx_hal_tim.cyclo ./Drivers/STM32F1xx_HAL_Driver/Src/stm32f1xx_hal_tim.d ./Drivers/STM32F1xx_HAL_Driver/Src/stm32f1xx_hal_tim.o ./Drivers/STM32F1xx_HAL_Driver/Src/stm32f1xx_hal_tim.su ./Drivers/STM32F1xx_HAL_Driver/Src/stm32f1xx_hal_tim_ex.cyclo ./Drivers/STM32F1xx_HAL_Driver/Src/stm32f1xx_hal_tim_ex.d ./Drivers/STM32F1xx_HAL_Driver/Src/stm32f1xx_hal_tim_ex.o ./Drivers/STM32F1xx_HAL_Driver/Src/stm32f1xx_hal_tim_ex.su ./Drivers/STM32F1xx_HAL_Driver/Src/stm32f1xx_hal_uart.cyclo ./Drivers/STM32F1xx_HAL_Driver/Src/stm32f1xx_hal_uart.d ./Drivers/STM32F1xx_HAL_Driver/Src/stm32f1xx_hal_uart.o ./Drivers/STM32F1xx_HAL_Driver/Src/stm32f1xx_hal_uart.su
rm -rf ./Core/Startup/startup_stm32f103rbtx.d ./Core/Startup/startup_stm32f103rbtx.o
rm -rf ./Core/Src/freertos.cyclo ./Core/Src/freertos.d ./Core/Src/freertos.o ./Core/Src/freertos.su ./Core/Src/main.cyclo ./Core/Src/main.d ./Core/Src/main.o ./Core/Src/main.su ./Core/Src/stm32f1xx_hal_msp.cyclo ./Core/Src/stm32f1xx_hal_msp.d ./Core/Src/stm32f1xx_hal_msp.o ./Core/Src/stm32f1xx_hal_msp.su ./Core/Src/stm32f1xx_hal_timebase_tim.cyclo ./Core/Src/stm32f1xx_hal_timebase_tim.d ./Core/Src/stm32f1xx_hal_timebase_tim.o ./Core/Src/stm32f1xx_hal_timebase_tim.su ./Core/Src/stm32f1xx_it.cyclo ./Core/Src/stm32f1xx_it.d ./Core/Src/stm32f1xx_it.o ./Core/Src/stm32f1xx_it.su ./Core/Src/syscalls.cyclo ./Core/Src/syscalls.d ./Core/Src/syscalls.o ./Core/Src/syscalls.su ./Core/Src/sysmem.cyclo ./Core/Src/sysmem.d ./Core/Src/sysmem.o ./Core/Src/sysmem.su ./Core/Src/system_stm32f1xx.cyclo ./Core/Src/system_stm32f1xx.d ./Core/Src/system_stm32f1xx.o ./Core/Src/system_stm32f1xx.su
rm -rf STM32F103_FreeRTOS_CMSIS_Preparation.elf STM32F103_FreeRTOS_CMSIS_Preparation.list STM32F103_FreeRTOS_CMSIS_Preparation.map default.size.stdout
 
22:34:44 **** Build of configuration Debug for project STM32F103_FreeRTOS_CMSIS_Template ****
make -j8 all 
arm-none-eabi-gcc "../Middlewares/Third_Party/FreeRTOS/Source/portable/MemMang/heap_4.c" -mcpu=cortex-m3 -std=gnu11 -g3 -DDEBUG -DUSE_HAL_DRIVER -DSTM32F103xB -c -I../Core/Inc -I../Drivers/STM32F1xx_HAL_Driver/Inc -I../Drivers/STM32F1xx_HAL_Driver/Inc/Legacy -I../Drivers/CMSIS/Device/ST/STM32F1xx/Include -I../Drivers/CMSIS/Include -I../Middlewares/Third_Party/FreeRTOS/Source/include -I../Middlewares/Third_Party/FreeRTOS/Source/CMSIS_RTOS_V2 -I../Middlewares/Third_Party/FreeRTOS/Source/portable/GCC/ARM_CM3 -O0 -ffunction-sections -fdata-sections -Wall -fstack-usage -fcyclomatic-complexity -MMD -MP -MF"Middlewares/Third_Party/FreeRTOS/Source/portable/MemMang/heap_4.d" -MT"Middlewares/Third_Party/FreeRTOS/Source/portable/MemMang/heap_4.o" --specs=nano.specs -mfloat-abi=soft -mthumb -o "Middlewares/Third_Party/FreeRTOS/Source/portable/MemMang/heap_4.o"
arm-none-eabi-gcc "../Middlewares/Third_Party/FreeRTOS/Source/portable/GCC/ARM_CM3/port.c" -mcpu=cortex-m3 -std=gnu11 -g3 -DDEBUG -DUSE_HAL_DRIVER -DSTM32F103xB -c -I../Core/Inc -I../Drivers/STM32F1xx_HAL_Driver/Inc -I../Drivers/STM32F1xx_HAL_Driver/Inc/Legacy -I../Drivers/CMSIS/Device/ST/STM32F1xx/Include -I../Drivers/CMSIS/Include -I../Middlewares/Third_Party/FreeRTOS/Source/include -I../Middlewares/Third_Party/FreeRTOS/Source/CMSIS_RTOS_V2 -I../Middlewares/Third_Party/FreeRTOS/Source/portable/GCC/ARM_CM3 -O0 -ffunction-sections -fdata-sections -Wall -fstack-usage -fcyclomatic-complexity -MMD -MP -MF"Middlewares/Third_Party/FreeRTOS/Source/portable/GCC/ARM_CM3/port.d" -MT"Middlewares/Third_Party/FreeRTOS/Source/portable/GCC/ARM_CM3/port.o" --specs=nano.specs -mfloat-abi=soft -mthumb -o "Middlewares/Third_Party/FreeRTOS/Source/portable/GCC/ARM_CM3/port.o"
arm-none-eabi-gcc "../Middlewares/Third_Party/FreeRTOS/Source/CMSIS_RTOS_V2/cmsis_os2.c" -mcpu=cortex-m3 -std=gnu11 -g3 -DDEBUG -DUSE_HAL_DRIVER -DSTM32F103xB -c -I../Core/Inc -I../Drivers/STM32F1xx_HAL_Driver/Inc -I../Drivers/STM32F1xx_HAL_Driver/Inc/Legacy -I../Drivers/CMSIS/Device/ST/STM32F1xx/Include -I../Drivers/CMSIS/Include -I../Middlewares/Third_Party/FreeRTOS/Source/include -I../Middlewares/Third_Party/FreeRTOS/Source/CMSIS_RTOS_V2 -I../Middlewares/Third_Party/FreeRTOS/Source/portable/GCC/ARM_CM3 -O0 -ffunction-sections -fdata-sections -Wall -fstack-usage -fcyclomatic-complexity -MMD -MP -MF"Middlewares/Third_Party/FreeRTOS/Source/CMSIS_RTOS_V2/cmsis_os2.d" -MT"Middlewares/Third_Party/FreeRTOS/Source/CMSIS_RTOS_V2/cmsis_os2.o" --specs=nano.specs -mfloat-abi=soft -mthumb -o "Middlewares/Third_Party/FreeRTOS/Source/CMSIS_RTOS_V2/cmsis_os2.o"
arm-none-eabi-gcc "../Middlewares/Third_Party/FreeRTOS/Source/croutine.c" -mcpu=cortex-m3 -std=gnu11 -g3 -DDEBUG -DUSE_HAL_DRIVER -DSTM32F103xB -c -I../Core/Inc -I../Drivers/STM32F1xx_HAL_Driver/Inc -I../Drivers/STM32F1xx_HAL_Driver/Inc/Legacy -I../Drivers/CMSIS/Device/ST/STM32F1xx/Include -I../Drivers/CMSIS/Include -I../Middlewares/Third_Party/FreeRTOS/Source/include -I../Middlewares/Third_Party/FreeRTOS/Source/CMSIS_RTOS_V2 -I../Middlewares/Third_Party/FreeRTOS/Source/portable/GCC/ARM_CM3 -O0 -ffunction-sections -fdata-sections -Wall -fstack-usage -fcyclomatic-complexity -MMD -MP -MF"Middlewares/Third_Party/FreeRTOS/Source/croutine.d" -MT"Middlewares/Third_Party/FreeRTOS/Source/croutine.o" --specs=nano.specs -mfloat-abi=soft -mthumb -o "Middlewares/Third_Party/FreeRTOS/Source/croutine.o"
arm-none-eabi-gcc "../Middlewares/Third_Party/FreeRTOS/Source/event_groups.c" -mcpu=cortex-m3 -std=gnu11 -g3 -DDEBUG -DUSE_HAL_DRIVER -DSTM32F103xB -c -I../Core/Inc -I../Drivers/STM32F1xx_HAL_Driver/Inc -I../Drivers/STM32F1xx_HAL_Driver/Inc/Legacy -I../Drivers/CMSIS/Device/ST/STM32F1xx/Include -I../Drivers/CMSIS/Include -I../Middlewares/Third_Party/FreeRTOS/Source/include -I../Middlewares/Third_Party/FreeRTOS/Source/CMSIS_RTOS_V2 -I../Middlewares/Third_Party/FreeRTOS/Source/portable/GCC/ARM_CM3 -O0 -ffunction-sections -fdata-sections -Wall -fstack-usage -fcyclomatic-complexity -MMD -MP -MF"Middlewares/Third_Party/FreeRTOS/Source/event_groups.d" -MT"Middlewares/Third_Party/FreeRTOS/Source/event_groups.o" --specs=nano.specs -mfloat-abi=soft -mthumb -o "Middlewares/Third_Party/FreeRTOS/Source/event_groups.o"
arm-none-eabi-gcc "../Middlewares/Third_Party/FreeRTOS/Source/list.c" -mcpu=cortex-m3 -std=gnu11 -g3 -DDEBUG -DUSE_HAL_DRIVER -DSTM32F103xB -c -I../Core/Inc -I../Drivers/STM32F1xx_HAL_Driver/Inc -I../Drivers/STM32F1xx_HAL_Driver/Inc/Legacy -I../Drivers/CMSIS/Device/ST/STM32F1xx/Include -I../Drivers/CMSIS/Include -I../Middlewares/Third_Party/FreeRTOS/Source/include -I../Middlewares/Third_Party/FreeRTOS/Source/CMSIS_RTOS_V2 -I../Middlewares/Third_Party/FreeRTOS/Source/portable/GCC/ARM_CM3 -O0 -ffunction-sections -fdata-sections -Wall -fstack-usage -fcyclomatic-complexity -MMD -MP -MF"Middlewares/Third_Party/FreeRTOS/Source/list.d" -MT"Middlewares/Third_Party/FreeRTOS/Source/list.o" --specs=nano.specs -mfloat-abi=soft -mthumb -o "Middlewares/Third_Party/FreeRTOS/Source/list.o"
arm-none-eabi-gcc "../Middlewares/Third_Party/FreeRTOS/Source/queue.c" -mcpu=cortex-m3 -std=gnu11 -g3 -DDEBUG -DUSE_HAL_DRIVER -DSTM32F103xB -c -I../Core/Inc -I../Drivers/STM32F1xx_HAL_Driver/Inc -I../Drivers/STM32F1xx_HAL_Driver/Inc/Legacy -I../Drivers/CMSIS/Device/ST/STM32F1xx/Include -I../Drivers/CMSIS/Include -I../Middlewares/Third_Party/FreeRTOS/Source/include -I../Middlewares/Third_Party/FreeRTOS/Source/CMSIS_RTOS_V2 -I../Middlewares/Third_Party/FreeRTOS/Source/portable/GCC/ARM_CM3 -O0 -ffunction-sections -fdata-sections -Wall -fstack-usage -fcyclomatic-complexity -MMD -MP -MF"Middlewares/Third_Party/FreeRTOS/Source/queue.d" -MT"Middlewares/Third_Party/FreeRTOS/Source/queue.o" --specs=nano.specs -mfloat-abi=soft -mthumb -o "Middlewares/Third_Party/FreeRTOS/Source/queue.o"
arm-none-eabi-gcc "../Middlewares/Third_Party/FreeRTOS/Source/stream_buffer.c" -mcpu=cortex-m3 -std=gnu11 -g3 -DDEBUG -DUSE_HAL_DRIVER -DSTM32F103xB -c -I../Core/Inc -I../Drivers/STM32F1xx_HAL_Driver/Inc -I../Drivers/STM32F1xx_HAL_Driver/Inc/Legacy -I../Drivers/CMSIS/Device/ST/STM32F1xx/Include -I../Drivers/CMSIS/Include -I../Middlewares/Third_Party/FreeRTOS/Source/include -I../Middlewares/Third_Party/FreeRTOS/Source/CMSIS_RTOS_V2 -I../Middlewares/Third_Party/FreeRTOS/Source/portable/GCC/ARM_CM3 -O0 -ffunction-sections -fdata-sections -Wall -fstack-usage -fcyclomatic-complexity -MMD -MP -MF"Middlewares/Third_Party/FreeRTOS/Source/stream_buffer.d" -MT"Middlewares/Third_Party/FreeRTOS/Source/stream_buffer.o" --specs=nano.specs -mfloat-abi=soft -mthumb -o "Middlewares/Third_Party/FreeRTOS/Source/stream_buffer.o"
arm-none-eabi-gcc "../Middlewares/Third_Party/FreeRTOS/Source/tasks.c" -mcpu=cortex-m3 -std=gnu11 -g3 -DDEBUG -DUSE_HAL_DRIVER -DSTM32F103xB -c -I../Core/Inc -I../Drivers/STM32F1xx_HAL_Driver/Inc -I../Drivers/STM32F1xx_HAL_Driver/Inc/Legacy -I../Drivers/CMSIS/Device/ST/STM32F1xx/Include -I../Drivers/CMSIS/Include -I../Middlewares/Third_Party/FreeRTOS/Source/include -I../Middlewares/Third_Party/FreeRTOS/Source/CMSIS_RTOS_V2 -I../Middlewares/Third_Party/FreeRTOS/Source/portable/GCC/ARM_CM3 -O0 -ffunction-sections -fdata-sections -Wall -fstack-usage -fcyclomatic-complexity -MMD -MP -MF"Middlewares/Third_Party/FreeRTOS/Source/tasks.d" -MT"Middlewares/Third_Party/FreeRTOS/Source/tasks.o" --specs=nano.specs -mfloat-abi=soft -mthumb -o "Middlewares/Third_Party/FreeRTOS/Source/tasks.o"
arm-none-eabi-gcc "../Middlewares/Third_Party/FreeRTOS/Source/timers.c" -mcpu=cortex-m3 -std=gnu11 -g3 -DDEBUG -DUSE_HAL_DRIVER -DSTM32F103xB -c -I../Core/Inc -I../Drivers/STM32F1xx_HAL_Driver/Inc -I../Drivers/STM32F1xx_HAL_Driver/Inc/Legacy -I../Drivers/CMSIS/Device/ST/STM32F1xx/Include -I../Drivers/CMSIS/Include -I../Middlewares/Third_Party/FreeRTOS/Source/include -I../Middlewares/Third_Party/FreeRTOS/Source/CMSIS_RTOS_V2 -I../Middlewares/Third_Party/FreeRTOS/Source/portable/GCC/ARM_CM3 -O0 -ffunction-sections -fdata-sections -Wall -fstack-usage -fcyclomatic-complexity -MMD -MP -MF"Middlewares/Third_Party/FreeRTOS/Source/timers.d" -MT"Middlewares/Third_Party/FreeRTOS/Source/timers.o" --specs=nano.specs -mfloat-abi=soft -mthumb -o "Middlewares/Third_Party/FreeRTOS/Source/timers.o"
arm-none-eabi-gcc "../Drivers/STM32F1xx_HAL_Driver/Src/stm32f1xx_hal.c" -mcpu=cortex-m3 -std=gnu11 -g3 -DDEBUG -DUSE_HAL_DRIVER -DSTM32F103xB -c -I../Core/Inc -I../Drivers/STM32F1xx_HAL_Driver/Inc -I../Drivers/STM32F1xx_HAL_Driver/Inc/Legacy -I../Drivers/CMSIS/Device/ST/STM32F1xx/Include -I../Drivers/CMSIS/Include -I../Middlewares/Third_Party/FreeRTOS/Source/include -I../Middlewares/Third_Party/FreeRTOS/Source/CMSIS_RTOS_V2 -I../Middlewares/Third_Party/FreeRTOS/Source/portable/GCC/ARM_CM3 -O0 -ffunction-sections -fdata-sections -Wall -fstack-usage -fcyclomatic-complexity -MMD -MP -MF"Drivers/STM32F1xx_HAL_Driver/Src/stm32f1xx_hal.d" -MT"Drivers/STM32F1xx_HAL_Driver/Src/stm32f1xx_hal.o" --specs=nano.specs -mfloat-abi=soft -mthumb -o "Drivers/STM32F1xx_HAL_Driver/Src/stm32f1xx_hal.o"
arm-none-eabi-gcc "../Drivers/STM32F1xx_HAL_Driver/Src/stm32f1xx_hal_cortex.c" -mcpu=cortex-m3 -std=gnu11 -g3 -DDEBUG -DUSE_HAL_DRIVER -DSTM32F103xB -c -I../Core/Inc -I../Drivers/STM32F1xx_HAL_Driver/Inc -I../Drivers/STM32F1xx_HAL_Driver/Inc/Legacy -I../Drivers/CMSIS/Device/ST/STM32F1xx/Include -I../Drivers/CMSIS/Include -I../Middlewares/Third_Party/FreeRTOS/Source/include -I../Middlewares/Third_Party/FreeRTOS/Source/CMSIS_RTOS_V2 -I../Middlewares/Third_Party/FreeRTOS/Source/portable/GCC/ARM_CM3 -O0 -ffunction-sections -fdata-sections -Wall -fstack-usage -fcyclomatic-complexity -MMD -MP -MF"Drivers/STM32F1xx_HAL_Driver/Src/stm32f1xx_hal_cortex.d" -MT"Drivers/STM32F1xx_HAL_Driver/Src/stm32f1xx_hal_cortex.o" --specs=nano.specs -mfloat-abi=soft -mthumb -o "Drivers/STM32F1xx_HAL_Driver/Src/stm32f1xx_hal_cortex.o"
arm-none-eabi-gcc "../Drivers/STM32F1xx_HAL_Driver/Src/stm32f1xx_hal_dma.c" -mcpu=cortex-m3 -std=gnu11 -g3 -DDEBUG -DUSE_HAL_DRIVER -DSTM32F103xB -c -I../Core/Inc -I../Drivers/STM32F1xx_HAL_Driver/Inc -I../Drivers/STM32F1xx_HAL_Driver/Inc/Legacy -I../Drivers/CMSIS/Device/ST/STM32F1xx/Include -I../Drivers/CMSIS/Include -I../Middlewares/Third_Party/FreeRTOS/Source/include -I../Middlewares/Third_Party/FreeRTOS/Source/CMSIS_RTOS_V2 -I../Middlewares/Third_Party/FreeRTOS/Source/portable/GCC/ARM_CM3 -O0 -ffunction-sections -fdata-sections -Wall -fstack-usage -fcyclomatic-complexity -MMD -MP -MF"Drivers/STM32F1xx_HAL_Driver/Src/stm32f1xx_hal_dma.d" -MT"Drivers/STM32F1xx_HAL_Driver/Src/stm32f1xx_hal_dma.o" --specs=nano.specs -mfloat-abi=soft -mthumb -o "Drivers/STM32F1xx_HAL_Driver/Src/stm32f1xx_hal_dma.o"
arm-none-eabi-gcc "../Drivers/STM32F1xx_HAL_Driver/Src/stm32f1xx_hal_exti.c" -mcpu=cortex-m3 -std=gnu11 -g3 -DDEBUG -DUSE_HAL_DRIVER -DSTM32F103xB -c -I../Core/Inc -I../Drivers/STM32F1xx_HAL_Driver/Inc -I../Drivers/STM32F1xx_HAL_Driver/Inc/Legacy -I../Drivers/CMSIS/Device/ST/STM32F1xx/Include -I../Drivers/CMSIS/Include -I../Middlewares/Third_Party/FreeRTOS/Source/include -I../Middlewares/Third_Party/FreeRTOS/Source/CMSIS_RTOS_V2 -I../Middlewares/Third_Party/FreeRTOS/Source/portable/GCC/ARM_CM3 -O0 -ffunction-sections -fdata-sections -Wall -fstack-usage -fcyclomatic-complexity -MMD -MP -MF"Drivers/STM32F1xx_HAL_Driver/Src/stm32f1xx_hal_exti.d" -MT"Drivers/STM32F1xx_HAL_Driver/Src/stm32f1xx_hal_exti.o" --specs=nano.specs -mfloat-abi=soft -mthumb -o "Drivers/STM32F1xx_HAL_Driver/Src/stm32f1xx_hal_exti.o"
arm-none-eabi-gcc "../Drivers/STM32F1xx_HAL_Driver/Src/stm32f1xx_hal_flash.c" -mcpu=cortex-m3 -std=gnu11 -g3 -DDEBUG -DUSE_HAL_DRIVER -DSTM32F103xB -c -I../Core/Inc -I../Drivers/STM32F1xx_HAL_Driver/Inc -I../Drivers/STM32F1xx_HAL_Driver/Inc/Legacy -I../Drivers/CMSIS/Device/ST/STM32F1xx/Include -I../Drivers/CMSIS/Include -I../Middlewares/Third_Party/FreeRTOS/Source/include -I../Middlewares/Third_Party/FreeRTOS/Source/CMSIS_RTOS_V2 -I../Middlewares/Third_Party/FreeRTOS/Source/portable/GCC/ARM_CM3 -O0 -ffunction-sections -fdata-sections -Wall -fstack-usage -fcyclomatic-complexity -MMD -MP -MF"Drivers/STM32F1xx_HAL_Driver/Src/stm32f1xx_hal_flash.d" -MT"Drivers/STM32F1xx_HAL_Driver/Src/stm32f1xx_hal_flash.o" --specs=nano.specs -mfloat-abi=soft -mthumb -o "Drivers/STM32F1xx_HAL_Driver/Src/stm32f1xx_hal_flash.o"
arm-none-eabi-gcc "../Drivers/STM32F1xx_HAL_Driver/Src/stm32f1xx_hal_flash_ex.c" -mcpu=cortex-m3 -std=gnu11 -g3 -DDEBUG -DUSE_HAL_DRIVER -DSTM32F103xB -c -I../Core/Inc -I../Drivers/STM32F1xx_HAL_Driver/Inc -I../Drivers/STM32F1xx_HAL_Driver/Inc/Legacy -I../Drivers/CMSIS/Device/ST/STM32F1xx/Include -I../Drivers/CMSIS/Include -I../Middlewares/Third_Party/FreeRTOS/Source/include -I../Middlewares/Third_Party/FreeRTOS/Source/CMSIS_RTOS_V2 -I../Middlewares/Third_Party/FreeRTOS/Source/portable/GCC/ARM_CM3 -O0 -ffunction-sections -fdata-sections -Wall -fstack-usage -fcyclomatic-complexity -MMD -MP -MF"Drivers/STM32F1xx_HAL_Driver/Src/stm32f1xx_hal_flash_ex.d" -MT"Drivers/STM32F1xx_HAL_Driver/Src/stm32f1xx_hal_flash_ex.o" --specs=nano.specs -mfloat-abi=soft -mthumb -o "Drivers/STM32F1xx_HAL_Driver/Src/stm32f1xx_hal_flash_ex.o"
arm-none-eabi-gcc "../Drivers/STM32F1xx_HAL_Driver/Src/stm32f1xx_hal_gpio.c" -mcpu=cortex-m3 -std=gnu11 -g3 -DDEBUG -DUSE_HAL_DRIVER -DSTM32F103xB -c -I../Core/Inc -I../Drivers/STM32F1xx_HAL_Driver/Inc -I../Drivers/STM32F1xx_HAL_Driver/Inc/Legacy -I../Drivers/CMSIS/Device/ST/STM32F1xx/Include -I../Drivers/CMSIS/Include -I../Middlewares/Third_Party/FreeRTOS/Source/include -I../Middlewares/Third_Party/FreeRTOS/Source/CMSIS_RTOS_V2 -I../Middlewares/Third_Party/FreeRTOS/Source/portable/GCC/ARM_CM3 -O0 -ffunction-sections -fdata-sections -Wall -fstack-usage -fcyclomatic-complexity -MMD -MP -MF"Drivers/STM32F1xx_HAL_Driver/Src/stm32f1xx_hal_gpio.d" -MT"Drivers/STM32F1xx_HAL_Driver/Src/stm32f1xx_hal_gpio.o" --specs=nano.specs -mfloat-abi=soft -mthumb -o "Drivers/STM32F1xx_HAL_Driver/Src/stm32f1xx_hal_gpio.o"
arm-none-eabi-gcc "../Drivers/STM32F1xx_HAL_Driver/Src/stm32f1xx_hal_gpio_ex.c" -mcpu=cortex-m3 -std=gnu11 -g3 -DDEBUG -DUSE_HAL_DRIVER -DSTM32F103xB -c -I../Core/Inc -I../Drivers/STM32F1xx_HAL_Driver/Inc -I../Drivers/STM32F1xx_HAL_Driver/Inc/Legacy -I../Drivers/CMSIS/Device/ST/STM32F1xx/Include -I../Drivers/CMSIS/Include -I../Middlewares/Third_Party/FreeRTOS/Source/include -I../Middlewares/Third_Party/FreeRTOS/Source/CMSIS_RTOS_V2 -I../Middlewares/Third_Party/FreeRTOS/Source/portable/GCC/ARM_CM3 -O0 -ffunction-sections -fdata-sections -Wall -fstack-usage -fcyclomatic-complexity -MMD -MP -MF"Drivers/STM32F1xx_HAL_Driver/Src/stm32f1xx_hal_gpio_ex.d" -MT"Drivers/STM32F1xx_HAL_Driver/Src/stm32f1xx_hal_gpio_ex.o" --specs=nano.specs -mfloat-abi=soft -mthumb -o "Drivers/STM32F1xx_HAL_Driver/Src/stm32f1xx_hal_gpio_ex.o"
arm-none-eabi-gcc "../Drivers/STM32F1xx_HAL_Driver/Src/stm32f1xx_hal_pwr.c" -mcpu=cortex-m3 -std=gnu11 -g3 -DDEBUG -DUSE_HAL_DRIVER -DSTM32F103xB -c -I../Core/Inc -I../Drivers/STM32F1xx_HAL_Driver/Inc -I../Drivers/STM32F1xx_HAL_Driver/Inc/Legacy -I../Drivers/CMSIS/Device/ST/STM32F1xx/Include -I../Drivers/CMSIS/Include -I../Middlewares/Third_Party/FreeRTOS/Source/include -I../Middlewares/Third_Party/FreeRTOS/Source/CMSIS_RTOS_V2 -I../Middlewares/Third_Party/FreeRTOS/Source/portable/GCC/ARM_CM3 -O0 -ffunction-sections -fdata-sections -Wall -fstack-usage -fcyclomatic-complexity -MMD -MP -MF"Drivers/STM32F1xx_HAL_Driver/Src/stm32f1xx_hal_pwr.d" -MT"Drivers/STM32F1xx_HAL_Driver/Src/stm32f1xx_hal_pwr.o" --specs=nano.specs -mfloat-abi=soft -mthumb -o "Drivers/STM32F1xx_HAL_Driver/Src/stm32f1xx_hal_pwr.o"
arm-none-eabi-gcc "../Drivers/STM32F1xx_HAL_Driver/Src/stm32f1xx_hal_rcc.c" -mcpu=cortex-m3 -std=gnu11 -g3 -DDEBUG -DUSE_HAL_DRIVER -DSTM32F103xB -c -I../Core/Inc -I../Drivers/STM32F1xx_HAL_Driver/Inc -I../Drivers/STM32F1xx_HAL_Driver/Inc/Legacy -I../Drivers/CMSIS/Device/ST/STM32F1xx/Include -I../Drivers/CMSIS/Include -I../Middlewares/Third_Party/FreeRTOS/Source/include -I../Middlewares/Third_Party/FreeRTOS/Source/CMSIS_RTOS_V2 -I../Middlewares/Third_Party/FreeRTOS/Source/portable/GCC/ARM_CM3 -O0 -ffunction-sections -fdata-sections -Wall -fstack-usage -fcyclomatic-complexity -MMD -MP -MF"Drivers/STM32F1xx_HAL_Driver/Src/stm32f1xx_hal_rcc.d" -MT"Drivers/STM32F1xx_HAL_Driver/Src/stm32f1xx_hal_rcc.o" --specs=nano.specs -mfloat-abi=soft -mthumb -o "Drivers/STM32F1xx_HAL_Driver/Src/stm32f1xx_hal_rcc.o"
arm-none-eabi-gcc "../Drivers/STM32F1xx_HAL_Driver/Src/stm32f1xx_hal_rcc_ex.c" -mcpu=cortex-m3 -std=gnu11 -g3 -DDEBUG -DUSE_HAL_DRIVER -DSTM32F103xB -c -I../Core/Inc -I../Drivers/STM32F1xx_HAL_Driver/Inc -I../Drivers/STM32F1xx_HAL_Driver/Inc/Legacy -I../Drivers/CMSIS/Device/ST/STM32F1xx/Include -I../Drivers/CMSIS/Include -I../Middlewares/Third_Party/FreeRTOS/Source/include -I../Middlewares/Third_Party/FreeRTOS/Source/CMSIS_RTOS_V2 -I../Middlewares/Third_Party/FreeRTOS/Source/portable/GCC/ARM_CM3 -O0 -ffunction-sections -fdata-sections -Wall -fstack-usage -fcyclomatic-complexity -MMD -MP -MF"Drivers/STM32F1xx_HAL_Driver/Src/stm32f1xx_hal_rcc_ex.d" -MT"Drivers/STM32F1xx_HAL_Driver/Src/stm32f1xx_hal_rcc_ex.o" --specs=nano.specs -mfloat-abi=soft -mthumb -o "Drivers/STM32F1xx_HAL_Driver/Src/stm32f1xx_hal_rcc_ex.o"
arm-none-eabi-gcc "../Drivers/STM32F1xx_HAL_Driver/Src/stm32f1xx_hal_tim.c" -mcpu=cortex-m3 -std=gnu11 -g3 -DDEBUG -DUSE_HAL_DRIVER -DSTM32F103xB -c -I../Core/Inc -I../Drivers/STM32F1xx_HAL_Driver/Inc -I../Drivers/STM32F1xx_HAL_Driver/Inc/Legacy -I../Drivers/CMSIS/Device/ST/STM32F1xx/Include -I../Drivers/CMSIS/Include -I../Middlewares/Third_Party/FreeRTOS/Source/include -I../Middlewares/Third_Party/FreeRTOS/Source/CMSIS_RTOS_V2 -I../Middlewares/Third_Party/FreeRTOS/Source/portable/GCC/ARM_CM3 -O0 -ffunction-sections -fdata-sections -Wall -fstack-usage -fcyclomatic-complexity -MMD -MP -MF"Drivers/STM32F1xx_HAL_Driver/Src/stm32f1xx_hal_tim.d" -MT"Drivers/STM32F1xx_HAL_Driver/Src/stm32f1xx_hal_tim.o" --specs=nano.specs -mfloat-abi=soft -mthumb -o "Drivers/STM32F1xx_HAL_Driver/Src/stm32f1xx_hal_tim.o"
arm-none-eabi-gcc "../Drivers/STM32F1xx_HAL_Driver/Src/stm32f1xx_hal_tim_ex.c" -mcpu=cortex-m3 -std=gnu11 -g3 -DDEBUG -DUSE_HAL_DRIVER -DSTM32F103xB -c -I../Core/Inc -I../Drivers/STM32F1xx_HAL_Driver/Inc -I../Drivers/STM32F1xx_HAL_Driver/Inc/Legacy -I../Drivers/CMSIS/Device/ST/STM32F1xx/Include -I../Drivers/CMSIS/Include -I../Middlewares/Third_Party/FreeRTOS/Source/include -I../Middlewares/Third_Party/FreeRTOS/Source/CMSIS_RTOS_V2 -I../Middlewares/Third_Party/FreeRTOS/Source/portable/GCC/ARM_CM3 -O0 -ffunction-sections -fdata-sections -Wall -fstack-usage -fcyclomatic-complexity -MMD -MP -MF"Drivers/STM32F1xx_HAL_Driver/Src/stm32f1xx_hal_tim_ex.d" -MT"Drivers/STM32F1xx_HAL_Driver/Src/stm32f1xx_hal_tim_ex.o" --specs=nano.specs -mfloat-abi=soft -mthumb -o "Drivers/STM32F1xx_HAL_Driver/Src/stm32f1xx_hal_tim_ex.o"
arm-none-eabi-gcc "../Drivers/STM32F1xx_HAL_Driver/Src/stm32f1xx_hal_uart.c" -mcpu=cortex-m3 -std=gnu11 -g3 -DDEBUG -DUSE_HAL_DRIVER -DSTM32F103xB -c -I../Core/Inc -I../Drivers/STM32F1xx_HAL_Driver/Inc -I../Drivers/STM32F1xx_HAL_Driver/Inc/Legacy -I../Drivers/CMSIS/Device/ST/STM32F1xx/Include -I../Drivers/CMSIS/Include -I../Middlewares/Third_Party/FreeRTOS/Source/include -I../Middlewares/Third_Party/FreeRTOS/Source/CMSIS_RTOS_V2 -I../Middlewares/Third_Party/FreeRTOS/Source/portable/GCC/ARM_CM3 -O0 -ffunction-sections -fdata-sections -Wall -fstack-usage -fcyclomatic-complexity -MMD -MP -MF"Drivers/STM32F1xx_HAL_Driver/Src/stm32f1xx_hal_uart.d" -MT"Drivers/STM32F1xx_HAL_Driver/Src/stm32f1xx_hal_uart.o" --specs=nano.specs -mfloat-abi=soft -mthumb -o "Drivers/STM32F1xx_HAL_Driver/Src/stm32f1xx_hal_uart.o"
arm-none-eabi-gcc -mcpu=cortex-m3 -g3 -DDEBUG -c -I../Core/Inc -I../Drivers/STM32F1xx_HAL_Driver/Inc -I../Drivers/STM32F1xx_HAL_Driver/Inc/Legacy -I../Middlewares/Third_Party/FreeRTOS/Source/include -I../Middlewares/Third_Party/FreeRTOS/Source/CMSIS_RTOS_V2 -I../Middlewares/Third_Party/FreeRTOS/Source/portable/GCC/ARM_CM3 -I../Drivers/CMSIS/Device/ST/STM32F1xx/Include -I../Drivers/CMSIS/Include -x assembler-with-cpp -MMD -MP -MF"Core/Startup/startup_stm32f103rbtx.d" -MT"Core/Startup/startup_stm32f103rbtx.o" --specs=nano.specs -mfloat-abi=soft -mthumb -o "Core/Startup/startup_stm32f103rbtx.o" "../Core/Startup/startup_stm32f103rbtx.s"
arm-none-eabi-gcc "../Core/Src/freertos.c" -mcpu=cortex-m3 -std=gnu11 -g3 -DDEBUG -DUSE_HAL_DRIVER -DSTM32F103xB -c -I../Core/Inc -I../Drivers/STM32F1xx_HAL_Driver/Inc -I../Drivers/STM32F1xx_HAL_Driver/Inc/Legacy -I../Drivers/CMSIS/Device/ST/STM32F1xx/Include -I../Drivers/CMSIS/Include -I../Middlewares/Third_Party/FreeRTOS/Source/include -I../Middlewares/Third_Party/FreeRTOS/Source/CMSIS_RTOS_V2 -I../Middlewares/Third_Party/FreeRTOS/Source/portable/GCC/ARM_CM3 -O0 -ffunction-sections -fdata-sections -Wall -fstack-usage -fcyclomatic-complexity -MMD -MP -MF"Core/Src/freertos.d" -MT"Core/Src/freertos.o" --specs=nano.specs -mfloat-abi=soft -mthumb -o "Core/Src/freertos.o"
arm-none-eabi-gcc "../Core/Src/main.c" -mcpu=cortex-m3 -std=gnu11 -g3 -DDEBUG -DUSE_HAL_DRIVER -DSTM32F103xB -c -I../Core/Inc -I../Drivers/STM32F1xx_HAL_Driver/Inc -I../Drivers/STM32F1xx_HAL_Driver/Inc/Legacy -I../Drivers/CMSIS/Device/ST/STM32F1xx/Include -I../Drivers/CMSIS/Include -I../Middlewares/Third_Party/FreeRTOS/Source/include -I../Middlewares/Third_Party/FreeRTOS/Source/CMSIS_RTOS_V2 -I../Middlewares/Third_Party/FreeRTOS/Source/portable/GCC/ARM_CM3 -O0 -ffunction-sections -fdata-sections -Wall -fstack-usage -fcyclomatic-complexity -MMD -MP -MF"Core/Src/main.d" -MT"Core/Src/main.o" --specs=nano.specs -mfloat-abi=soft -mthumb -o "Core/Src/main.o"
arm-none-eabi-gcc "../Core/Src/stm32f1xx_hal_msp.c" -mcpu=cortex-m3 -std=gnu11 -g3 -DDEBUG -DUSE_HAL_DRIVER -DSTM32F103xB -c -I../Core/Inc -I../Drivers/STM32F1xx_HAL_Driver/Inc -I../Drivers/STM32F1xx_HAL_Driver/Inc/Legacy -I../Drivers/CMSIS/Device/ST/STM32F1xx/Include -I../Drivers/CMSIS/Include -I../Middlewares/Third_Party/FreeRTOS/Source/include -I../Middlewares/Third_Party/FreeRTOS/Source/CMSIS_RTOS_V2 -I../Middlewares/Third_Party/FreeRTOS/Source/portable/GCC/ARM_CM3 -O0 -ffunction-sections -fdata-sections -Wall -fstack-usage -fcyclomatic-complexity -MMD -MP -MF"Core/Src/stm32f1xx_hal_msp.d" -MT"Core/Src/stm32f1xx_hal_msp.o" --specs=nano.specs -mfloat-abi=soft -mthumb -o "Core/Src/stm32f1xx_hal_msp.o"
arm-none-eabi-gcc "../Core/Src/stm32f1xx_hal_timebase_tim.c" -mcpu=cortex-m3 -std=gnu11 -g3 -DDEBUG -DUSE_HAL_DRIVER -DSTM32F103xB -c -I../Core/Inc -I../Drivers/STM32F1xx_HAL_Driver/Inc -I../Drivers/STM32F1xx_HAL_Driver/Inc/Legacy -I../Drivers/CMSIS/Device/ST/STM32F1xx/Include -I../Drivers/CMSIS/Include -I../Middlewares/Third_Party/FreeRTOS/Source/include -I../Middlewares/Third_Party/FreeRTOS/Source/CMSIS_RTOS_V2 -I../Middlewares/Third_Party/FreeRTOS/Source/portable/GCC/ARM_CM3 -O0 -ffunction-sections -fdata-sections -Wall -fstack-usage -fcyclomatic-complexity -MMD -MP -MF"Core/Src/stm32f1xx_hal_timebase_tim.d" -MT"Core/Src/stm32f1xx_hal_timebase_tim.o" --specs=nano.specs -mfloat-abi=soft -mthumb -o "Core/Src/stm32f1xx_hal_timebase_tim.o"
arm-none-eabi-gcc "../Core/Src/stm32f1xx_it.c" -mcpu=cortex-m3 -std=gnu11 -g3 -DDEBUG -DUSE_HAL_DRIVER -DSTM32F103xB -c -I../Core/Inc -I../Drivers/STM32F1xx_HAL_Driver/Inc -I../Drivers/STM32F1xx_HAL_Driver/Inc/Legacy -I../Drivers/CMSIS/Device/ST/STM32F1xx/Include -I../Drivers/CMSIS/Include -I../Middlewares/Third_Party/FreeRTOS/Source/include -I../Middlewares/Third_Party/FreeRTOS/Source/CMSIS_RTOS_V2 -I../Middlewares/Third_Party/FreeRTOS/Source/portable/GCC/ARM_CM3 -O0 -ffunction-sections -fdata-sections -Wall -fstack-usage -fcyclomatic-complexity -MMD -MP -MF"Core/Src/stm32f1xx_it.d" -MT"Core/Src/stm32f1xx_it.o" --specs=nano.specs -mfloat-abi=soft -mthumb -o "Core/Src/stm32f1xx_it.o"
arm-none-eabi-gcc "../Core/Src/syscalls.c" -mcpu=cortex-m3 -std=gnu11 -g3 -DDEBUG -DUSE_HAL_DRIVER -DSTM32F103xB -c -I../Core/Inc -I../Drivers/STM32F1xx_HAL_Driver/Inc -I../Drivers/STM32F1xx_HAL_Driver/Inc/Legacy -I../Drivers/CMSIS/Device/ST/STM32F1xx/Include -I../Drivers/CMSIS/Include -I../Middlewares/Third_Party/FreeRTOS/Source/include -I../Middlewares/Third_Party/FreeRTOS/Source/CMSIS_RTOS_V2 -I../Middlewares/Third_Party/FreeRTOS/Source/portable/GCC/ARM_CM3 -O0 -ffunction-sections -fdata-sections -Wall -fstack-usage -fcyclomatic-complexity -MMD -MP -MF"Core/Src/syscalls.d" -MT"Core/Src/syscalls.o" --specs=nano.specs -mfloat-abi=soft -mthumb -o "Core/Src/syscalls.o"
arm-none-eabi-gcc "../Core/Src/sysmem.c" -mcpu=cortex-m3 -std=gnu11 -g3 -DDEBUG -DUSE_HAL_DRIVER -DSTM32F103xB -c -I../Core/Inc -I../Drivers/STM32F1xx_HAL_Driver/Inc -I../Drivers/STM32F1xx_HAL_Driver/Inc/Legacy -I../Drivers/CMSIS/Device/ST/STM32F1xx/Include -I../Drivers/CMSIS/Include -I../Middlewares/Third_Party/FreeRTOS/Source/include -I../Middlewares/Third_Party/FreeRTOS/Source/CMSIS_RTOS_V2 -I../Middlewares/Third_Party/FreeRTOS/Source/portable/GCC/ARM_CM3 -O0 -ffunction-sections -fdata-sections -Wall -fstack-usage -fcyclomatic-complexity -MMD -MP -MF"Core/Src/sysmem.d" -MT"Core/Src/sysmem.o" --specs=nano.specs -mfloat-abi=soft -mthumb -o "Core/Src/sysmem.o"
arm-none-eabi-gcc "../Core/Src/system_stm32f1xx.c" -mcpu=cortex-m3 -std=gnu11 -g3 -DDEBUG -DUSE_HAL_DRIVER -DSTM32F103xB -c -I../Core/Inc -I../Drivers/STM32F1xx_HAL_Driver/Inc -I../Drivers/STM32F1xx_HAL_Driver/Inc/Legacy -I../Drivers/CMSIS/Device/ST/STM32F1xx/Include -I../Drivers/CMSIS/Include -I../Middlewares/Third_Party/FreeRTOS/Source/include -I../Middlewares/Third_Party/FreeRTOS/Source/CMSIS_RTOS_V2 -I../Middlewares/Third_Party/FreeRTOS/Source/portable/GCC/ARM_CM3 -O0 -ffunction-sections -fdata-sections -Wall -fstack-usage -fcyclomatic-complexity -MMD -MP -MF"Core/Src/system_stm32f1xx.d" -MT"Core/Src/system_stm32f1xx.o" --specs=nano.specs -mfloat-abi=soft -mthumb -o "Core/Src/system_stm32f1xx.o"
arm-none-eabi-gcc -o "STM32F103_FreeRTOS_CMSIS_Template.elf" @"objects.list"   -mcpu=cortex-m3 -T"D:\STM32\STM32F103_FreeRTOS_CMSIS\STM32F103_FreeRTOS_CMSIS_Template\STM32F103RBTX_FLASH.ld" --specs=nosys.specs -Wl,-Map="STM32F103_FreeRTOS_CMSIS_Template.map" -Wl,--gc-sections -static --specs=nano.specs -mfloat-abi=soft -mthumb -Wl,--start-group -lc -lm -Wl,--end-group
Finished building target: STM32F103_FreeRTOS_CMSIS_Template.elf
 
arm-none-eabi-size  STM32F103_FreeRTOS_CMSIS_Template.elf 
arm-none-eabi-objdump -h -S STM32F103_FreeRTOS_CMSIS_Template.elf  > "STM32F103_FreeRTOS_CMSIS_Template.list"
   text	   data	    bss	    dec	    hex	filename
  18580	     96	   8672	  27348	   6ad4	STM32F103_FreeRTOS_CMSIS_Template.elf
Finished building: default.size.stdout
 
Finished building: STM32F103_FreeRTOS_CMSIS_Template.list
 
22:35:46 **** Incremental Build of configuration Debug for project STM32F103_FreeRTOS_CMSIS_Template ****
make -j8 all 
arm-none-eabi-size  STM32F103_FreeRTOS_CMSIS_Template.elf 
   text	   data	    bss	    dec	    hex	filename
  18580	     96	   8672	  27348	   6ad4	STM32F103_FreeRTOS_CMSIS_Template.elf
Finished building: default.size.stdout
 
15:47:50 **** Incremental Build of configuration Debug for project STM32F103_FreeRTOS_CMSIS_Template ****
make -j8 all 
arm-none-eabi-gcc "../Core/Src/main.c" -mcpu=cortex-m3 -std=gnu11 -g3 -DDEBUG -DUSE_HAL_DRIVER -DSTM32F103xB -c -I../Core/Inc -I../Drivers/STM32F1xx_HAL_Driver/Inc -I../Drivers/STM32F1xx_HAL_Driver/Inc/Legacy -I../Drivers/CMSIS/Device/ST/STM32F1xx/Include -I../Drivers/CMSIS/Include -I../Middlewares/Third_Party/FreeRTOS/Source/include -I../Middlewares/Third_Party/FreeRTOS/Source/CMSIS_RTOS_V2 -I../Middlewares/Third_Party/FreeRTOS/Source/portable/GCC/ARM_CM3 -O0 -ffunction-sections -fdata-sections -Wall -fstack-usage -fcyclomatic-complexity -MMD -MP -MF"Core/Src/main.d" -MT"Core/Src/main.o" --specs=nano.specs -mfloat-abi=soft -mthumb -o "Core/Src/main.o"
arm-none-eabi-gcc -o "STM32F103_FreeRTOS_CMSIS_Template.elf" @"objects.list"   -mcpu=cortex-m3 -T"D:\STM32\STM32F103_FreeRTOS_CMSIS\STM32F103_FreeRTOS_CMSIS_Template\STM32F103RBTX_FLASH.ld" --specs=nosys.specs -Wl,-Map="STM32F103_FreeRTOS_CMSIS_Template.map" -Wl,--gc-sections -static --specs=nano.specs -mfloat-abi=soft -mthumb -Wl,--start-group -lc -lm -Wl,--end-group
Finished building target: STM32F103_FreeRTOS_CMSIS_Template.elf
 
arm-none-eabi-size  STM32F103_FreeRTOS_CMSIS_Template.elf 
arm-none-eabi-objdump -h -S STM32F103_FreeRTOS_CMSIS_Template.elf  > "STM32F103_FreeRTOS_CMSIS_Template.list"
   text	   data	    bss	    dec	    hex	filename
  18684	     96	   8672	  27452	   6b3c	STM32F103_FreeRTOS_CMSIS_Template.elf
Finished building: default.size.stdout
 
Finished building: STM32F103_FreeRTOS_CMSIS_Template.list
 
15:49:19 **** Incremental Build of configuration Debug for project STM32F103_FreeRTOS_CMSIS_Template ****
make -j8 all 
arm-none-eabi-gcc "../Core/Src/main.c" -mcpu=cortex-m3 -std=gnu11 -g3 -DDEBUG -DUSE_HAL_DRIVER -DSTM32F103xB -c -I../Core/Inc -I../Drivers/STM32F1xx_HAL_Driver/Inc -I../Drivers/STM32F1xx_HAL_Driver/Inc/Legacy -I../Drivers/CMSIS/Device/ST/STM32F1xx/Include -I../Drivers/CMSIS/Include -I../Middlewares/Third_Party/FreeRTOS/Source/include -I../Middlewares/Third_Party/FreeRTOS/Source/CMSIS_RTOS_V2 -I../Middlewares/Third_Party/FreeRTOS/Source/portable/GCC/ARM_CM3 -O0 -ffunction-sections -fdata-sections -Wall -fstack-usage -fcyclomatic-complexity -MMD -MP -MF"Core/Src/main.d" -MT"Core/Src/main.o" --specs=nano.specs -mfloat-abi=soft -mthumb -o "Core/Src/main.o"
arm-none-eabi-gcc -o "STM32F103_FreeRTOS_CMSIS_Template.elf" @"objects.list"   -mcpu=cortex-m3 -T"D:\STM32\STM32F103_FreeRTOS_CMSIS\STM32F103_FreeRTOS_CMSIS_Template\STM32F103RBTX_FLASH.ld" --specs=nosys.specs -Wl,-Map="STM32F103_FreeRTOS_CMSIS_Template.map" -Wl,--gc-sections -static --specs=nano.specs -mfloat-abi=soft -mthumb -Wl,--start-group -lc -lm -Wl,--end-group
Finished building target: STM32F103_FreeRTOS_CMSIS_Template.elf
 
arm-none-eabi-size  STM32F103_FreeRTOS_CMSIS_Template.elf 
arm-none-eabi-objdump -h -S STM32F103_FreeRTOS_CMSIS_Template.elf  > "STM32F103_FreeRTOS_CMSIS_Template.list"
   text	   data	    bss	    dec	    hex	filename
  18684	     96	   8672	  27452	   6b3c	STM32F103_FreeRTOS_CMSIS_Template.elf
Finished building: default.size.stdout
 
Finished building: STM32F103_FreeRTOS_CMSIS_Template.list
 
15:50:13 **** Incremental Build of configuration Debug for project STM32F103_FreeRTOS_CMSIS_Template ****
make -j8 all 
arm-none-eabi-gcc "../Core/Src/main.c" -mcpu=cortex-m3 -std=gnu11 -g3 -DDEBUG -DUSE_HAL_DRIVER -DSTM32F103xB -c -I../Core/Inc -I../Drivers/STM32F1xx_HAL_Driver/Inc -I../Drivers/STM32F1xx_HAL_Driver/Inc/Legacy -I../Drivers/CMSIS/Device/ST/STM32F1xx/Include -I../Drivers/CMSIS/Include -I../Middlewares/Third_Party/FreeRTOS/Source/include -I../Middlewares/Third_Party/FreeRTOS/Source/CMSIS_RTOS_V2 -I../Middlewares/Third_Party/FreeRTOS/Source/portable/GCC/ARM_CM3 -O0 -ffunction-sections -fdata-sections -Wall -fstack-usage -fcyclomatic-complexity -MMD -MP -MF"Core/Src/main.d" -MT"Core/Src/main.o" --specs=nano.specs -mfloat-abi=soft -mthumb -o "Core/Src/main.o"
arm-none-eabi-gcc -o "STM32F103_FreeRTOS_CMSIS_Template.elf" @"objects.list"   -mcpu=cortex-m3 -T"D:\STM32\STM32F103_FreeRTOS_CMSIS\STM32F103_FreeRTOS_CMSIS_Template\STM32F103RBTX_FLASH.ld" --specs=nosys.specs -Wl,-Map="STM32F103_FreeRTOS_CMSIS_Template.map" -Wl,--gc-sections -static --specs=nano.specs -mfloat-abi=soft -mthumb -Wl,--start-group -lc -lm -Wl,--end-group
Finished building target: STM32F103_FreeRTOS_CMSIS_Template.elf
 
arm-none-eabi-size  STM32F103_FreeRTOS_CMSIS_Template.elf 
arm-none-eabi-objdump -h -S STM32F103_FreeRTOS_CMSIS_Template.elf  > "STM32F103_FreeRTOS_CMSIS_Template.list"
   text	   data	    bss	    dec	    hex	filename
  18588	     96	   8672	  27356	   6adc	STM32F103_FreeRTOS_CMSIS_Template.elf
Finished building: default.size.stdout
 
Finished building: STM32F103_FreeRTOS_CMSIS_Template.list
 
15:50:18 **** Incremental Build of configuration Debug for project STM32F103_FreeRTOS_CMSIS_Template ****
make -j8 all 
arm-none-eabi-size  STM32F103_FreeRTOS_CMSIS_Template.elf 
   text	   data	    bss	    dec	    hex	filename
  18588	     96	   8672	  27356	   6adc	STM32F103_FreeRTOS_CMSIS_Template.elf
Finished building: default.size.stdout
 
15:52:19 **** Incremental Build of configuration Debug for project STM32F103_FreeRTOS_CMSIS_Template ****
make -j8 all 
arm-none-eabi-gcc "../Core/Src/main.c" -mcpu=cortex-m3 -std=gnu11 -g3 -DDEBUG -DUSE_HAL_DRIVER -DSTM32F103xB -c -I../Core/Inc -I../Drivers/STM32F1xx_HAL_Driver/Inc -I../Drivers/STM32F1xx_HAL_Driver/Inc/Legacy -I../Drivers/CMSIS/Device/ST/STM32F1xx/Include -I../Drivers/CMSIS/Include -I../Middlewares/Third_Party/FreeRTOS/Source/include -I../Middlewares/Third_Party/FreeRTOS/Source/CMSIS_RTOS_V2 -I../Middlewares/Third_Party/FreeRTOS/Source/portable/GCC/ARM_CM3 -O0 -ffunction-sections -fdata-sections -Wall -fstack-usage -fcyclomatic-complexity -MMD -MP -MF"Core/Src/main.d" -MT"Core/Src/main.o" --specs=nano.specs -mfloat-abi=soft -mthumb -o "Core/Src/main.o"
arm-none-eabi-gcc -o "STM32F103_FreeRTOS_CMSIS_Template.elf" @"objects.list"   -mcpu=cortex-m3 -T"D:\STM32\STM32F103_FreeRTOS_CMSIS\STM32F103_FreeRTOS_CMSIS_Template\STM32F103RBTX_FLASH.ld" --specs=nosys.specs -Wl,-Map="STM32F103_FreeRTOS_CMSIS_Template.map" -Wl,--gc-sections -static --specs=nano.specs -mfloat-abi=soft -mthumb -Wl,--start-group -lc -lm -Wl,--end-group
Finished building target: STM32F103_FreeRTOS_CMSIS_Template.elf
 
arm-none-eabi-size  STM32F103_FreeRTOS_CMSIS_Template.elf 
arm-none-eabi-objdump -h -S STM32F103_FreeRTOS_CMSIS_Template.elf  > "STM32F103_FreeRTOS_CMSIS_Template.list"
   text	   data	    bss	    dec	    hex	filename
  18588	     96	   8672	  27356	   6adc	STM32F103_FreeRTOS_CMSIS_Template.elf
Finished building: default.size.stdout
 
Finished building: STM32F103_FreeRTOS_CMSIS_Template.list
 
15:54:14 **** Incremental Build of configuration Debug for project STM32F103_FreeRTOS_CMSIS_Template ****
make -j8 all 
arm-none-eabi-gcc "../Core/Src/main.c" -mcpu=cortex-m3 -std=gnu11 -g3 -DDEBUG -DUSE_HAL_DRIVER -DSTM32F103xB -c -I../Core/Inc -I../Drivers/STM32F1xx_HAL_Driver/Inc -I../Drivers/STM32F1xx_HAL_Driver/Inc/Legacy -I../Drivers/CMSIS/Device/ST/STM32F1xx/Include -I../Drivers/CMSIS/Include -I../Middlewares/Third_Party/FreeRTOS/Source/include -I../Middlewares/Third_Party/FreeRTOS/Source/CMSIS_RTOS_V2 -I../Middlewares/Third_Party/FreeRTOS/Source/portable/GCC/ARM_CM3 -O0 -ffunction-sections -fdata-sections -Wall -fstack-usage -fcyclomatic-complexity -MMD -MP -MF"Core/Src/main.d" -MT"Core/Src/main.o" --specs=nano.specs -mfloat-abi=soft -mthumb -o "Core/Src/main.o"
arm-none-eabi-gcc -o "STM32F103_FreeRTOS_CMSIS_Template.elf" @"objects.list"   -mcpu=cortex-m3 -T"D:\STM32\STM32F103_FreeRTOS_CMSIS\STM32F103_FreeRTOS_CMSIS_Template\STM32F103RBTX_FLASH.ld" --specs=nosys.specs -Wl,-Map="STM32F103_FreeRTOS_CMSIS_Template.map" -Wl,--gc-sections -static --specs=nano.specs -mfloat-abi=soft -mthumb -Wl,--start-group -lc -lm -Wl,--end-group
Finished building target: STM32F103_FreeRTOS_CMSIS_Template.elf
 
arm-none-eabi-size  STM32F103_FreeRTOS_CMSIS_Template.elf 
arm-none-eabi-objdump -h -S STM32F103_FreeRTOS_CMSIS_Template.elf  > "STM32F103_FreeRTOS_CMSIS_Template.list"
   text	   data	    bss	    dec	    hex	filename
  18588	     96	   8672	  27356	   6adc	STM32F103_FreeRTOS_CMSIS_Template.elf
Finished building: default.size.stdout
 
Finished building: STM32F103_FreeRTOS_CMSIS_Template.list
 
15:55:18 **** Incremental Build of configuration Debug for project STM32F103_FreeRTOS_CMSIS_Template ****
make -j8 all 
arm-none-eabi-gcc "../Core/Src/main.c" -mcpu=cortex-m3 -std=gnu11 -g3 -DDEBUG -DUSE_HAL_DRIVER -DSTM32F103xB -c -I../Core/Inc -I../Drivers/STM32F1xx_HAL_Driver/Inc -I../Drivers/STM32F1xx_HAL_Driver/Inc/Legacy -I../Drivers/CMSIS/Device/ST/STM32F1xx/Include -I../Drivers/CMSIS/Include -I../Middlewares/Third_Party/FreeRTOS/Source/include -I../Middlewares/Third_Party/FreeRTOS/Source/CMSIS_RTOS_V2 -I../Middlewares/Third_Party/FreeRTOS/Source/portable/GCC/ARM_CM3 -O0 -ffunction-sections -fdata-sections -Wall -fstack-usage -fcyclomatic-complexity -MMD -MP -MF"Core/Src/main.d" -MT"Core/Src/main.o" --specs=nano.specs -mfloat-abi=soft -mthumb -o "Core/Src/main.o"
arm-none-eabi-gcc -o "STM32F103_FreeRTOS_CMSIS_Template.elf" @"objects.list"   -mcpu=cortex-m3 -T"D:\STM32\STM32F103_FreeRTOS_CMSIS\STM32F103_FreeRTOS_CMSIS_Template\STM32F103RBTX_FLASH.ld" --specs=nosys.specs -Wl,-Map="STM32F103_FreeRTOS_CMSIS_Template.map" -Wl,--gc-sections -static --specs=nano.specs -mfloat-abi=soft -mthumb -Wl,--start-group -lc -lm -Wl,--end-group
Finished building target: STM32F103_FreeRTOS_CMSIS_Template.elf
 
arm-none-eabi-size  STM32F103_FreeRTOS_CMSIS_Template.elf 
arm-none-eabi-objdump -h -S STM32F103_FreeRTOS_CMSIS_Template.elf  > "STM32F103_FreeRTOS_CMSIS_Template.list"
   text	   data	    bss	    dec	    hex	filename
  18588	     96	   8672	  27356	   6adc	STM32F103_FreeRTOS_CMSIS_Template.elf
Finished building: default.size.stdout
 
Finished building: STM32F103_FreeRTOS_CMSIS_Template.list
 
15:58:30 **** Incremental Build of configuration Debug for project STM32F103_FreeRTOS_CMSIS_Template ****
make -j8 all 
arm-none-eabi-gcc "../Core/Src/main.c" -mcpu=cortex-m3 -std=gnu11 -g3 -DDEBUG -DUSE_HAL_DRIVER -DSTM32F103xB -c -I../Core/Inc -I../Drivers/STM32F1xx_HAL_Driver/Inc -I../Drivers/STM32F1xx_HAL_Driver/Inc/Legacy -I../Drivers/CMSIS/Device/ST/STM32F1xx/Include -I../Drivers/CMSIS/Include -I../Middlewares/Third_Party/FreeRTOS/Source/include -I../Middlewares/Third_Party/FreeRTOS/Source/CMSIS_RTOS_V2 -I../Middlewares/Third_Party/FreeRTOS/Source/portable/GCC/ARM_CM3 -O0 -ffunction-sections -fdata-sections -Wall -fstack-usage -fcyclomatic-complexity -MMD -MP -MF"Core/Src/main.d" -MT"Core/Src/main.o" --specs=nano.specs -mfloat-abi=soft -mthumb -o "Core/Src/main.o"
arm-none-eabi-gcc -o "STM32F103_FreeRTOS_CMSIS_Template.elf" @"objects.list"   -mcpu=cortex-m3 -T"D:\STM32\STM32F103_FreeRTOS_CMSIS\STM32F103_FreeRTOS_CMSIS_Template\STM32F103RBTX_FLASH.ld" --specs=nosys.specs -Wl,-Map="STM32F103_FreeRTOS_CMSIS_Template.map" -Wl,--gc-sections -static --specs=nano.specs -mfloat-abi=soft -mthumb -Wl,--start-group -lc -lm -Wl,--end-group
Finished building target: STM32F103_FreeRTOS_CMSIS_Template.elf
 
arm-none-eabi-size  STM32F103_FreeRTOS_CMSIS_Template.elf 
arm-none-eabi-objdump -h -S STM32F103_FreeRTOS_CMSIS_Template.elf  > "STM32F103_FreeRTOS_CMSIS_Template.list"
   text	   data	    bss	    dec	    hex	filename
  18652	     96	   8672	  27420	   6b1c	STM32F103_FreeRTOS_CMSIS_Template.elf
Finished building: default.size.stdout
 
Finished building: STM32F103_FreeRTOS_CMSIS_Template.list
 
15:59:03 **** Incremental Build of configuration Debug for project STM32F103_FreeRTOS_CMSIS_Template ****
make -j8 all 
arm-none-eabi-gcc "../Core/Src/main.c" -mcpu=cortex-m3 -std=gnu11 -g3 -DDEBUG -DUSE_HAL_DRIVER -DSTM32F103xB -c -I../Core/Inc -I../Drivers/STM32F1xx_HAL_Driver/Inc -I../Drivers/STM32F1xx_HAL_Driver/Inc/Legacy -I../Drivers/CMSIS/Device/ST/STM32F1xx/Include -I../Drivers/CMSIS/Include -I../Middlewares/Third_Party/FreeRTOS/Source/include -I../Middlewares/Third_Party/FreeRTOS/Source/CMSIS_RTOS_V2 -I../Middlewares/Third_Party/FreeRTOS/Source/portable/GCC/ARM_CM3 -O0 -ffunction-sections -fdata-sections -Wall -fstack-usage -fcyclomatic-complexity -MMD -MP -MF"Core/Src/main.d" -MT"Core/Src/main.o" --specs=nano.specs -mfloat-abi=soft -mthumb -o "Core/Src/main.o"
arm-none-eabi-gcc -o "STM32F103_FreeRTOS_CMSIS_Template.elf" @"objects.list"   -mcpu=cortex-m3 -T"D:\STM32\STM32F103_FreeRTOS_CMSIS\STM32F103_FreeRTOS_CMSIS_Template\STM32F103RBTX_FLASH.ld" --specs=nosys.specs -Wl,-Map="STM32F103_FreeRTOS_CMSIS_Template.map" -Wl,--gc-sections -static --specs=nano.specs -mfloat-abi=soft -mthumb -Wl,--start-group -lc -lm -Wl,--end-group
Finished building target: STM32F103_FreeRTOS_CMSIS_Template.elf
 
arm-none-eabi-size  STM32F103_FreeRTOS_CMSIS_Template.elf 
arm-none-eabi-objdump -h -S STM32F103_FreeRTOS_CMSIS_Template.elf  > "STM32F103_FreeRTOS_CMSIS_Template.list"
   text	   data	    bss	    dec	    hex	filename
  18652	     96	   8672	  27420	   6b1c	STM32F103_FreeRTOS_CMSIS_Template.elf
Finished building: default.size.stdout
 
Finished building: STM32F103_FreeRTOS_CMSIS_Template.list
 
16:00:09 **** Incremental Build of configuration Debug for project STM32F103_FreeRTOS_CMSIS_Template ****
make -j8 all 
arm-none-eabi-gcc "../Core/Src/main.c" -mcpu=cortex-m3 -std=gnu11 -g3 -DDEBUG -DUSE_HAL_DRIVER -DSTM32F103xB -c -I../Core/Inc -I../Drivers/STM32F1xx_HAL_Driver/Inc -I../Drivers/STM32F1xx_HAL_Driver/Inc/Legacy -I../Drivers/CMSIS/Device/ST/STM32F1xx/Include -I../Drivers/CMSIS/Include -I../Middlewares/Third_Party/FreeRTOS/Source/include -I../Middlewares/Third_Party/FreeRTOS/Source/CMSIS_RTOS_V2 -I../Middlewares/Third_Party/FreeRTOS/Source/portable/GCC/ARM_CM3 -O0 -ffunction-sections -fdata-sections -Wall -fstack-usage -fcyclomatic-complexity -MMD -MP -MF"Core/Src/main.d" -MT"Core/Src/main.o" --specs=nano.specs -mfloat-abi=soft -mthumb -o "Core/Src/main.o"
arm-none-eabi-gcc -o "STM32F103_FreeRTOS_CMSIS_Template.elf" @"objects.list"   -mcpu=cortex-m3 -T"D:\STM32\STM32F103_FreeRTOS_CMSIS\STM32F103_FreeRTOS_CMSIS_Template\STM32F103RBTX_FLASH.ld" --specs=nosys.specs -Wl,-Map="STM32F103_FreeRTOS_CMSIS_Template.map" -Wl,--gc-sections -static --specs=nano.specs -mfloat-abi=soft -mthumb -Wl,--start-group -lc -lm -Wl,--end-group
Finished building target: STM32F103_FreeRTOS_CMSIS_Template.elf
 
arm-none-eabi-size  STM32F103_FreeRTOS_CMSIS_Template.elf 
arm-none-eabi-objdump -h -S STM32F103_FreeRTOS_CMSIS_Template.elf  > "STM32F103_FreeRTOS_CMSIS_Template.list"
   text	   data	    bss	    dec	    hex	filename
  18652	     96	   8672	  27420	   6b1c	STM32F103_FreeRTOS_CMSIS_Template.elf
Finished building: default.size.stdout
 
Finished building: STM32F103_FreeRTOS_CMSIS_Template.list
 
16:00:55 **** Incremental Build of configuration Debug for project STM32F103_FreeRTOS_CMSIS_Template ****
make -j8 all 
arm-none-eabi-size  STM32F103_FreeRTOS_CMSIS_Template.elf 
   text	   data	    bss	    dec	    hex	filename
  18652	     96	   8672	  27420	   6b1c	STM32F103_FreeRTOS_CMSIS_Template.elf
Finished building: default.size.stdout
 
16:14:16 **** Incremental Build of configuration Debug for project STM32F103_FreeRTOS_CMSIS_Template ****
make -j8 all 
arm-none-eabi-gcc "../Core/Src/main.c" -mcpu=cortex-m3 -std=gnu11 -g3 -DDEBUG -DUSE_HAL_DRIVER -DSTM32F103xB -c -I../Core/Inc -I../Drivers/STM32F1xx_HAL_Driver/Inc -I../Drivers/STM32F1xx_HAL_Driver/Inc/Legacy -I../Drivers/CMSIS/Device/ST/STM32F1xx/Include -I../Drivers/CMSIS/Include -I../Middlewares/Third_Party/FreeRTOS/Source/include -I../Middlewares/Third_Party/FreeRTOS/Source/CMSIS_RTOS_V2 -I../Middlewares/Third_Party/FreeRTOS/Source/portable/GCC/ARM_CM3 -O0 -ffunction-sections -fdata-sections -Wall -fstack-usage -fcyclomatic-complexity -MMD -MP -MF"Core/Src/main.d" -MT"Core/Src/main.o" --specs=nano.specs -mfloat-abi=soft -mthumb -o "Core/Src/main.o"
arm-none-eabi-gcc -o "STM32F103_FreeRTOS_CMSIS_Template.elf" @"objects.list"   -mcpu=cortex-m3 -T"D:\STM32\STM32F103_FreeRTOS_CMSIS\STM32F103_FreeRTOS_CMSIS_Template\STM32F103RBTX_FLASH.ld" --specs=nosys.specs -Wl,-Map="STM32F103_FreeRTOS_CMSIS_Template.map" -Wl,--gc-sections -static --specs=nano.specs -mfloat-abi=soft -mthumb -Wl,--start-group -lc -lm -Wl,--end-group
Finished building target: STM32F103_FreeRTOS_CMSIS_Template.elf
 
arm-none-eabi-size  STM32F103_FreeRTOS_CMSIS_Template.elf 
arm-none-eabi-objdump -h -S STM32F103_FreeRTOS_CMSIS_Template.elf  > "STM32F103_FreeRTOS_CMSIS_Template.list"
   text	   data	    bss	    dec	    hex	filename
  18652	     96	   8672	  27420	   6b1c	STM32F103_FreeRTOS_CMSIS_Template.elf
Finished building: default.size.stdout
 
Finished building: STM32F103_FreeRTOS_CMSIS_Template.list
 
16:14:25 **** Incremental Build of configuration Debug for project STM32F103_FreeRTOS_CMSIS_Template ****
make -j8 all 
arm-none-eabi-size  STM32F103_FreeRTOS_CMSIS_Template.elf 
   text	   data	    bss	    dec	    hex	filename
  18652	     96	   8672	  27420	   6b1c	STM32F103_FreeRTOS_CMSIS_Template.elf
Finished building: default.size.stdout
 
16:30:16 **** Incremental Build of configuration Debug for project STM32F103_FreeRTOS_CMSIS_Template ****
make -j8 all 
arm-none-eabi-gcc "../Core/Src/main.c" -mcpu=cortex-m3 -std=gnu11 -g3 -DDEBUG -DUSE_HAL_DRIVER -DSTM32F103xB -c -I../Core/Inc -I../Drivers/STM32F1xx_HAL_Driver/Inc -I../Drivers/STM32F1xx_HAL_Driver/Inc/Legacy -I../Drivers/CMSIS/Device/ST/STM32F1xx/Include -I../Drivers/CMSIS/Include -I../Middlewares/Third_Party/FreeRTOS/Source/include -I../Middlewares/Third_Party/FreeRTOS/Source/CMSIS_RTOS_V2 -I../Middlewares/Third_Party/FreeRTOS/Source/portable/GCC/ARM_CM3 -O0 -ffunction-sections -fdata-sections -Wall -fstack-usage -fcyclomatic-complexity -MMD -MP -MF"Core/Src/main.d" -MT"Core/Src/main.o" --specs=nano.specs -mfloat-abi=soft -mthumb -o "Core/Src/main.o"
arm-none-eabi-gcc -o "STM32F103_FreeRTOS_CMSIS_Template.elf" @"objects.list"   -mcpu=cortex-m3 -T"D:\STM32\STM32F103_FreeRTOS_CMSIS\STM32F103_FreeRTOS_CMSIS_Template\STM32F103RBTX_FLASH.ld" --specs=nosys.specs -Wl,-Map="STM32F103_FreeRTOS_CMSIS_Template.map" -Wl,--gc-sections -static --specs=nano.specs -mfloat-abi=soft -mthumb -Wl,--start-group -lc -lm -Wl,--end-group
Finished building target: STM32F103_FreeRTOS_CMSIS_Template.elf
 
arm-none-eabi-size  STM32F103_FreeRTOS_CMSIS_Template.elf 
arm-none-eabi-objdump -h -S STM32F103_FreeRTOS_CMSIS_Template.elf  > "STM32F103_FreeRTOS_CMSIS_Template.list"
   text	   data	    bss	    dec	    hex	filename
  19020	     96	   8672	  27788	   6c8c	STM32F103_FreeRTOS_CMSIS_Template.elf
Finished building: default.size.stdout
 
Finished building: STM32F103_FreeRTOS_CMSIS_Template.list
 
16:31:53 **** Incremental Build of configuration Debug for project STM32F103_FreeRTOS_CMSIS_Template ****
make -j8 all 
arm-none-eabi-gcc "../Core/Src/main.c" -mcpu=cortex-m3 -std=gnu11 -g3 -DDEBUG -DUSE_HAL_DRIVER -DSTM32F103xB -c -I../Core/Inc -I../Drivers/STM32F1xx_HAL_Driver/Inc -I../Drivers/STM32F1xx_HAL_Driver/Inc/Legacy -I../Drivers/CMSIS/Device/ST/STM32F1xx/Include -I../Drivers/CMSIS/Include -I../Middlewares/Third_Party/FreeRTOS/Source/include -I../Middlewares/Third_Party/FreeRTOS/Source/CMSIS_RTOS_V2 -I../Middlewares/Third_Party/FreeRTOS/Source/portable/GCC/ARM_CM3 -O0 -ffunction-sections -fdata-sections -Wall -fstack-usage -fcyclomatic-complexity -MMD -MP -MF"Core/Src/main.d" -MT"Core/Src/main.o" --specs=nano.specs -mfloat-abi=soft -mthumb -o "Core/Src/main.o"
arm-none-eabi-gcc -o "STM32F103_FreeRTOS_CMSIS_Template.elf" @"objects.list"   -mcpu=cortex-m3 -T"D:\STM32\STM32F103_FreeRTOS_CMSIS\STM32F103_FreeRTOS_CMSIS_Template\STM32F103RBTX_FLASH.ld" --specs=nosys.specs -Wl,-Map="STM32F103_FreeRTOS_CMSIS_Template.map" -Wl,--gc-sections -static --specs=nano.specs -mfloat-abi=soft -mthumb -Wl,--start-group -lc -lm -Wl,--end-group
Finished building target: STM32F103_FreeRTOS_CMSIS_Template.elf
 
arm-none-eabi-size  STM32F103_FreeRTOS_CMSIS_Template.elf 
arm-none-eabi-objdump -h -S STM32F103_FreeRTOS_CMSIS_Template.elf  > "STM32F103_FreeRTOS_CMSIS_Template.list"
   text	   data	    bss	    dec	    hex	filename
  19020	     96	   8672	  27788	   6c8c	STM32F103_FreeRTOS_CMSIS_Template.elf
Finished building: default.size.stdout
 
Finished building: STM32F103_FreeRTOS_CMSIS_Template.list
 
20:28:49 **** Incremental Build of configuration Debug for project STM32F103_FreeRTOS_CMSIS_Template ****
make -j8 all 
arm-none-eabi-gcc "../Core/Src/main.c" -mcpu=cortex-m3 -std=gnu11 -g3 -DDEBUG -DUSE_HAL_DRIVER -DSTM32F103xB -c -I../Core/Inc -I../Drivers/STM32F1xx_HAL_Driver/Inc -I../Drivers/STM32F1xx_HAL_Driver/Inc/Legacy -I../Drivers/CMSIS/Device/ST/STM32F1xx/Include -I../Drivers/CMSIS/Include -I../Middlewares/Third_Party/FreeRTOS/Source/include -I../Middlewares/Third_Party/FreeRTOS/Source/CMSIS_RTOS_V2 -I../Middlewares/Third_Party/FreeRTOS/Source/portable/GCC/ARM_CM3 -O0 -ffunction-sections -fdata-sections -Wall -fstack-usage -fcyclomatic-complexity -MMD -MP -MF"Core/Src/main.d" -MT"Core/Src/main.o" --specs=nano.specs -mfloat-abi=soft -mthumb -o "Core/Src/main.o"
../Core/Src/main.c:268:6: error: conflicting types for 'TaskAction'; have 'void(char *)'
  268 | void TaskAction(char* m) {
      |      ^~~~~~~~~~
../Core/Src/main.c:64:6: note: previous declaration of 'TaskAction' with type 'void(char)'
   64 | void TaskAction(char m);
      |      ^~~~~~~~~~
../Core/Src/main.c: In function 'StartTask1':
../Core/Src/main.c:286:9: warning: implicit declaration of function 'printf' [-Wimplicit-function-declaration]
  286 |         printf("test: %d", osThreadGetStackSpace(myTask1Handle));
      |         ^~~~~~
../Core/Src/main.c:26:1: note: include '<stdio.h>' or provide a declaration of 'printf'
   25 | #include <string.h>
  +++ |+#include <stdio.h>
   26 | /* USER CODE END Includes */
../Core/Src/main.c:286:9: warning: incompatible implicit declaration of built-in function 'printf' [-Wbuiltin-declaration-mismatch]
  286 |         printf("test: %d", osThreadGetStackSpace(myTask1Handle));
      |         ^~~~~~
../Core/Src/main.c:286:9: note: include '<stdio.h>' or provide a declaration of 'printf'
../Core/Src/main.c:286:24: warning: format '%d' expects argument of type 'int', but argument 2 has type 'uint32_t' {aka 'long unsigned int'} [-Wformat=]
  286 |         printf("test: %d", osThreadGetStackSpace(myTask1Handle));
      |                       ~^   ~~~~~~~~~~~~~~~~~~~~~~~~~~~~~~~~~~~~
      |                        |   |
      |                        int uint32_t {aka long unsigned int}
      |                       %ld
../Core/Src/main.c:293:22: warning: passing argument 1 of 'TaskAction' makes pointer from integer without a cast [-Wint-conversion]
  293 |           TaskAction('1');
      |                      ^~~
      |                      |
      |                      int
../Core/Src/main.c:268:23: note: expected 'char *' but argument is of type 'int'
  268 | void TaskAction(char* m) {
      |                 ~~~~~~^
../Core/Src/main.c:288:22: warning: unused variable 'task2Priority' [-Wunused-variable]
  288 |         osPriority_t task2Priority = osPriorityNormal1;
      |                      ^~~~~~~~~~~~~
../Core/Src/main.c:287:14: warning: unused variable 'msg' [-Wunused-variable]
  287 |         char msg[10];
      |              ^~~
make: *** [Core/Src/subdir.mk:40: Core/Src/main.o] Error 1
"make -j8 all" terminated with exit code 2. Build might be incomplete.
20:29:30 **** Incremental Build of configuration Debug for project STM32F103_FreeRTOS_CMSIS_Template ****
make -j8 all 
arm-none-eabi-gcc "../Core/Src/main.c" -mcpu=cortex-m3 -std=gnu11 -g3 -DDEBUG -DUSE_HAL_DRIVER -DSTM32F103xB -c -I../Core/Inc -I../Drivers/STM32F1xx_HAL_Driver/Inc -I../Drivers/STM32F1xx_HAL_Driver/Inc/Legacy -I../Drivers/CMSIS/Device/ST/STM32F1xx/Include -I../Drivers/CMSIS/Include -I../Middlewares/Third_Party/FreeRTOS/Source/include -I../Middlewares/Third_Party/FreeRTOS/Source/CMSIS_RTOS_V2 -I../Middlewares/Third_Party/FreeRTOS/Source/portable/GCC/ARM_CM3 -O0 -ffunction-sections -fdata-sections -Wall -fstack-usage -fcyclomatic-complexity -MMD -MP -MF"Core/Src/main.d" -MT"Core/Src/main.o" --specs=nano.specs -mfloat-abi=soft -mthumb -o "Core/Src/main.o"
../Core/Src/main.c: In function 'StartTask1':
../Core/Src/main.c:286:9: warning: implicit declaration of function 'printf' [-Wimplicit-function-declaration]
  286 |         printf("test: %ul", osThreadGetStackSpace(myTask1Handle));
      |         ^~~~~~
../Core/Src/main.c:26:1: note: include '<stdio.h>' or provide a declaration of 'printf'
   25 | #include <string.h>
  +++ |+#include <stdio.h>
   26 | /* USER CODE END Includes */
../Core/Src/main.c:286:9: warning: incompatible implicit declaration of built-in function 'printf' [-Wbuiltin-declaration-mismatch]
  286 |         printf("test: %ul", osThreadGetStackSpace(myTask1Handle));
      |         ^~~~~~
../Core/Src/main.c:286:9: note: include '<stdio.h>' or provide a declaration of 'printf'
../Core/Src/main.c:286:24: warning: format '%u' expects argument of type 'unsigned int', but argument 2 has type 'uint32_t' {aka 'long unsigned int'} [-Wformat=]
  286 |         printf("test: %ul", osThreadGetStackSpace(myTask1Handle));
      |                       ~^    ~~~~~~~~~~~~~~~~~~~~~~~~~~~~~~~~~~~~
      |                        |    |
      |                        |    uint32_t {aka long unsigned int}
      |                        unsigned int
      |                       %lu
../Core/Src/main.c:288:22: warning: unused variable 'task2Priority' [-Wunused-variable]
  288 |         osPriority_t task2Priority = osPriorityNormal1;
      |                      ^~~~~~~~~~~~~
../Core/Src/main.c:287:14: warning: unused variable 'msg' [-Wunused-variable]
  287 |         char msg[10];
      |              ^~~
arm-none-eabi-gcc -o "STM32F103_FreeRTOS_CMSIS_Template.elf" @"objects.list"   -mcpu=cortex-m3 -T"D:\STM32\STM32F103_FreeRTOS_CMSIS\STM32F103_FreeRTOS_CMSIS_Template\STM32F103RBTX_FLASH.ld" --specs=nosys.specs -Wl,-Map="STM32F103_FreeRTOS_CMSIS_Template.map" -Wl,--gc-sections -static --specs=nano.specs -mfloat-abi=soft -mthumb -Wl,--start-group -lc -lm -Wl,--end-group
Finished building target: STM32F103_FreeRTOS_CMSIS_Template.elf
 
arm-none-eabi-size  STM32F103_FreeRTOS_CMSIS_Template.elf 
arm-none-eabi-objdump -h -S STM32F103_FreeRTOS_CMSIS_Template.elf  > "STM32F103_FreeRTOS_CMSIS_Template.list"
   text	   data	    bss	    dec	    hex	filename
  22396	    108	   8684	  31188	   79d4	STM32F103_FreeRTOS_CMSIS_Template.elf
Finished building: default.size.stdout
 
Finished building: STM32F103_FreeRTOS_CMSIS_Template.list
 
20:30:01 **** Incremental Build of configuration Debug for project STM32F103_FreeRTOS_CMSIS_Template ****
make -j8 all 
arm-none-eabi-gcc "../Core/Src/main.c" -mcpu=cortex-m3 -std=gnu11 -g3 -DDEBUG -DUSE_HAL_DRIVER -DSTM32F103xB -c -I../Core/Inc -I../Drivers/STM32F1xx_HAL_Driver/Inc -I../Drivers/STM32F1xx_HAL_Driver/Inc/Legacy -I../Drivers/CMSIS/Device/ST/STM32F1xx/Include -I../Drivers/CMSIS/Include -I../Middlewares/Third_Party/FreeRTOS/Source/include -I../Middlewares/Third_Party/FreeRTOS/Source/CMSIS_RTOS_V2 -I../Middlewares/Third_Party/FreeRTOS/Source/portable/GCC/ARM_CM3 -O0 -ffunction-sections -fdata-sections -Wall -fstack-usage -fcyclomatic-complexity -MMD -MP -MF"Core/Src/main.d" -MT"Core/Src/main.o" --specs=nano.specs -mfloat-abi=soft -mthumb -o "Core/Src/main.o"
../Core/Src/main.c: In function 'StartTask1':
../Core/Src/main.c:286:9: warning: implicit declaration of function 'printf' [-Wimplicit-function-declaration]
  286 |         printf("test: %ull", osThreadGetStackSpace(myTask1Handle));
      |         ^~~~~~
../Core/Src/main.c:26:1: note: include '<stdio.h>' or provide a declaration of 'printf'
   25 | #include <string.h>
  +++ |+#include <stdio.h>
   26 | /* USER CODE END Includes */
../Core/Src/main.c:286:9: warning: incompatible implicit declaration of built-in function 'printf' [-Wbuiltin-declaration-mismatch]
  286 |         printf("test: %ull", osThreadGetStackSpace(myTask1Handle));
      |         ^~~~~~
../Core/Src/main.c:286:9: note: include '<stdio.h>' or provide a declaration of 'printf'
../Core/Src/main.c:286:24: warning: format '%u' expects argument of type 'unsigned int', but argument 2 has type 'uint32_t' {aka 'long unsigned int'} [-Wformat=]
  286 |         printf("test: %ull", osThreadGetStackSpace(myTask1Handle));
      |                       ~^     ~~~~~~~~~~~~~~~~~~~~~~~~~~~~~~~~~~~~
      |                        |     |
      |                        |     uint32_t {aka long unsigned int}
      |                        unsigned int
      |                       %lu
../Core/Src/main.c:287:14: warning: unused variable 'msg' [-Wunused-variable]
  287 |         char msg[10];
      |              ^~~
arm-none-eabi-gcc -o "STM32F103_FreeRTOS_CMSIS_Template.elf" @"objects.list"   -mcpu=cortex-m3 -T"D:\STM32\STM32F103_FreeRTOS_CMSIS\STM32F103_FreeRTOS_CMSIS_Template\STM32F103RBTX_FLASH.ld" --specs=nosys.specs -Wl,-Map="STM32F103_FreeRTOS_CMSIS_Template.map" -Wl,--gc-sections -static --specs=nano.specs -mfloat-abi=soft -mthumb -Wl,--start-group -lc -lm -Wl,--end-group
Finished building target: STM32F103_FreeRTOS_CMSIS_Template.elf
 
arm-none-eabi-size  STM32F103_FreeRTOS_CMSIS_Template.elf 
arm-none-eabi-objdump -h -S STM32F103_FreeRTOS_CMSIS_Template.elf  > "STM32F103_FreeRTOS_CMSIS_Template.list"
   text	   data	    bss	    dec	    hex	filename
  22396	    108	   8684	  31188	   79d4	STM32F103_FreeRTOS_CMSIS_Template.elf
Finished building: default.size.stdout
 
Finished building: STM32F103_FreeRTOS_CMSIS_Template.list
 
20:30:41 **** Incremental Build of configuration Debug for project STM32F103_FreeRTOS_CMSIS_Template ****
make -j8 all 
arm-none-eabi-gcc "../Core/Src/main.c" -mcpu=cortex-m3 -std=gnu11 -g3 -DDEBUG -DUSE_HAL_DRIVER -DSTM32F103xB -c -I../Core/Inc -I../Drivers/STM32F1xx_HAL_Driver/Inc -I../Drivers/STM32F1xx_HAL_Driver/Inc/Legacy -I../Drivers/CMSIS/Device/ST/STM32F1xx/Include -I../Drivers/CMSIS/Include -I../Middlewares/Third_Party/FreeRTOS/Source/include -I../Middlewares/Third_Party/FreeRTOS/Source/CMSIS_RTOS_V2 -I../Middlewares/Third_Party/FreeRTOS/Source/portable/GCC/ARM_CM3 -O0 -ffunction-sections -fdata-sections -Wall -fstack-usage -fcyclomatic-complexity -MMD -MP -MF"Core/Src/main.d" -MT"Core/Src/main.o" --specs=nano.specs -mfloat-abi=soft -mthumb -o "Core/Src/main.o"
../Core/Src/main.c: In function 'StartTask1':
../Core/Src/main.c:286:9: warning: implicit declaration of function 'printf' [-Wimplicit-function-declaration]
  286 |         printf("test: %lu", osThreadGetStackSpace(myTask1Handle));
      |         ^~~~~~
../Core/Src/main.c:26:1: note: include '<stdio.h>' or provide a declaration of 'printf'
   25 | #include <string.h>
  +++ |+#include <stdio.h>
   26 | /* USER CODE END Includes */
../Core/Src/main.c:286:9: warning: incompatible implicit declaration of built-in function 'printf' [-Wbuiltin-declaration-mismatch]
  286 |         printf("test: %lu", osThreadGetStackSpace(myTask1Handle));
      |         ^~~~~~
../Core/Src/main.c:286:9: note: include '<stdio.h>' or provide a declaration of 'printf'
../Core/Src/main.c:287:14: warning: unused variable 'msg' [-Wunused-variable]
  287 |         char msg[10];
      |              ^~~
arm-none-eabi-gcc -o "STM32F103_FreeRTOS_CMSIS_Template.elf" @"objects.list"   -mcpu=cortex-m3 -T"D:\STM32\STM32F103_FreeRTOS_CMSIS\STM32F103_FreeRTOS_CMSIS_Template\STM32F103RBTX_FLASH.ld" --specs=nosys.specs -Wl,-Map="STM32F103_FreeRTOS_CMSIS_Template.map" -Wl,--gc-sections -static --specs=nano.specs -mfloat-abi=soft -mthumb -Wl,--start-group -lc -lm -Wl,--end-group
Finished building target: STM32F103_FreeRTOS_CMSIS_Template.elf
 
arm-none-eabi-size  STM32F103_FreeRTOS_CMSIS_Template.elf 
arm-none-eabi-objdump -h -S STM32F103_FreeRTOS_CMSIS_Template.elf  > "STM32F103_FreeRTOS_CMSIS_Template.list"
   text	   data	    bss	    dec	    hex	filename
  22396	    108	   8684	  31188	   79d4	STM32F103_FreeRTOS_CMSIS_Template.elf
Finished building: default.size.stdout
 
Finished building: STM32F103_FreeRTOS_CMSIS_Template.list
 
20:31:22 **** Incremental Build of configuration Debug for project STM32F103_FreeRTOS_CMSIS_Template ****
make -j8 all 
arm-none-eabi-gcc "../Core/Src/main.c" -mcpu=cortex-m3 -std=gnu11 -g3 -DDEBUG -DUSE_HAL_DRIVER -DSTM32F103xB -c -I../Core/Inc -I../Drivers/STM32F1xx_HAL_Driver/Inc -I../Drivers/STM32F1xx_HAL_Driver/Inc/Legacy -I../Drivers/CMSIS/Device/ST/STM32F1xx/Include -I../Drivers/CMSIS/Include -I../Middlewares/Third_Party/FreeRTOS/Source/include -I../Middlewares/Third_Party/FreeRTOS/Source/CMSIS_RTOS_V2 -I../Middlewares/Third_Party/FreeRTOS/Source/portable/GCC/ARM_CM3 -O0 -ffunction-sections -fdata-sections -Wall -fstack-usage -fcyclomatic-complexity -MMD -MP -MF"Core/Src/main.d" -MT"Core/Src/main.o" --specs=nano.specs -mfloat-abi=soft -mthumb -o "Core/Src/main.o"
../Core/Src/main.c: In function 'StartTask1':
../Core/Src/main.c:288:14: warning: unused variable 'msg' [-Wunused-variable]
  288 |         char msg[10];
      |              ^~~
arm-none-eabi-gcc -o "STM32F103_FreeRTOS_CMSIS_Template.elf" @"objects.list"   -mcpu=cortex-m3 -T"D:\STM32\STM32F103_FreeRTOS_CMSIS\STM32F103_FreeRTOS_CMSIS_Template\STM32F103RBTX_FLASH.ld" --specs=nosys.specs -Wl,-Map="STM32F103_FreeRTOS_CMSIS_Template.map" -Wl,--gc-sections -static --specs=nano.specs -mfloat-abi=soft -mthumb -Wl,--start-group -lc -lm -Wl,--end-group
Finished building target: STM32F103_FreeRTOS_CMSIS_Template.elf
 
arm-none-eabi-size  STM32F103_FreeRTOS_CMSIS_Template.elf 
arm-none-eabi-objdump -h -S STM32F103_FreeRTOS_CMSIS_Template.elf  > "STM32F103_FreeRTOS_CMSIS_Template.list"
   text	   data	    bss	    dec	    hex	filename
  22396	    108	   8684	  31188	   79d4	STM32F103_FreeRTOS_CMSIS_Template.elf
Finished building: default.size.stdout
 
Finished building: STM32F103_FreeRTOS_CMSIS_Template.list
 
20:31:57 **** Incremental Build of configuration Debug for project STM32F103_FreeRTOS_CMSIS_Template ****
make -j8 all 
arm-none-eabi-gcc "../Core/Src/main.c" -mcpu=cortex-m3 -std=gnu11 -g3 -DDEBUG -DUSE_HAL_DRIVER -DSTM32F103xB -c -I../Core/Inc -I../Drivers/STM32F1xx_HAL_Driver/Inc -I../Drivers/STM32F1xx_HAL_Driver/Inc/Legacy -I../Drivers/CMSIS/Device/ST/STM32F1xx/Include -I../Drivers/CMSIS/Include -I../Middlewares/Third_Party/FreeRTOS/Source/include -I../Middlewares/Third_Party/FreeRTOS/Source/CMSIS_RTOS_V2 -I../Middlewares/Third_Party/FreeRTOS/Source/portable/GCC/ARM_CM3 -O0 -ffunction-sections -fdata-sections -Wall -fstack-usage -fcyclomatic-complexity -MMD -MP -MF"Core/Src/main.d" -MT"Core/Src/main.o" --specs=nano.specs -mfloat-abi=soft -mthumb -o "Core/Src/main.o"
../Core/Src/main.c: In function 'StartTask1':
../Core/Src/main.c:294:22: warning: passing argument 1 of 'TaskAction' makes pointer from integer without a cast [-Wint-conversion]
  294 |           TaskAction('1');
      |                      ^~~
      |                      |
      |                      int
../Core/Src/main.c:269:23: note: expected 'char *' but argument is of type 'int'
  269 | void TaskAction(char* m) {
      |                 ~~~~~~^
../Core/Src/main.c:288:14: warning: unused variable 'msg' [-Wunused-variable]
  288 |         char msg[10];
      |              ^~~
arm-none-eabi-gcc -o "STM32F103_FreeRTOS_CMSIS_Template.elf" @"objects.list"   -mcpu=cortex-m3 -T"D:\STM32\STM32F103_FreeRTOS_CMSIS\STM32F103_FreeRTOS_CMSIS_Template\STM32F103RBTX_FLASH.ld" --specs=nosys.specs -Wl,-Map="STM32F103_FreeRTOS_CMSIS_Template.map" -Wl,--gc-sections -static --specs=nano.specs -mfloat-abi=soft -mthumb -Wl,--start-group -lc -lm -Wl,--end-group
Finished building target: STM32F103_FreeRTOS_CMSIS_Template.elf
 
arm-none-eabi-size  STM32F103_FreeRTOS_CMSIS_Template.elf 
arm-none-eabi-objdump -h -S STM32F103_FreeRTOS_CMSIS_Template.elf  > "STM32F103_FreeRTOS_CMSIS_Template.list"
   text	   data	    bss	    dec	    hex	filename
  22612	    108	   8684	  31404	   7aac	STM32F103_FreeRTOS_CMSIS_Template.elf
Finished building: default.size.stdout
 
Finished building: STM32F103_FreeRTOS_CMSIS_Template.list
 
20:32:14 **** Incremental Build of configuration Debug for project STM32F103_FreeRTOS_CMSIS_Template ****
make -j8 all 
arm-none-eabi-size  STM32F103_FreeRTOS_CMSIS_Template.elf 
   text	   data	    bss	    dec	    hex	filename
  22612	    108	   8684	  31404	   7aac	STM32F103_FreeRTOS_CMSIS_Template.elf
Finished building: default.size.stdout
 
20:32:50 **** Incremental Build of configuration Debug for project STM32F103_FreeRTOS_CMSIS_Template ****
make -j8 all 
arm-none-eabi-size  STM32F103_FreeRTOS_CMSIS_Template.elf 
   text	   data	    bss	    dec	    hex	filename
  22612	    108	   8684	  31404	   7aac	STM32F103_FreeRTOS_CMSIS_Template.elf
Finished building: default.size.stdout
 
20:40:29 **** Incremental Build of configuration Debug for project STM32F103_FreeRTOS_CMSIS_Template ****
make -j8 all 
arm-none-eabi-gcc "../Core/Src/main.c" -mcpu=cortex-m3 -std=gnu11 -g3 -DDEBUG -DUSE_HAL_DRIVER -DSTM32F103xB -c -I../Core/Inc -I../Drivers/STM32F1xx_HAL_Driver/Inc -I../Drivers/STM32F1xx_HAL_Driver/Inc/Legacy -I../Drivers/CMSIS/Device/ST/STM32F1xx/Include -I../Drivers/CMSIS/Include -I../Middlewares/Third_Party/FreeRTOS/Source/include -I../Middlewares/Third_Party/FreeRTOS/Source/CMSIS_RTOS_V2 -I../Middlewares/Third_Party/FreeRTOS/Source/portable/GCC/ARM_CM3 -O0 -ffunction-sections -fdata-sections -Wall -fstack-usage -fcyclomatic-complexity -MMD -MP -MF"Core/Src/main.d" -MT"Core/Src/main.o" --specs=nano.specs -mfloat-abi=soft -mthumb -o "Core/Src/main.o"
../Core/Src/main.c: In function 'StartTask1':
../Core/Src/main.c:288:36: warning: passing argument 2 of 'HAL_UART_Transmit' from incompatible pointer type [-Wincompatible-pointer-types]
  288 |         HAL_UART_Transmit(&huart2, &space, 2, 0);
      |                                    ^~~~~~
      |                                    |
      |                                    long unsigned int *
In file included from ../Core/Inc/stm32f1xx_hal_conf.h:338,
                 from ../Drivers/STM32F1xx_HAL_Driver/Inc/stm32f1xx_hal.h:29,
                 from ../Core/Inc/main.h:30,
                 from ../Core/Src/main.c:20:
../Drivers/STM32F1xx_HAL_Driver/Inc/stm32f1xx_hal_uart.h:749:79: note: expected 'const uint8_t *' {aka 'const unsigned char *'} but argument is of type 'long unsigned int *'
  749 | HAL_StatusTypeDef HAL_UART_Transmit(UART_HandleTypeDef *huart, const uint8_t *pData, uint16_t Size, uint32_t Timeout);
      |                                                                ~~~~~~~~~~~~~~~^~~~~
../Core/Src/main.c:295:22: warning: passing argument 1 of 'TaskAction' makes pointer from integer without a cast [-Wint-conversion]
  295 |           TaskAction('1');
      |                      ^~~
      |                      |
      |                      int
../Core/Src/main.c:269:23: note: expected 'char *' but argument is of type 'int'
  269 | void TaskAction(char* m) {
      |                 ~~~~~~^
../Core/Src/main.c:289:14: warning: unused variable 'msg' [-Wunused-variable]
  289 |         char msg[10];
      |              ^~~
arm-none-eabi-gcc -o "STM32F103_FreeRTOS_CMSIS_Template.elf" @"objects.list"   -mcpu=cortex-m3 -T"D:\STM32\STM32F103_FreeRTOS_CMSIS\STM32F103_FreeRTOS_CMSIS_Template\STM32F103RBTX_FLASH.ld" --specs=nosys.specs -Wl,-Map="STM32F103_FreeRTOS_CMSIS_Template.map" -Wl,--gc-sections -static --specs=nano.specs -mfloat-abi=soft -mthumb -Wl,--start-group -lc -lm -Wl,--end-group
Finished building target: STM32F103_FreeRTOS_CMSIS_Template.elf
 
arm-none-eabi-size  STM32F103_FreeRTOS_CMSIS_Template.elf 
arm-none-eabi-objdump -h -S STM32F103_FreeRTOS_CMSIS_Template.elf  > "STM32F103_FreeRTOS_CMSIS_Template.list"
   text	   data	    bss	    dec	    hex	filename
  19416	     96	   8672	  28184	   6e18	STM32F103_FreeRTOS_CMSIS_Template.elf
Finished building: default.size.stdout
 
Finished building: STM32F103_FreeRTOS_CMSIS_Template.list
 
20:40:54 **** Incremental Build of configuration Debug for project STM32F103_FreeRTOS_CMSIS_Template ****
make -j8 all 
arm-none-eabi-size  STM32F103_FreeRTOS_CMSIS_Template.elf 
   text	   data	    bss	    dec	    hex	filename
  19416	     96	   8672	  28184	   6e18	STM32F103_FreeRTOS_CMSIS_Template.elf
Finished building: default.size.stdout
 
20:42:35 **** Incremental Build of configuration Debug for project STM32F103_FreeRTOS_CMSIS_Template ****
make -j8 all 
arm-none-eabi-gcc "../Core/Src/main.c" -mcpu=cortex-m3 -std=gnu11 -g3 -DDEBUG -DUSE_HAL_DRIVER -DSTM32F103xB -c -I../Core/Inc -I../Drivers/STM32F1xx_HAL_Driver/Inc -I../Drivers/STM32F1xx_HAL_Driver/Inc/Legacy -I../Drivers/CMSIS/Device/ST/STM32F1xx/Include -I../Drivers/CMSIS/Include -I../Middlewares/Third_Party/FreeRTOS/Source/include -I../Middlewares/Third_Party/FreeRTOS/Source/CMSIS_RTOS_V2 -I../Middlewares/Third_Party/FreeRTOS/Source/portable/GCC/ARM_CM3 -O0 -ffunction-sections -fdata-sections -Wall -fstack-usage -fcyclomatic-complexity -MMD -MP -MF"Core/Src/main.d" -MT"Core/Src/main.o" --specs=nano.specs -mfloat-abi=soft -mthumb -o "Core/Src/main.o"
../Core/Src/main.c: In function 'StartTask1':
../Core/Src/main.c:290:36: warning: pointer targets in passing argument 2 of 'HAL_UART_Transmit' differ in signedness [-Wpointer-sign]
  290 |         HAL_UART_Transmit(&huart2, msg, strlen(msg), 0);
      |                                    ^~~
      |                                    |
      |                                    char *
In file included from ../Core/Inc/stm32f1xx_hal_conf.h:338,
                 from ../Drivers/STM32F1xx_HAL_Driver/Inc/stm32f1xx_hal.h:29,
                 from ../Core/Inc/main.h:30,
                 from ../Core/Src/main.c:20:
../Drivers/STM32F1xx_HAL_Driver/Inc/stm32f1xx_hal_uart.h:749:79: note: expected 'const uint8_t *' {aka 'const unsigned char *'} but argument is of type 'char *'
  749 | HAL_StatusTypeDef HAL_UART_Transmit(UART_HandleTypeDef *huart, const uint8_t *pData, uint16_t Size, uint32_t Timeout);
      |                                                                ~~~~~~~~~~~~~~~^~~~~
../Core/Src/main.c:291:14: error: conflicting types for 'msg'; have 'char[10]'
  291 |         char msg[10];
      |              ^~~
../Core/Src/main.c:287:14: note: previous declaration of 'msg' with type 'char[20]'
  287 |         char msg[20];
      |              ^~~
../Core/Src/main.c:297:22: warning: passing argument 1 of 'TaskAction' makes pointer from integer without a cast [-Wint-conversion]
  297 |           TaskAction('1');
      |                      ^~~
      |                      |
      |                      int
../Core/Src/main.c:269:23: note: expected 'char *' but argument is of type 'int'
  269 | void TaskAction(char* m) {
      |                 ~~~~~~^
../Core/Src/main.c:291:14: warning: unused variable 'msg' [-Wunused-variable]
  291 |         char msg[10];
      |              ^~~
make: *** [Core/Src/subdir.mk:40: Core/Src/main.o] Error 1
"make -j8 all" terminated with exit code 2. Build might be incomplete.
20:43:07 **** Incremental Build of configuration Debug for project STM32F103_FreeRTOS_CMSIS_Template ****
make -j8 all 
arm-none-eabi-gcc "../Core/Src/main.c" -mcpu=cortex-m3 -std=gnu11 -g3 -DDEBUG -DUSE_HAL_DRIVER -DSTM32F103xB -c -I../Core/Inc -I../Drivers/STM32F1xx_HAL_Driver/Inc -I../Drivers/STM32F1xx_HAL_Driver/Inc/Legacy -I../Drivers/CMSIS/Device/ST/STM32F1xx/Include -I../Drivers/CMSIS/Include -I../Middlewares/Third_Party/FreeRTOS/Source/include -I../Middlewares/Third_Party/FreeRTOS/Source/CMSIS_RTOS_V2 -I../Middlewares/Third_Party/FreeRTOS/Source/portable/GCC/ARM_CM3 -O0 -ffunction-sections -fdata-sections -Wall -fstack-usage -fcyclomatic-complexity -MMD -MP -MF"Core/Src/main.d" -MT"Core/Src/main.o" --specs=nano.specs -mfloat-abi=soft -mthumb -o "Core/Src/main.o"
../Core/Src/main.c: In function 'StartTask1':
../Core/Src/main.c:290:36: warning: pointer targets in passing argument 2 of 'HAL_UART_Transmit' differ in signedness [-Wpointer-sign]
  290 |         HAL_UART_Transmit(&huart2, msg, strlen(msg), 100);
      |                                    ^~~
      |                                    |
      |                                    char *
In file included from ../Core/Inc/stm32f1xx_hal_conf.h:338,
                 from ../Drivers/STM32F1xx_HAL_Driver/Inc/stm32f1xx_hal.h:29,
                 from ../Core/Inc/main.h:30,
                 from ../Core/Src/main.c:20:
../Drivers/STM32F1xx_HAL_Driver/Inc/stm32f1xx_hal_uart.h:749:79: note: expected 'const uint8_t *' {aka 'const unsigned char *'} but argument is of type 'char *'
  749 | HAL_StatusTypeDef HAL_UART_Transmit(UART_HandleTypeDef *huart, const uint8_t *pData, uint16_t Size, uint32_t Timeout);
      |                                                                ~~~~~~~~~~~~~~~^~~~~
../Core/Src/main.c:296:22: warning: passing argument 1 of 'TaskAction' makes pointer from integer without a cast [-Wint-conversion]
  296 |           TaskAction('1');
      |                      ^~~
      |                      |
      |                      int
../Core/Src/main.c:269:23: note: expected 'char *' but argument is of type 'int'
  269 | void TaskAction(char* m) {
      |                 ~~~~~~^
arm-none-eabi-gcc -o "STM32F103_FreeRTOS_CMSIS_Template.elf" @"objects.list"   -mcpu=cortex-m3 -T"D:\STM32\STM32F103_FreeRTOS_CMSIS\STM32F103_FreeRTOS_CMSIS_Template\STM32F103RBTX_FLASH.ld" --specs=nosys.specs -Wl,-Map="STM32F103_FreeRTOS_CMSIS_Template.map" -Wl,--gc-sections -static --specs=nano.specs -mfloat-abi=soft -mthumb -Wl,--start-group -lc -lm -Wl,--end-group
Finished building target: STM32F103_FreeRTOS_CMSIS_Template.elf
 
arm-none-eabi-size  STM32F103_FreeRTOS_CMSIS_Template.elf 
arm-none-eabi-objdump -h -S STM32F103_FreeRTOS_CMSIS_Template.elf  > "STM32F103_FreeRTOS_CMSIS_Template.list"
   text	   data	    bss	    dec	    hex	filename
[...]
   text	   data	    bss	    dec	    hex	filename
  22984	     96	   8688	  31768	   7c18	STM32F103_FreeRTOS_CMSIS_Template.elf
Finished building: default.size.stdout
 
Finished building: STM32F103_FreeRTOS_CMSIS_Template.list
 
21:55:10 **** Incremental Build of configuration Debug for project STM32F103_FreeRTOS_CMSIS_Template ****
make -j8 all 
arm-none-eabi-gcc "../Core/Src/main.c" -mcpu=cortex-m3 -std=gnu11 -g3 -DDEBUG -DUSE_HAL_DRIVER -DSTM32F103xB -c -I../Core/Inc -I../Drivers/STM32F1xx_HAL_Driver/Inc -I../Drivers/STM32F1xx_HAL_Driver/Inc/Legacy -I../Drivers/CMSIS/Device/ST/STM32F1xx/Include -I../Drivers/CMSIS/Include -I../Middlewares/Third_Party/FreeRTOS/Source/include -I../Middlewares/Third_Party/FreeRTOS/Source/CMSIS_RTOS_V2 -I../Middlewares/Third_Party/FreeRTOS/Source/portable/GCC/ARM_CM3 -O0 -ffunction-sections -fdata-sections -Wall -fstack-usage -fcyclomatic-complexity -MMD -MP -MF"Core/Src/main.d" -MT"Core/Src/main.o" --specs=nano.specs -mfloat-abi=soft -mthumb -o "Core/Src/main.o"
../Core/Src/main.c: In function 'StartTaskReceiver':
../Core/Src/main.c:335:17: warning: unused variable 'data' [-Wunused-variable]
  335 |         uint8_t data = 0;
      |                 ^~~~
arm-none-eabi-gcc -o "STM32F103_FreeRTOS_CMSIS_Template.elf" @"objects.list"   -mcpu=cortex-m3 -T"D:\STM32\STM32F103_FreeRTOS_CMSIS\STM32F103_FreeRTOS_CMSIS_Template\STM32F103RBTX_FLASH.ld" --specs=nosys.specs -Wl,-Map="STM32F103_FreeRTOS_CMSIS_Template.map" -Wl,--gc-sections -static --specs=nano.specs -mfloat-abi=soft -mthumb -Wl,--start-group -lc -lm -Wl,--end-group
Finished building target: STM32F103_FreeRTOS_CMSIS_Template.elf
 
arm-none-eabi-size  STM32F103_FreeRTOS_CMSIS_Template.elf 
arm-none-eabi-objdump -h -S STM32F103_FreeRTOS_CMSIS_Template.elf  > "STM32F103_FreeRTOS_CMSIS_Template.list"
   text	   data	    bss	    dec	    hex	filename
  22988	     96	   8688	  31772	   7c1c	STM32F103_FreeRTOS_CMSIS_Template.elf
Finished building: default.size.stdout
 
Finished building: STM32F103_FreeRTOS_CMSIS_Template.list
 
21:56:22 **** Incremental Build of configuration Debug for project STM32F103_FreeRTOS_CMSIS_Template ****
make -j8 all 
arm-none-eabi-gcc "../Core/Src/main.c" -mcpu=cortex-m3 -std=gnu11 -g3 -DDEBUG -DUSE_HAL_DRIVER -DSTM32F103xB -c -I../Core/Inc -I../Drivers/STM32F1xx_HAL_Driver/Inc -I../Drivers/STM32F1xx_HAL_Driver/Inc/Legacy -I../Drivers/CMSIS/Device/ST/STM32F1xx/Include -I../Drivers/CMSIS/Include -I../Middlewares/Third_Party/FreeRTOS/Source/include -I../Middlewares/Third_Party/FreeRTOS/Source/CMSIS_RTOS_V2 -I../Middlewares/Third_Party/FreeRTOS/Source/portable/GCC/ARM_CM3 -O0 -ffunction-sections -fdata-sections -Wall -fstack-usage -fcyclomatic-complexity -MMD -MP -MF"Core/Src/main.d" -MT"Core/Src/main.o" --specs=nano.specs -mfloat-abi=soft -mthumb -o "Core/Src/main.o"
../Core/Src/main.c: In function 'StartTaskReceiver':
../Core/Src/main.c:336:17: warning: unused variable 'data' [-Wunused-variable]
  336 |         uint8_t data = 0;
      |                 ^~~~
arm-none-eabi-gcc -o "STM32F103_FreeRTOS_CMSIS_Template.elf" @"objects.list"   -mcpu=cortex-m3 -T"D:\STM32\STM32F103_FreeRTOS_CMSIS\STM32F103_FreeRTOS_CMSIS_Template\STM32F103RBTX_FLASH.ld" --specs=nosys.specs -Wl,-Map="STM32F103_FreeRTOS_CMSIS_Template.map" -Wl,--gc-sections -static --specs=nano.specs -mfloat-abi=soft -mthumb -Wl,--start-group -lc -lm -Wl,--end-group
Finished building target: STM32F103_FreeRTOS_CMSIS_Template.elf
 
arm-none-eabi-size  STM32F103_FreeRTOS_CMSIS_Template.elf 
arm-none-eabi-objdump -h -S STM32F103_FreeRTOS_CMSIS_Template.elf  > "STM32F103_FreeRTOS_CMSIS_Template.list"
   text	   data	    bss	    dec	    hex	filename
  23004	     96	   8688	  31788	   7c2c	STM32F103_FreeRTOS_CMSIS_Template.elf
Finished building: default.size.stdout
 
Finished building: STM32F103_FreeRTOS_CMSIS_Template.list
 
21:57:24 **** Incremental Build of configuration Debug for project STM32F103_FreeRTOS_CMSIS_Template ****
make -j8 all 
arm-none-eabi-gcc "../Core/Src/main.c" -mcpu=cortex-m3 -std=gnu11 -g3 -DDEBUG -DUSE_HAL_DRIVER -DSTM32F103xB -c -I../Core/Inc -I../Drivers/STM32F1xx_HAL_Driver/Inc -I../Drivers/STM32F1xx_HAL_Driver/Inc/Legacy -I../Drivers/CMSIS/Device/ST/STM32F1xx/Include -I../Drivers/CMSIS/Include -I../Middlewares/Third_Party/FreeRTOS/Source/include -I../Middlewares/Third_Party/FreeRTOS/Source/CMSIS_RTOS_V2 -I../Middlewares/Third_Party/FreeRTOS/Source/portable/GCC/ARM_CM3 -O0 -ffunction-sections -fdata-sections -Wall -fstack-usage -fcyclomatic-complexity -MMD -MP -MF"Core/Src/main.d" -MT"Core/Src/main.o" --specs=nano.specs -mfloat-abi=soft -mthumb -o "Core/Src/main.o"
arm-none-eabi-gcc -o "STM32F103_FreeRTOS_CMSIS_Template.elf" @"objects.list"   -mcpu=cortex-m3 -T"D:\STM32\STM32F103_FreeRTOS_CMSIS\STM32F103_FreeRTOS_CMSIS_Template\STM32F103RBTX_FLASH.ld" --specs=nosys.specs -Wl,-Map="STM32F103_FreeRTOS_CMSIS_Template.map" -Wl,--gc-sections -static --specs=nano.specs -mfloat-abi=soft -mthumb -Wl,--start-group -lc -lm -Wl,--end-group
Finished building target: STM32F103_FreeRTOS_CMSIS_Template.elf
 
arm-none-eabi-size  STM32F103_FreeRTOS_CMSIS_Template.elf 
arm-none-eabi-objdump -h -S STM32F103_FreeRTOS_CMSIS_Template.elf  > "STM32F103_FreeRTOS_CMSIS_Template.list"
   text	   data	    bss	    dec	    hex	filename
  22988	     96	   8688	  31772	   7c1c	STM32F103_FreeRTOS_CMSIS_Template.elf
Finished building: default.size.stdout
 
Finished building: STM32F103_FreeRTOS_CMSIS_Template.list
 
22:00:18 **** Incremental Build of configuration Debug for project STM32F103_FreeRTOS_CMSIS_Template ****
make -j8 all 
arm-none-eabi-gcc "../Core/Src/main.c" -mcpu=cortex-m3 -std=gnu11 -g3 -DDEBUG -DUSE_HAL_DRIVER -DSTM32F103xB -c -I../Core/Inc -I../Drivers/STM32F1xx_HAL_Driver/Inc -I../Drivers/STM32F1xx_HAL_Driver/Inc/Legacy -I../Drivers/CMSIS/Device/ST/STM32F1xx/Include -I../Drivers/CMSIS/Include -I../Middlewares/Third_Party/FreeRTOS/Source/include -I../Middlewares/Third_Party/FreeRTOS/Source/CMSIS_RTOS_V2 -I../Middlewares/Third_Party/FreeRTOS/Source/portable/GCC/ARM_CM3 -O0 -ffunction-sections -fdata-sections -Wall -fstack-usage -fcyclomatic-complexity -MMD -MP -MF"Core/Src/main.d" -MT"Core/Src/main.o" --specs=nano.specs -mfloat-abi=soft -mthumb -o "Core/Src/main.o"
arm-none-eabi-gcc -o "STM32F103_FreeRTOS_CMSIS_Template.elf" @"objects.list"   -mcpu=cortex-m3 -T"D:\STM32\STM32F103_FreeRTOS_CMSIS\STM32F103_FreeRTOS_CMSIS_Template\STM32F103RBTX_FLASH.ld" --specs=nosys.specs -Wl,-Map="STM32F103_FreeRTOS_CMSIS_Template.map" -Wl,--gc-sections -static --specs=nano.specs -mfloat-abi=soft -mthumb -Wl,--start-group -lc -lm -Wl,--end-group
Finished building target: STM32F103_FreeRTOS_CMSIS_Template.elf
 
arm-none-eabi-size  STM32F103_FreeRTOS_CMSIS_Template.elf 
arm-none-eabi-objdump -h -S STM32F103_FreeRTOS_CMSIS_Template.elf  > "STM32F103_FreeRTOS_CMSIS_Template.list"
   text	   data	    bss	    dec	    hex	filename
  22812	     96	   8688	  31596	   7b6c	STM32F103_FreeRTOS_CMSIS_Template.elf
Finished building: default.size.stdout
 
Finished building: STM32F103_FreeRTOS_CMSIS_Template.list
 
22:00:46 **** Incremental Build of configuration Debug for project STM32F103_FreeRTOS_CMSIS_Template ****
make -j8 all 
arm-none-eabi-gcc "../Core/Src/main.c" -mcpu=cortex-m3 -std=gnu11 -g3 -DDEBUG -DUSE_HAL_DRIVER -DSTM32F103xB -c -I../Core/Inc -I../Drivers/STM32F1xx_HAL_Driver/Inc -I../Drivers/STM32F1xx_HAL_Driver/Inc/Legacy -I../Drivers/CMSIS/Device/ST/STM32F1xx/Include -I../Drivers/CMSIS/Include -I../Middlewares/Third_Party/FreeRTOS/Source/include -I../Middlewares/Third_Party/FreeRTOS/Source/CMSIS_RTOS_V2 -I../Middlewares/Third_Party/FreeRTOS/Source/portable/GCC/ARM_CM3 -O0 -ffunction-sections -fdata-sections -Wall -fstack-usage -fcyclomatic-complexity -MMD -MP -MF"Core/Src/main.d" -MT"Core/Src/main.o" --specs=nano.specs -mfloat-abi=soft -mthumb -o "Core/Src/main.o"
arm-none-eabi-gcc -o "STM32F103_FreeRTOS_CMSIS_Template.elf" @"objects.list"   -mcpu=cortex-m3 -T"D:\STM32\STM32F103_FreeRTOS_CMSIS\STM32F103_FreeRTOS_CMSIS_Template\STM32F103RBTX_FLASH.ld" --specs=nosys.specs -Wl,-Map="STM32F103_FreeRTOS_CMSIS_Template.map" -Wl,--gc-sections -static --specs=nano.specs -mfloat-abi=soft -mthumb -Wl,--start-group -lc -lm -Wl,--end-group
Finished building target: STM32F103_FreeRTOS_CMSIS_Template.elf
 
arm-none-eabi-size  STM32F103_FreeRTOS_CMSIS_Template.elf 
arm-none-eabi-objdump -h -S STM32F103_FreeRTOS_CMSIS_Template.elf  > "STM32F103_FreeRTOS_CMSIS_Template.list"
   text	   data	    bss	    dec	    hex	filename
  22812	     96	   8688	  31596	   7b6c	STM32F103_FreeRTOS_CMSIS_Template.elf
Finished building: default.size.stdout
 
Finished building: STM32F103_FreeRTOS_CMSIS_Template.list
 
22:01:24 **** Incremental Build of configuration Debug for project STM32F103_FreeRTOS_CMSIS_Template ****
make -j8 all 
arm-none-eabi-gcc "../Core/Src/main.c" -mcpu=cortex-m3 -std=gnu11 -g3 -DDEBUG -DUSE_HAL_DRIVER -DSTM32F103xB -c -I../Core/Inc -I../Drivers/STM32F1xx_HAL_Driver/Inc -I../Drivers/STM32F1xx_HAL_Driver/Inc/Legacy -I../Drivers/CMSIS/Device/ST/STM32F1xx/Include -I../Drivers/CMSIS/Include -I../Middlewares/Third_Party/FreeRTOS/Source/include -I../Middlewares/Third_Party/FreeRTOS/Source/CMSIS_RTOS_V2 -I../Middlewares/Third_Party/FreeRTOS/Source/portable/GCC/ARM_CM3 -O0 -ffunction-sections -fdata-sections -Wall -fstack-usage -fcyclomatic-complexity -MMD -MP -MF"Core/Src/main.d" -MT"Core/Src/main.o" --specs=nano.specs -mfloat-abi=soft -mthumb -o "Core/Src/main.o"
arm-none-eabi-gcc -o "STM32F103_FreeRTOS_CMSIS_Template.elf" @"objects.list"   -mcpu=cortex-m3 -T"D:\STM32\STM32F103_FreeRTOS_CMSIS\STM32F103_FreeRTOS_CMSIS_Template\STM32F103RBTX_FLASH.ld" --specs=nosys.specs -Wl,-Map="STM32F103_FreeRTOS_CMSIS_Template.map" -Wl,--gc-sections -static --specs=nano.specs -mfloat-abi=soft -mthumb -Wl,--start-group -lc -lm -Wl,--end-group
Finished building target: STM32F103_FreeRTOS_CMSIS_Template.elf
 
arm-none-eabi-size  STM32F103_FreeRTOS_CMSIS_Template.elf 
arm-none-eabi-objdump -h -S STM32F103_FreeRTOS_CMSIS_Template.elf  > "STM32F103_FreeRTOS_CMSIS_Template.list"
   text	   data	    bss	    dec	    hex	filename
  22796	     96	   8688	  31580	   7b5c	STM32F103_FreeRTOS_CMSIS_Template.elf
Finished building: default.size.stdout
 
Finished building: STM32F103_FreeRTOS_CMSIS_Template.list
 
22:04:26 **** Incremental Build of configuration Debug for project STM32F103_FreeRTOS_CMSIS_Template ****
make -j8 all 
arm-none-eabi-gcc "../Core/Src/main.c" -mcpu=cortex-m3 -std=gnu11 -g3 -DDEBUG -DUSE_HAL_DRIVER -DSTM32F103xB -c -I../Core/Inc -I../Drivers/STM32F1xx_HAL_Driver/Inc -I../Drivers/STM32F1xx_HAL_Driver/Inc/Legacy -I../Drivers/CMSIS/Device/ST/STM32F1xx/Include -I../Drivers/CMSIS/Include -I../Middlewares/Third_Party/FreeRTOS/Source/include -I../Middlewares/Third_Party/FreeRTOS/Source/CMSIS_RTOS_V2 -I../Middlewares/Third_Party/FreeRTOS/Source/portable/GCC/ARM_CM3 -O0 -ffunction-sections -fdata-sections -Wall -fstack-usage -fcyclomatic-complexity -MMD -MP -MF"Core/Src/main.d" -MT"Core/Src/main.o" --specs=nano.specs -mfloat-abi=soft -mthumb -o "Core/Src/main.o"
arm-none-eabi-gcc -o "STM32F103_FreeRTOS_CMSIS_Template.elf" @"objects.list"   -mcpu=cortex-m3 -T"D:\STM32\STM32F103_FreeRTOS_CMSIS\STM32F103_FreeRTOS_CMSIS_Template\STM32F103RBTX_FLASH.ld" --specs=nosys.specs -Wl,-Map="STM32F103_FreeRTOS_CMSIS_Template.map" -Wl,--gc-sections -static --specs=nano.specs -mfloat-abi=soft -mthumb -Wl,--start-group -lc -lm -Wl,--end-group
Finished building target: STM32F103_FreeRTOS_CMSIS_Template.elf
 
arm-none-eabi-size  STM32F103_FreeRTOS_CMSIS_Template.elf 
arm-none-eabi-objdump -h -S STM32F103_FreeRTOS_CMSIS_Template.elf  > "STM32F103_FreeRTOS_CMSIS_Template.list"
   text	   data	    bss	    dec	    hex	filename
  22972	     96	   8688	  31756	   7c0c	STM32F103_FreeRTOS_CMSIS_Template.elf
Finished building: default.size.stdout
 
Finished building: STM32F103_FreeRTOS_CMSIS_Template.list
 
22:05:46 **** Incremental Build of configuration Debug for project STM32F103_FreeRTOS_CMSIS_Template ****
make -j8 all 
arm-none-eabi-gcc "../Core/Src/main.c" -mcpu=cortex-m3 -std=gnu11 -g3 -DDEBUG -DUSE_HAL_DRIVER -DSTM32F103xB -c -I../Core/Inc -I../Drivers/STM32F1xx_HAL_Driver/Inc -I../Drivers/STM32F1xx_HAL_Driver/Inc/Legacy -I../Drivers/CMSIS/Device/ST/STM32F1xx/Include -I../Drivers/CMSIS/Include -I../Middlewares/Third_Party/FreeRTOS/Source/include -I../Middlewares/Third_Party/FreeRTOS/Source/CMSIS_RTOS_V2 -I../Middlewares/Third_Party/FreeRTOS/Source/portable/GCC/ARM_CM3 -O0 -ffunction-sections -fdata-sections -Wall -fstack-usage -fcyclomatic-complexity -MMD -MP -MF"Core/Src/main.d" -MT"Core/Src/main.o" --specs=nano.specs -mfloat-abi=soft -mthumb -o "Core/Src/main.o"
arm-none-eabi-gcc -o "STM32F103_FreeRTOS_CMSIS_Template.elf" @"objects.list"   -mcpu=cortex-m3 -T"D:\STM32\STM32F103_FreeRTOS_CMSIS\STM32F103_FreeRTOS_CMSIS_Template\STM32F103RBTX_FLASH.ld" --specs=nosys.specs -Wl,-Map="STM32F103_FreeRTOS_CMSIS_Template.map" -Wl,--gc-sections -static --specs=nano.specs -mfloat-abi=soft -mthumb -Wl,--start-group -lc -lm -Wl,--end-group
Finished building target: STM32F103_FreeRTOS_CMSIS_Template.elf
 
arm-none-eabi-size  STM32F103_FreeRTOS_CMSIS_Template.elf 
arm-none-eabi-objdump -h -S STM32F103_FreeRTOS_CMSIS_Template.elf  > "STM32F103_FreeRTOS_CMSIS_Template.list"
   text	   data	    bss	    dec	    hex	filename
  23036	     96	   8688	  31820	   7c4c	STM32F103_FreeRTOS_CMSIS_Template.elf
Finished building: default.size.stdout
 
Finished building: STM32F103_FreeRTOS_CMSIS_Template.list
 
22:13:02 **** Incremental Build of configuration Debug for project STM32F103_FreeRTOS_CMSIS_Template ****
make -j8 all 
arm-none-eabi-gcc "../Core/Src/main.c" -mcpu=cortex-m3 -std=gnu11 -g3 -DDEBUG -DUSE_HAL_DRIVER -DSTM32F103xB -c -I../Core/Inc -I../Drivers/STM32F1xx_HAL_Driver/Inc -I../Drivers/STM32F1xx_HAL_Driver/Inc/Legacy -I../Drivers/CMSIS/Device/ST/STM32F1xx/Include -I../Drivers/CMSIS/Include -I../Middlewares/Third_Party/FreeRTOS/Source/include -I../Middlewares/Third_Party/FreeRTOS/Source/CMSIS_RTOS_V2 -I../Middlewares/Third_Party/FreeRTOS/Source/portable/GCC/ARM_CM3 -O0 -ffunction-sections -fdata-sections -Wall -fstack-usage -fcyclomatic-complexity -MMD -MP -MF"Core/Src/main.d" -MT"Core/Src/main.o" --specs=nano.specs -mfloat-abi=soft -mthumb -o "Core/Src/main.o"
arm-none-eabi-gcc -o "STM32F103_FreeRTOS_CMSIS_Template.elf" @"objects.list"   -mcpu=cortex-m3 -T"D:\STM32\STM32F103_FreeRTOS_CMSIS\STM32F103_FreeRTOS_CMSIS_Template\STM32F103RBTX_FLASH.ld" --specs=nosys.specs -Wl,-Map="STM32F103_FreeRTOS_CMSIS_Template.map" -Wl,--gc-sections -static --specs=nano.specs -mfloat-abi=soft -mthumb -Wl,--start-group -lc -lm -Wl,--end-group
Finished building target: STM32F103_FreeRTOS_CMSIS_Template.elf
 
arm-none-eabi-size  STM32F103_FreeRTOS_CMSIS_Template.elf 
arm-none-eabi-objdump -h -S STM32F103_FreeRTOS_CMSIS_Template.elf  > "STM32F103_FreeRTOS_CMSIS_Template.list"
   text	   data	    bss	    dec	    hex	filename
  22972	     96	   8688	  31756	   7c0c	STM32F103_FreeRTOS_CMSIS_Template.elf
Finished building: default.size.stdout
 
Finished building: STM32F103_FreeRTOS_CMSIS_Template.list
 
22:14:01 **** Incremental Build of configuration Debug for project STM32F103_FreeRTOS_CMSIS_Template ****
make -j8 all 
arm-none-eabi-gcc "../Core/Src/main.c" -mcpu=cortex-m3 -std=gnu11 -g3 -DDEBUG -DUSE_HAL_DRIVER -DSTM32F103xB -c -I../Core/Inc -I../Drivers/STM32F1xx_HAL_Driver/Inc -I../Drivers/STM32F1xx_HAL_Driver/Inc/Legacy -I../Drivers/CMSIS/Device/ST/STM32F1xx/Include -I../Drivers/CMSIS/Include -I../Middlewares/Third_Party/FreeRTOS/Source/include -I../Middlewares/Third_Party/FreeRTOS/Source/CMSIS_RTOS_V2 -I../Middlewares/Third_Party/FreeRTOS/Source/portable/GCC/ARM_CM3 -O0 -ffunction-sections -fdata-sections -Wall -fstack-usage -fcyclomatic-complexity -MMD -MP -MF"Core/Src/main.d" -MT"Core/Src/main.o" --specs=nano.specs -mfloat-abi=soft -mthumb -o "Core/Src/main.o"
arm-none-eabi-gcc -o "STM32F103_FreeRTOS_CMSIS_Template.elf" @"objects.list"   -mcpu=cortex-m3 -T"D:\STM32\STM32F103_FreeRTOS_CMSIS\STM32F103_FreeRTOS_CMSIS_Template\STM32F103RBTX_FLASH.ld" --specs=nosys.specs -Wl,-Map="STM32F103_FreeRTOS_CMSIS_Template.map" -Wl,--gc-sections -static --specs=nano.specs -mfloat-abi=soft -mthumb -Wl,--start-group -lc -lm -Wl,--end-group
Finished building target: STM32F103_FreeRTOS_CMSIS_Template.elf
 
arm-none-eabi-size  STM32F103_FreeRTOS_CMSIS_Template.elf 
arm-none-eabi-objdump -h -S STM32F103_FreeRTOS_CMSIS_Template.elf  > "STM32F103_FreeRTOS_CMSIS_Template.list"
   text	   data	    bss	    dec	    hex	filename
  23036	     96	   8688	  31820	   7c4c	STM32F103_FreeRTOS_CMSIS_Template.elf
Finished building: default.size.stdout
 
Finished building: STM32F103_FreeRTOS_CMSIS_Template.list
 
22:14:31 **** Incremental Build of configuration Debug for project STM32F103_FreeRTOS_CMSIS_Template ****
make -j8 all 
arm-none-eabi-gcc "../Core/Src/main.c" -mcpu=cortex-m3 -std=gnu11 -g3 -DDEBUG -DUSE_HAL_DRIVER -DSTM32F103xB -c -I../Core/Inc -I../Drivers/STM32F1xx_HAL_Driver/Inc -I../Drivers/STM32F1xx_HAL_Driver/Inc/Legacy -I../Drivers/CMSIS/Device/ST/STM32F1xx/Include -I../Drivers/CMSIS/Include -I../Middlewares/Third_Party/FreeRTOS/Source/include -I../Middlewares/Third_Party/FreeRTOS/Source/CMSIS_RTOS_V2 -I../Middlewares/Third_Party/FreeRTOS/Source/portable/GCC/ARM_CM3 -O0 -ffunction-sections -fdata-sections -Wall -fstack-usage -fcyclomatic-complexity -MMD -MP -MF"Core/Src/main.d" -MT"Core/Src/main.o" --specs=nano.specs -mfloat-abi=soft -mthumb -o "Core/Src/main.o"
arm-none-eabi-gcc -o "STM32F103_FreeRTOS_CMSIS_Template.elf" @"objects.list"   -mcpu=cortex-m3 -T"D:\STM32\STM32F103_FreeRTOS_CMSIS\STM32F103_FreeRTOS_CMSIS_Template\STM32F103RBTX_FLASH.ld" --specs=nosys.specs -Wl,-Map="STM32F103_FreeRTOS_CMSIS_Template.map" -Wl,--gc-sections -static --specs=nano.specs -mfloat-abi=soft -mthumb -Wl,--start-group -lc -lm -Wl,--end-group
Finished building target: STM32F103_FreeRTOS_CMSIS_Template.elf
 
arm-none-eabi-size  STM32F103_FreeRTOS_CMSIS_Template.elf 
arm-none-eabi-objdump -h -S STM32F103_FreeRTOS_CMSIS_Template.elf  > "STM32F103_FreeRTOS_CMSIS_Template.list"
   text	   data	    bss	    dec	    hex	filename
  23036	     96	   8688	  31820	   7c4c	STM32F103_FreeRTOS_CMSIS_Template.elf
Finished building: default.size.stdout
 
Finished building: STM32F103_FreeRTOS_CMSIS_Template.list
 
22:16:09 **** Incremental Build of configuration Debug for project STM32F103_FreeRTOS_CMSIS_Template ****
make -j8 all 
arm-none-eabi-gcc "../Core/Src/main.c" -mcpu=cortex-m3 -std=gnu11 -g3 -DDEBUG -DUSE_HAL_DRIVER -DSTM32F103xB -c -I../Core/Inc -I../Drivers/STM32F1xx_HAL_Driver/Inc -I../Drivers/STM32F1xx_HAL_Driver/Inc/Legacy -I../Drivers/CMSIS/Device/ST/STM32F1xx/Include -I../Drivers/CMSIS/Include -I../Middlewares/Third_Party/FreeRTOS/Source/include -I../Middlewares/Third_Party/FreeRTOS/Source/CMSIS_RTOS_V2 -I../Middlewares/Third_Party/FreeRTOS/Source/portable/GCC/ARM_CM3 -O0 -ffunction-sections -fdata-sections -Wall -fstack-usage -fcyclomatic-complexity -MMD -MP -MF"Core/Src/main.d" -MT"Core/Src/main.o" --specs=nano.specs -mfloat-abi=soft -mthumb -o "Core/Src/main.o"
arm-none-eabi-gcc -o "STM32F103_FreeRTOS_CMSIS_Template.elf" @"objects.list"   -mcpu=cortex-m3 -T"D:\STM32\STM32F103_FreeRTOS_CMSIS\STM32F103_FreeRTOS_CMSIS_Template\STM32F103RBTX_FLASH.ld" --specs=nosys.specs -Wl,-Map="STM32F103_FreeRTOS_CMSIS_Template.map" -Wl,--gc-sections -static --specs=nano.specs -mfloat-abi=soft -mthumb -Wl,--start-group -lc -lm -Wl,--end-group
Finished building target: STM32F103_FreeRTOS_CMSIS_Template.elf
 
arm-none-eabi-size  STM32F103_FreeRTOS_CMSIS_Template.elf 
arm-none-eabi-objdump -h -S STM32F103_FreeRTOS_CMSIS_Template.elf  > "STM32F103_FreeRTOS_CMSIS_Template.list"
   text	   data	    bss	    dec	    hex	filename
  23036	     96	   8688	  31820	   7c4c	STM32F103_FreeRTOS_CMSIS_Template.elf
Finished building: default.size.stdout
 
Finished building: STM32F103_FreeRTOS_CMSIS_Template.list
 
