23:03:58 **** Clean-only build of configuration Debug for project STM32F103_FreeRTOS_CMSIS_Event ****
make -j8 clean 
rm -rf ./Middlewares/Third_Party/FreeRTOS/Source/portable/MemMang/heap_4.cyclo ./Middlewares/Third_Party/FreeRTOS/Source/portable/MemMang/heap_4.d ./Middlewares/Third_Party/FreeRTOS/Source/portable/MemMang/heap_4.o ./Middlewares/Third_Party/FreeRTOS/Source/portable/MemMang/heap_4.su
rm -rf ./Middlewares/Third_Party/FreeRTOS/Source/portable/GCC/ARM_CM3/port.cyclo ./Middlewares/Third_Party/FreeRTOS/Source/portable/GCC/ARM_CM3/port.d ./Middlewares/Third_Party/FreeRTOS/Source/portable/GCC/ARM_CM3/port.o ./Middlewares/Third_Party/FreeRTOS/Source/portable/GCC/ARM_CM3/port.su
rm -rf ./Middlewares/Third_Party/FreeRTOS/Source/CMSIS_RTOS_V2/cmsis_os2.cyclo ./Middlewares/Third_Party/FreeRTOS/Source/CMSIS_RTOS_V2/cmsis_os2.d ./Middlewares/Third_Party/FreeRTOS/Source/CMSIS_RTOS_V2/cmsis_os2.o ./Middlewares/Third_Party/FreeRTOS/Source/CMSIS_RTOS_V2/cmsis_os2.su
rm -rf ./Middlewares/Third_Party/FreeRTOS/Source/croutine.cyclo ./Middlewares/Third_Party/FreeRTOS/Source/croutine.d ./Middlewares/Third_Party/FreeRTOS/Source/croutine.o ./Middlewares/Third_Party/FreeRTOS/Source/croutine.su ./Middlewares/Third_Party/FreeRTOS/Source/event_groups.cyclo ./Middlewares/Third_Party/FreeRTOS/Source/event_groups.d ./Middlewares/Third_Party/FreeRTOS/Source/event_groups.o ./Middlewares/Third_Party/FreeRTOS/Source/event_groups.su ./Middlewares/Third_Party/FreeRTOS/Source/list.cyclo ./Middlewares/Third_Party/FreeRTOS/Source/list.d ./Middlewares/Third_Party/FreeRTOS/Source/list.o ./Middlewares/Third_Party/FreeRTOS/Source/list.su ./Middlewares/Third_Party/FreeRTOS/Source/queue.cyclo ./Middlewares/Third_Party/FreeRTOS/Source/queue.d ./Middlewares/Third_Party/FreeRTOS/Source/queue.o ./Middlewares/Third_Party/FreeRTOS/Source/queue.su ./Middlewares/Third_Party/FreeRTOS/Source/stream_buffer.cyclo ./Middlewares/Third_Party/FreeRTOS/Source/stream_buffer.d ./Middlewares/Third_Party/FreeRTOS/Source/stream_buffer.o ./Middlewares/Third_Party/FreeRTOS/Source/stream_buffer.su ./Middlewares/Third_Party/FreeRTOS/Source/tasks.cyclo ./Middlewares/Third_Party/FreeRTOS/Source/tasks.d ./Middlewares/Third_Party/FreeRTOS/Source/tasks.o ./Middlewares/Third_Party/FreeRTOS/Source/tasks.su ./Middlewares/Third_Party/FreeRTOS/Source/timers.cyclo ./Middlewares/Third_Party/FreeRTOS/Source/timers.d ./Middlewares/Third_Party/FreeRTOS/Source/timers.o ./Middlewares/Third_Party/FreeRTOS/Source/timers.su
rm -rf ./Drivers/STM32F1xx_HAL_Driver/Src/stm32f1xx_hal.cyclo ./Drivers/STM32F1xx_HAL_Driver/Src/stm32f1xx_hal.d ./Drivers/STM32F1xx_HAL_Driver/Src/stm32f1xx_hal.o ./Drivers/STM32F1xx_HAL_Driver/Src/stm32f1xx_hal.su ./Drivers/STM32F1xx_HAL_Driver/Src/stm32f1xx_hal_cortex.cyclo ./Drivers/STM32F1xx_HAL_Driver/Src/stm32f1xx_hal_cortex.d ./Drivers/STM32F1xx_HAL_Driver/Src/stm32f1xx_hal_cortex.o ./Drivers/STM32F1xx_HAL_Driver/Src/stm32f1xx_hal_cortex.su ./Drivers/STM32F1xx_HAL_Driver/Src/stm32f1xx_hal_dma.cyclo ./Drivers/STM32F1xx_HAL_Driver/Src/stm32f1xx_hal_dma.d ./Drivers/STM32F1xx_HAL_Driver/Src/stm32f1xx_hal_dma.o ./Drivers/STM32F1xx_HAL_Driver/Src/stm32f1xx_hal_dma.su ./Drivers/STM32F1xx_HAL_Driver/Src/stm32f1xx_hal_exti.cyclo ./Drivers/STM32F1xx_HAL_Driver/Src/stm32f1xx_hal_exti.d ./Drivers/STM32F1xx_HAL_Driver/Src/stm32f1xx_hal_exti.o ./Drivers/STM32F1xx_HAL_Driver/Src/stm32f1xx_hal_exti.su ./Drivers/STM32F1xx_HAL_Driver/Src/stm32f1xx_hal_flash.cyclo ./Drivers/STM32F1xx_HAL_Driver/Src/stm32f1xx_hal_flash.d ./Drivers/STM32F1xx_HAL_Driver/Src/stm32f1xx_hal_flash.o ./Drivers/STM32F1xx_HAL_Driver/Src/stm32f1xx_hal_flash.su ./Drivers/STM32F1xx_HAL_Driver/Src/stm32f1xx_hal_flash_ex.cyclo ./Drivers/STM32F1xx_HAL_Driver/Src/stm32f1xx_hal_flash_ex.d ./Drivers/STM32F1xx_HAL_Driver/Src/stm32f1xx_hal_flash_ex.o ./Drivers/STM32F1xx_HAL_Driver/Src/stm32f1xx_hal_flash_ex.su ./Drivers/STM32F1xx_HAL_Driver/Src/stm32f1xx_hal_gpio.cyclo ./Drivers/STM32F1xx_HAL_Driver/Src/stm32f1xx_hal_gpio.d ./Drivers/STM32F1xx_HAL_Driver/Src/stm32f1xx_hal_gpio.o ./Drivers/STM32F1xx_HAL_Driver/Src/stm32f1xx_hal_gpio.su ./Drivers/STM32F1xx_HAL_Driver/Src/stm32f1xx_hal_gpio_ex.cyclo ./Drivers/STM32F1xx_HAL_Driver/Src/stm32f1xx_hal_gpio_ex.d ./Drivers/STM32F1xx_HAL_Driver/Src/stm32f1xx_hal_gpio_ex.o ./Drivers/STM32F1xx_HAL_Driver/Src/stm32f1xx_hal_gpio_ex.su ./Drivers/STM32F1xx_HAL_Driver/Src/stm32f1xx_hal_pwr.cyclo ./Drivers/STM32F1xx_HAL_Driver/Src/stm32f1xx_hal_pwr.d ./Drivers/STM32F1xx_HAL_Driver/Src/stm32f1xx_hal_pwr.o ./Drivers/STM32F1xx_HAL_Driver/Src/stm32f1xx_hal_pwr.su ./Drivers/STM32F1xx_HAL_Driver/Src/stm32f1xx_hal_rcc.cyclo ./Drivers/STM32F1xx_HAL_Driver/Src/stm32f1xx_hal_rcc.d ./Drivers/STM32F1xx_HAL_Driver/Src/stm32f1xx_hal_rcc.o ./Drivers/STM32F1xx_HAL_Driver/Src/stm32f1xx_hal_rcc.su ./Drivers/STM32F1xx_HAL_Driver/Src/stm32f1xx_hal_rcc_ex.cyclo ./Drivers/STM32F1xx_HAL_Driver/Src/stm32f1xx_hal_rcc_ex.d ./Drivers/STM32F1xx_HAL_Driver/Src/stm32f1xx_hal_rcc_ex.o ./Drivers/STM32F1xx_HAL_Driver/Src/stm32f1xx_hal_rcc_ex.su ./Drivers/STM32F1xx_HAL_Driver/Src/stm32f1xx_hal_tim.cyclo ./Drivers/STM32F1xx_HAL_Driver/Src/stm32f1xx_hal_tim.d ./Drivers/STM32F1xx_HAL_Driver/Src/stm32f1xx_hal_tim.o ./Drivers/STM32F1xx_HAL_Driver/Src/stm32f1xx_hal_tim.su ./Drivers/STM32F1xx_HAL_Driver/Src/stm32f1xx_hal_tim_ex.cyclo ./Drivers/STM32F1xx_HAL_Driver/Src/stm32f1xx_hal_tim_ex.d ./Drivers/STM32F1xx_HAL_Driver/Src/stm32f1xx_hal_tim_ex.o ./Drivers/STM32F1xx_HAL_Driver/Src/stm32f1xx_hal_tim_ex.su ./Drivers/STM32F1xx_HAL_Driver/Src/stm32f1xx_hal_uart.cyclo ./Drivers/STM32F1xx_HAL_Driver/Src/stm32f1xx_hal_uart.d ./Drivers/STM32F1xx_HAL_Driver/Src/stm32f1xx_hal_uart.o ./Drivers/STM32F1xx_HAL_Driver/Src/stm32f1xx_hal_uart.su
rm -rf ./Core/Startup/startup_stm32f103rbtx.d ./Core/Startup/startup_stm32f103rbtx.o
rm -rf ./Core/Src/freertos.cyclo ./Core/Src/freertos.d ./Core/Src/freertos.o ./Core/Src/freertos.su ./Core/Src/main.cyclo ./Core/Src/main.d ./Core/Src/main.o ./Core/Src/main.su ./Core/Src/stm32f1xx_hal_msp.cyclo ./Core/Src/stm32f1xx_hal_msp.d ./Core/Src/stm32f1xx_hal_msp.o ./Core/Src/stm32f1xx_hal_msp.su ./Core/Src/stm32f1xx_hal_timebase_tim.cyclo ./Core/Src/stm32f1xx_hal_timebase_tim.d ./Core/Src/stm32f1xx_hal_timebase_tim.o ./Core/Src/stm32f1xx_hal_timebase_tim.su ./Core/Src/stm32f1xx_it.cyclo ./Core/Src/stm32f1xx_it.d ./Core/Src/stm32f1xx_it.o ./Core/Src/stm32f1xx_it.su ./Core/Src/syscalls.cyclo ./Core/Src/syscalls.d ./Core/Src/syscalls.o ./Core/Src/syscalls.su ./Core/Src/sysmem.cyclo ./Core/Src/sysmem.d ./Core/Src/sysmem.o ./Core/Src/sysmem.su ./Core/Src/system_stm32f1xx.cyclo ./Core/Src/system_stm32f1xx.d ./Core/Src/system_stm32f1xx.o ./Core/Src/system_stm32f1xx.su
rm -rf STM32F103_FreeRTOS_CMSIS_Event.elf STM32F103_FreeRTOS_CMSIS_Event.list STM32F103_FreeRTOS_CMSIS_Event.map default.size.stdout
rm: can't remove 'STM32F103_FreeRTOS_CMSIS_Event.elf': Permission denied
make: [makefile:84: clean] Error 1 (ignored)
 
23:04:36 **** Build of configuration Debug for project STM32F103_FreeRTOS_CMSIS_Event ****
make -j8 all 
arm-none-eabi-gcc "../Middlewares/Third_Party/FreeRTOS/Source/portable/MemMang/heap_4.c" -mcpu=cortex-m3 -std=gnu11 -g3 -DDEBUG -DUSE_HAL_DRIVER -DSTM32F103xB -c -I../Core/Inc -I../Drivers/STM32F1xx_HAL_Driver/Inc -I../Drivers/STM32F1xx_HAL_Driver/Inc/Legacy -I../Drivers/CMSIS/Device/ST/STM32F1xx/Include -I../Drivers/CMSIS/Include -I../Middlewares/Third_Party/FreeRTOS/Source/include -I../Middlewares/Third_Party/FreeRTOS/Source/CMSIS_RTOS_V2 -I../Middlewares/Third_Party/FreeRTOS/Source/portable/GCC/ARM_CM3 -O0 -ffunction-sections -fdata-sections -Wall -fstack-usage -fcyclomatic-complexity -MMD -MP -MF"Middlewares/Third_Party/FreeRTOS/Source/portable/MemMang/heap_4.d" -MT"Middlewares/Third_Party/FreeRTOS/Source/portable/MemMang/heap_4.o" --specs=nano.specs -mfloat-abi=soft -mthumb -o "Middlewares/Third_Party/FreeRTOS/Source/portable/MemMang/heap_4.o"
arm-none-eabi-gcc "../Middlewares/Third_Party/FreeRTOS/Source/portable/GCC/ARM_CM3/port.c" -mcpu=cortex-m3 -std=gnu11 -g3 -DDEBUG -DUSE_HAL_DRIVER -DSTM32F103xB -c -I../Core/Inc -I../Drivers/STM32F1xx_HAL_Driver/Inc -I../Drivers/STM32F1xx_HAL_Driver/Inc/Legacy -I../Drivers/CMSIS/Device/ST/STM32F1xx/Include -I../Drivers/CMSIS/Include -I../Middlewares/Third_Party/FreeRTOS/Source/include -I../Middlewares/Third_Party/FreeRTOS/Source/CMSIS_RTOS_V2 -I../Middlewares/Third_Party/FreeRTOS/Source/portable/GCC/ARM_CM3 -O0 -ffunction-sections -fdata-sections -Wall -fstack-usage -fcyclomatic-complexity -MMD -MP -MF"Middlewares/Third_Party/FreeRTOS/Source/portable/GCC/ARM_CM3/port.d" -MT"Middlewares/Third_Party/FreeRTOS/Source/portable/GCC/ARM_CM3/port.o" --specs=nano.specs -mfloat-abi=soft -mthumb -o "Middlewares/Third_Party/FreeRTOS/Source/portable/GCC/ARM_CM3/port.o"
arm-none-eabi-gcc "../Middlewares/Third_Party/FreeRTOS/Source/CMSIS_RTOS_V2/cmsis_os2.c" -mcpu=cortex-m3 -std=gnu11 -g3 -DDEBUG -DUSE_HAL_DRIVER -DSTM32F103xB -c -I../Core/Inc -I../Drivers/STM32F1xx_HAL_Driver/Inc -I../Drivers/STM32F1xx_HAL_Driver/Inc/Legacy -I../Drivers/CMSIS/Device/ST/STM32F1xx/Include -I../Drivers/CMSIS/Include -I../Middlewares/Third_Party/FreeRTOS/Source/include -I../Middlewares/Third_Party/FreeRTOS/Source/CMSIS_RTOS_V2 -I../Middlewares/Third_Party/FreeRTOS/Source/portable/GCC/ARM_CM3 -O0 -ffunction-sections -fdata-sections -Wall -fstack-usage -fcyclomatic-complexity -MMD -MP -MF"Middlewares/Third_Party/FreeRTOS/Source/CMSIS_RTOS_V2/cmsis_os2.d" -MT"Middlewares/Third_Party/FreeRTOS/Source/CMSIS_RTOS_V2/cmsis_os2.o" --specs=nano.specs -mfloat-abi=soft -mthumb -o "Middlewares/Third_Party/FreeRTOS/Source/CMSIS_RTOS_V2/cmsis_os2.o"
arm-none-eabi-gcc "../Middlewares/Third_Party/FreeRTOS/Source/croutine.c" -mcpu=cortex-m3 -std=gnu11 -g3 -DDEBUG -DUSE_HAL_DRIVER -DSTM32F103xB -c -I../Core/Inc -I../Drivers/STM32F1xx_HAL_Driver/Inc -I../Drivers/STM32F1xx_HAL_Driver/Inc/Legacy -I../Drivers/CMSIS/Device/ST/STM32F1xx/Include -I../Drivers/CMSIS/Include -I../Middlewares/Third_Party/FreeRTOS/Source/include -I../Middlewares/Third_Party/FreeRTOS/Source/CMSIS_RTOS_V2 -I../Middlewares/Third_Party/FreeRTOS/Source/portable/GCC/ARM_CM3 -O0 -ffunction-sections -fdata-sections -Wall -fstack-usage -fcyclomatic-complexity -MMD -MP -MF"Middlewares/Third_Party/FreeRTOS/Source/croutine.d" -MT"Middlewares/Third_Party/FreeRTOS/Source/croutine.o" --specs=nano.specs -mfloat-abi=soft -mthumb -o "Middlewares/Third_Party/FreeRTOS/Source/croutine.o"
arm-none-eabi-gcc "../Middlewares/Third_Party/FreeRTOS/Source/event_groups.c" -mcpu=cortex-m3 -std=gnu11 -g3 -DDEBUG -DUSE_HAL_DRIVER -DSTM32F103xB -c -I../Core/Inc -I../Drivers/STM32F1xx_HAL_Driver/Inc -I../Drivers/STM32F1xx_HAL_Driver/Inc/Legacy -I../Drivers/CMSIS/Device/ST/STM32F1xx/Include -I../Drivers/CMSIS/Include -I../Middlewares/Third_Party/FreeRTOS/Source/include -I../Middlewares/Third_Party/FreeRTOS/Source/CMSIS_RTOS_V2 -I../Middlewares/Third_Party/FreeRTOS/Source/portable/GCC/ARM_CM3 -O0 -ffunction-sections -fdata-sections -Wall -fstack-usage -fcyclomatic-complexity -MMD -MP -MF"Middlewares/Third_Party/FreeRTOS/Source/event_groups.d" -MT"Middlewares/Third_Party/FreeRTOS/Source/event_groups.o" --specs=nano.specs -mfloat-abi=soft -mthumb -o "Middlewares/Third_Party/FreeRTOS/Source/event_groups.o"
arm-none-eabi-gcc "../Middlewares/Third_Party/FreeRTOS/Source/list.c" -mcpu=cortex-m3 -std=gnu11 -g3 -DDEBUG -DUSE_HAL_DRIVER -DSTM32F103xB -c -I../Core/Inc -I../Drivers/STM32F1xx_HAL_Driver/Inc -I../Drivers/STM32F1xx_HAL_Driver/Inc/Legacy -I../Drivers/CMSIS/Device/ST/STM32F1xx/Include -I../Drivers/CMSIS/Include -I../Middlewares/Third_Party/FreeRTOS/Source/include -I../Middlewares/Third_Party/FreeRTOS/Source/CMSIS_RTOS_V2 -I../Middlewares/Third_Party/FreeRTOS/Source/portable/GCC/ARM_CM3 -O0 -ffunction-sections -fdata-sections -Wall -fstack-usage -fcyclomatic-complexity -MMD -MP -MF"Middlewares/Third_Party/FreeRTOS/Source/list.d" -MT"Middlewares/Third_Party/FreeRTOS/Source/list.o" --specs=nano.specs -mfloat-abi=soft -mthumb -o "Middlewares/Third_Party/FreeRTOS/Source/list.o"
arm-none-eabi-gcc "../Middlewares/Third_Party/FreeRTOS/Source/queue.c" -mcpu=cortex-m3 -std=gnu11 -g3 -DDEBUG -DUSE_HAL_DRIVER -DSTM32F103xB -c -I../Core/Inc -I../Drivers/STM32F1xx_HAL_Driver/Inc -I../Drivers/STM32F1xx_HAL_Driver/Inc/Legacy -I../Drivers/CMSIS/Device/ST/STM32F1xx/Include -I../Drivers/CMSIS/Include -I../Middlewares/Third_Party/FreeRTOS/Source/include -I../Middlewares/Third_Party/FreeRTOS/Source/CMSIS_RTOS_V2 -I../Middlewares/Third_Party/FreeRTOS/Source/portable/GCC/ARM_CM3 -O0 -ffunction-sections -fdata-sections -Wall -fstack-usage -fcyclomatic-complexity -MMD -MP -MF"Middlewares/Third_Party/FreeRTOS/Source/queue.d" -MT"Middlewares/Third_Party/FreeRTOS/Source/queue.o" --specs=nano.specs -mfloat-abi=soft -mthumb -o "Middlewares/Third_Party/FreeRTOS/Source/queue.o"
arm-none-eabi-gcc "../Middlewares/Third_Party/FreeRTOS/Source/stream_buffer.c" -mcpu=cortex-m3 -std=gnu11 -g3 -DDEBUG -DUSE_HAL_DRIVER -DSTM32F103xB -c -I../Core/Inc -I../Drivers/STM32F1xx_HAL_Driver/Inc -I../Drivers/STM32F1xx_HAL_Driver/Inc/Legacy -I../Drivers/CMSIS/Device/ST/STM32F1xx/Include -I../Drivers/CMSIS/Include -I../Middlewares/Third_Party/FreeRTOS/Source/include -I../Middlewares/Third_Party/FreeRTOS/Source/CMSIS_RTOS_V2 -I../Middlewares/Third_Party/FreeRTOS/Source/portable/GCC/ARM_CM3 -O0 -ffunction-sections -fdata-sections -Wall -fstack-usage -fcyclomatic-complexity -MMD -MP -MF"Middlewares/Third_Party/FreeRTOS/Source/stream_buffer.d" -MT"Middlewares/Third_Party/FreeRTOS/Source/stream_buffer.o" --specs=nano.specs -mfloat-abi=soft -mthumb -o "Middlewares/Third_Party/FreeRTOS/Source/stream_buffer.o"
arm-none-eabi-gcc "../Middlewares/Third_Party/FreeRTOS/Source/tasks.c" -mcpu=cortex-m3 -std=gnu11 -g3 -DDEBUG -DUSE_HAL_DRIVER -DSTM32F103xB -c -I../Core/Inc -I../Drivers/STM32F1xx_HAL_Driver/Inc -I../Drivers/STM32F1xx_HAL_Driver/Inc/Legacy -I../Drivers/CMSIS/Device/ST/STM32F1xx/Include -I../Drivers/CMSIS/Include -I../Middlewares/Third_Party/FreeRTOS/Source/include -I../Middlewares/Third_Party/FreeRTOS/Source/CMSIS_RTOS_V2 -I../Middlewares/Third_Party/FreeRTOS/Source/portable/GCC/ARM_CM3 -O0 -ffunction-sections -fdata-sections -Wall -fstack-usage -fcyclomatic-complexity -MMD -MP -MF"Middlewares/Third_Party/FreeRTOS/Source/tasks.d" -MT"Middlewares/Third_Party/FreeRTOS/Source/tasks.o" --specs=nano.specs -mfloat-abi=soft -mthumb -o "Middlewares/Third_Party/FreeRTOS/Source/tasks.o"
arm-none-eabi-gcc "../Middlewares/Third_Party/FreeRTOS/Source/timers.c" -mcpu=cortex-m3 -std=gnu11 -g3 -DDEBUG -DUSE_HAL_DRIVER -DSTM32F103xB -c -I../Core/Inc -I../Drivers/STM32F1xx_HAL_Driver/Inc -I../Drivers/STM32F1xx_HAL_Driver/Inc/Legacy -I../Drivers/CMSIS/Device/ST/STM32F1xx/Include -I../Drivers/CMSIS/Include -I../Middlewares/Third_Party/FreeRTOS/Source/include -I../Middlewares/Third_Party/FreeRTOS/Source/CMSIS_RTOS_V2 -I../Middlewares/Third_Party/FreeRTOS/Source/portable/GCC/ARM_CM3 -O0 -ffunction-sections -fdata-sections -Wall -fstack-usage -fcyclomatic-complexity -MMD -MP -MF"Middlewares/Third_Party/FreeRTOS/Source/timers.d" -MT"Middlewares/Third_Party/FreeRTOS/Source/timers.o" --specs=nano.specs -mfloat-abi=soft -mthumb -o "Middlewares/Third_Party/FreeRTOS/Source/timers.o"
arm-none-eabi-gcc "../Drivers/STM32F1xx_HAL_Driver/Src/stm32f1xx_hal.c" -mcpu=cortex-m3 -std=gnu11 -g3 -DDEBUG -DUSE_HAL_DRIVER -DSTM32F103xB -c -I../Core/Inc -I../Drivers/STM32F1xx_HAL_Driver/Inc -I../Drivers/STM32F1xx_HAL_Driver/Inc/Legacy -I../Drivers/CMSIS/Device/ST/STM32F1xx/Include -I../Drivers/CMSIS/Include -I../Middlewares/Third_Party/FreeRTOS/Source/include -I../Middlewares/Third_Party/FreeRTOS/Source/CMSIS_RTOS_V2 -I../Middlewares/Third_Party/FreeRTOS/Source/portable/GCC/ARM_CM3 -O0 -ffunction-sections -fdata-sections -Wall -fstack-usage -fcyclomatic-complexity -MMD -MP -MF"Drivers/STM32F1xx_HAL_Driver/Src/stm32f1xx_hal.d" -MT"Drivers/STM32F1xx_HAL_Driver/Src/stm32f1xx_hal.o" --specs=nano.specs -mfloat-abi=soft -mthumb -o "Drivers/STM32F1xx_HAL_Driver/Src/stm32f1xx_hal.o"
arm-none-eabi-gcc "../Drivers/STM32F1xx_HAL_Driver/Src/stm32f1xx_hal_cortex.c" -mcpu=cortex-m3 -std=gnu11 -g3 -DDEBUG -DUSE_HAL_DRIVER -DSTM32F103xB -c -I../Core/Inc -I../Drivers/STM32F1xx_HAL_Driver/Inc -I../Drivers/STM32F1xx_HAL_Driver/Inc/Legacy -I../Drivers/CMSIS/Device/ST/STM32F1xx/Include -I../Drivers/CMSIS/Include -I../Middlewares/Third_Party/FreeRTOS/Source/include -I../Middlewares/Third_Party/FreeRTOS/Source/CMSIS_RTOS_V2 -I../Middlewares/Third_Party/FreeRTOS/Source/portable/GCC/ARM_CM3 -O0 -ffunction-sections -fdata-sections -Wall -fstack-usage -fcyclomatic-complexity -MMD -MP -MF"Drivers/STM32F1xx_HAL_Driver/Src/stm32f1xx_hal_cortex.d" -MT"Drivers/STM32F1xx_HAL_Driver/Src/stm32f1xx_hal_cortex.o" --specs=nano.specs -mfloat-abi=soft -mthumb -o "Drivers/STM32F1xx_HAL_Driver/Src/stm32f1xx_hal_cortex.o"
arm-none-eabi-gcc "../Drivers/STM32F1xx_HAL_Driver/Src/stm32f1xx_hal_dma.c" -mcpu=cortex-m3 -std=gnu11 -g3 -DDEBUG -DUSE_HAL_DRIVER -DSTM32F103xB -c -I../Core/Inc -I../Drivers/STM32F1xx_HAL_Driver/Inc -I../Drivers/STM32F1xx_HAL_Driver/Inc/Legacy -I../Drivers/CMSIS/Device/ST/STM32F1xx/Include -I../Drivers/CMSIS/Include -I../Middlewares/Third_Party/FreeRTOS/Source/include -I../Middlewares/Third_Party/FreeRTOS/Source/CMSIS_RTOS_V2 -I../Middlewares/Third_Party/FreeRTOS/Source/portable/GCC/ARM_CM3 -O0 -ffunction-sections -fdata-sections -Wall -fstack-usage -fcyclomatic-complexity -MMD -MP -MF"Drivers/STM32F1xx_HAL_Driver/Src/stm32f1xx_hal_dma.d" -MT"Drivers/STM32F1xx_HAL_Driver/Src/stm32f1xx_hal_dma.o" --specs=nano.specs -mfloat-abi=soft -mthumb -o "Drivers/STM32F1xx_HAL_Driver/Src/stm32f1xx_hal_dma.o"
arm-none-eabi-gcc "../Drivers/STM32F1xx_HAL_Driver/Src/stm32f1xx_hal_exti.c" -mcpu=cortex-m3 -std=gnu11 -g3 -DDEBUG -DUSE_HAL_DRIVER -DSTM32F103xB -c -I../Core/Inc -I../Drivers/STM32F1xx_HAL_Driver/Inc -I../Drivers/STM32F1xx_HAL_Driver/Inc/Legacy -I../Drivers/CMSIS/Device/ST/STM32F1xx/Include -I../Drivers/CMSIS/Include -I../Middlewares/Third_Party/FreeRTOS/Source/include -I../Middlewares/Third_Party/FreeRTOS/Source/CMSIS_RTOS_V2 -I../Middlewares/Third_Party/FreeRTOS/Source/portable/GCC/ARM_CM3 -O0 -ffunction-sections -fdata-sections -Wall -fstack-usage -fcyclomatic-complexity -MMD -MP -MF"Drivers/STM32F1xx_HAL_Driver/Src/stm32f1xx_hal_exti.d" -MT"Drivers/STM32F1xx_HAL_Driver/Src/stm32f1xx_hal_exti.o" --specs=nano.specs -mfloat-abi=soft -mthumb -o "Drivers/STM32F1xx_HAL_Driver/Src/stm32f1xx_hal_exti.o"
arm-none-eabi-gcc "../Drivers/STM32F1xx_HAL_Driver/Src/stm32f1xx_hal_flash.c" -mcpu=cortex-m3 -std=gnu11 -g3 -DDEBUG -DUSE_HAL_DRIVER -DSTM32F103xB -c -I../Core/Inc -I../Drivers/STM32F1xx_HAL_Driver/Inc -I../Drivers/STM32F1xx_HAL_Driver/Inc/Legacy -I../Drivers/CMSIS/Device/ST/STM32F1xx/Include -I../Drivers/CMSIS/Include -I../Middlewares/Third_Party/FreeRTOS/Source/include -I../Middlewares/Third_Party/FreeRTOS/Source/CMSIS_RTOS_V2 -I../Middlewares/Third_Party/FreeRTOS/Source/portable/GCC/ARM_CM3 -O0 -ffunction-sections -fdata-sections -Wall -fstack-usage -fcyclomatic-complexity -MMD -MP -MF"Drivers/STM32F1xx_HAL_Driver/Src/stm32f1xx_hal_flash.d" -MT"Drivers/STM32F1xx_HAL_Driver/Src/stm32f1xx_hal_flash.o" --specs=nano.specs -mfloat-abi=soft -mthumb -o "Drivers/STM32F1xx_HAL_Driver/Src/stm32f1xx_hal_flash.o"
arm-none-eabi-gcc "../Drivers/STM32F1xx_HAL_Driver/Src/stm32f1xx_hal_flash_ex.c" -mcpu=cortex-m3 -std=gnu11 -g3 -DDEBUG -DUSE_HAL_DRIVER -DSTM32F103xB -c -I../Core/Inc -I../Drivers/STM32F1xx_HAL_Driver/Inc -I../Drivers/STM32F1xx_HAL_Driver/Inc/Legacy -I../Drivers/CMSIS/Device/ST/STM32F1xx/Include -I../Drivers/CMSIS/Include -I../Middlewares/Third_Party/FreeRTOS/Source/include -I../Middlewares/Third_Party/FreeRTOS/Source/CMSIS_RTOS_V2 -I../Middlewares/Third_Party/FreeRTOS/Source/portable/GCC/ARM_CM3 -O0 -ffunction-sections -fdata-sections -Wall -fstack-usage -fcyclomatic-complexity -MMD -MP -MF"Drivers/STM32F1xx_HAL_Driver/Src/stm32f1xx_hal_flash_ex.d" -MT"Drivers/STM32F1xx_HAL_Driver/Src/stm32f1xx_hal_flash_ex.o" --specs=nano.specs -mfloat-abi=soft -mthumb -o "Drivers/STM32F1xx_HAL_Driver/Src/stm32f1xx_hal_flash_ex.o"
arm-none-eabi-gcc "../Drivers/STM32F1xx_HAL_Driver/Src/stm32f1xx_hal_gpio.c" -mcpu=cortex-m3 -std=gnu11 -g3 -DDEBUG -DUSE_HAL_DRIVER -DSTM32F103xB -c -I../Core/Inc -I../Drivers/STM32F1xx_HAL_Driver/Inc -I../Drivers/STM32F1xx_HAL_Driver/Inc/Legacy -I../Drivers/CMSIS/Device/ST/STM32F1xx/Include -I../Drivers/CMSIS/Include -I../Middlewares/Third_Party/FreeRTOS/Source/include -I../Middlewares/Third_Party/FreeRTOS/Source/CMSIS_RTOS_V2 -I../Middlewares/Third_Party/FreeRTOS/Source/portable/GCC/ARM_CM3 -O0 -ffunction-sections -fdata-sections -Wall -fstack-usage -fcyclomatic-complexity -MMD -MP -MF"Drivers/STM32F1xx_HAL_Driver/Src/stm32f1xx_hal_gpio.d" -MT"Drivers/STM32F1xx_HAL_Driver/Src/stm32f1xx_hal_gpio.o" --specs=nano.specs -mfloat-abi=soft -mthumb -o "Drivers/STM32F1xx_HAL_Driver/Src/stm32f1xx_hal_gpio.o"
arm-none-eabi-gcc "../Drivers/STM32F1xx_HAL_Driver/Src/stm32f1xx_hal_gpio_ex.c" -mcpu=cortex-m3 -std=gnu11 -g3 -DDEBUG -DUSE_HAL_DRIVER -DSTM32F103xB -c -I../Core/Inc -I../Drivers/STM32F1xx_HAL_Driver/Inc -I../Drivers/STM32F1xx_HAL_Driver/Inc/Legacy -I../Drivers/CMSIS/Device/ST/STM32F1xx/Include -I../Drivers/CMSIS/Include -I../Middlewares/Third_Party/FreeRTOS/Source/include -I../Middlewares/Third_Party/FreeRTOS/Source/CMSIS_RTOS_V2 -I../Middlewares/Third_Party/FreeRTOS/Source/portable/GCC/ARM_CM3 -O0 -ffunction-sections -fdata-sections -Wall -fstack-usage -fcyclomatic-complexity -MMD -MP -MF"Drivers/STM32F1xx_HAL_Driver/Src/stm32f1xx_hal_gpio_ex.d" -MT"Drivers/STM32F1xx_HAL_Driver/Src/stm32f1xx_hal_gpio_ex.o" --specs=nano.specs -mfloat-abi=soft -mthumb -o "Drivers/STM32F1xx_HAL_Driver/Src/stm32f1xx_hal_gpio_ex.o"
arm-none-eabi-gcc "../Drivers/STM32F1xx_HAL_Driver/Src/stm32f1xx_hal_pwr.c" -mcpu=cortex-m3 -std=gnu11 -g3 -DDEBUG -DUSE_HAL_DRIVER -DSTM32F103xB -c -I../Core/Inc -I../Drivers/STM32F1xx_HAL_Driver/Inc -I../Drivers/STM32F1xx_HAL_Driver/Inc/Legacy -I../Drivers/CMSIS/Device/ST/STM32F1xx/Include -I../Drivers/CMSIS/Include -I../Middlewares/Third_Party/FreeRTOS/Source/include -I../Middlewares/Third_Party/FreeRTOS/Source/CMSIS_RTOS_V2 -I../Middlewares/Third_Party/FreeRTOS/Source/portable/GCC/ARM_CM3 -O0 -ffunction-sections -fdata-sections -Wall -fstack-usage -fcyclomatic-complexity -MMD -MP -MF"Drivers/STM32F1xx_HAL_Driver/Src/stm32f1xx_hal_pwr.d" -MT"Drivers/STM32F1xx_HAL_Driver/Src/stm32f1xx_hal_pwr.o" --specs=nano.specs -mfloat-abi=soft -mthumb -o "Drivers/STM32F1xx_HAL_Driver/Src/stm32f1xx_hal_pwr.o"
arm-none-eabi-gcc "../Drivers/STM32F1xx_HAL_Driver/Src/stm32f1xx_hal_rcc.c" -mcpu=cortex-m3 -std=gnu11 -g3 -DDEBUG -DUSE_HAL_DRIVER -DSTM32F103xB -c -I../Core/Inc -I../Drivers/STM32F1xx_HAL_Driver/Inc -I../Drivers/STM32F1xx_HAL_Driver/Inc/Legacy -I../Drivers/CMSIS/Device/ST/STM32F1xx/Include -I../Drivers/CMSIS/Include -I../Middlewares/Third_Party/FreeRTOS/Source/include -I../Middlewares/Third_Party/FreeRTOS/Source/CMSIS_RTOS_V2 -I../Middlewares/Third_Party/FreeRTOS/Source/portable/GCC/ARM_CM3 -O0 -ffunction-sections -fdata-sections -Wall -fstack-usage -fcyclomatic-complexity -MMD -MP -MF"Drivers/STM32F1xx_HAL_Driver/Src/stm32f1xx_hal_rcc.d" -MT"Drivers/STM32F1xx_HAL_Driver/Src/stm32f1xx_hal_rcc.o" --specs=nano.specs -mfloat-abi=soft -mthumb -o "Drivers/STM32F1xx_HAL_Driver/Src/stm32f1xx_hal_rcc.o"
arm-none-eabi-gcc "../Drivers/STM32F1xx_HAL_Driver/Src/stm32f1xx_hal_rcc_ex.c" -mcpu=cortex-m3 -std=gnu11 -g3 -DDEBUG -DUSE_HAL_DRIVER -DSTM32F103xB -c -I../Core/Inc -I../Drivers/STM32F1xx_HAL_Driver/Inc -I../Drivers/STM32F1xx_HAL_Driver/Inc/Legacy -I../Drivers/CMSIS/Device/ST/STM32F1xx/Include -I../Drivers/CMSIS/Include -I../Middlewares/Third_Party/FreeRTOS/Source/include -I../Middlewares/Third_Party/FreeRTOS/Source/CMSIS_RTOS_V2 -I../Middlewares/Third_Party/FreeRTOS/Source/portable/GCC/ARM_CM3 -O0 -ffunction-sections -fdata-sections -Wall -fstack-usage -fcyclomatic-complexity -MMD -MP -MF"Drivers/STM32F1xx_HAL_Driver/Src/stm32f1xx_hal_rcc_ex.d" -MT"Drivers/STM32F1xx_HAL_Driver/Src/stm32f1xx_hal_rcc_ex.o" --specs=nano.specs -mfloat-abi=soft -mthumb -o "Drivers/STM32F1xx_HAL_Driver/Src/stm32f1xx_hal_rcc_ex.o"
arm-none-eabi-gcc "../Drivers/STM32F1xx_HAL_Driver/Src/stm32f1xx_hal_tim.c" -mcpu=cortex-m3 -std=gnu11 -g3 -DDEBUG -DUSE_HAL_DRIVER -DSTM32F103xB -c -I../Core/Inc -I../Drivers/STM32F1xx_HAL_Driver/Inc -I../Drivers/STM32F1xx_HAL_Driver/Inc/Legacy -I../Drivers/CMSIS/Device/ST/STM32F1xx/Include -I../Drivers/CMSIS/Include -I../Middlewares/Third_Party/FreeRTOS/Source/include -I../Middlewares/Third_Party/FreeRTOS/Source/CMSIS_RTOS_V2 -I../Middlewares/Third_Party/FreeRTOS/Source/portable/GCC/ARM_CM3 -O0 -ffunction-sections -fdata-sections -Wall -fstack-usage -fcyclomatic-complexity -MMD -MP -MF"Drivers/STM32F1xx_HAL_Driver/Src/stm32f1xx_hal_tim.d" -MT"Drivers/STM32F1xx_HAL_Driver/Src/stm32f1xx_hal_tim.o" --specs=nano.specs -mfloat-abi=soft -mthumb -o "Drivers/STM32F1xx_HAL_Driver/Src/stm32f1xx_hal_tim.o"
arm-none-eabi-gcc "../Drivers/STM32F1xx_HAL_Driver/Src/stm32f1xx_hal_tim_ex.c" -mcpu=cortex-m3 -std=gnu11 -g3 -DDEBUG -DUSE_HAL_DRIVER -DSTM32F103xB -c -I../Core/Inc -I../Drivers/STM32F1xx_HAL_Driver/Inc -I../Drivers/STM32F1xx_HAL_Driver/Inc/Legacy -I../Drivers/CMSIS/Device/ST/STM32F1xx/Include -I../Drivers/CMSIS/Include -I../Middlewares/Third_Party/FreeRTOS/Source/include -I../Middlewares/Third_Party/FreeRTOS/Source/CMSIS_RTOS_V2 -I../Middlewares/Third_Party/FreeRTOS/Source/portable/GCC/ARM_CM3 -O0 -ffunction-sections -fdata-sections -Wall -fstack-usage -fcyclomatic-complexity -MMD -MP -MF"Drivers/STM32F1xx_HAL_Driver/Src/stm32f1xx_hal_tim_ex.d" -MT"Drivers/STM32F1xx_HAL_Driver/Src/stm32f1xx_hal_tim_ex.o" --specs=nano.specs -mfloat-abi=soft -mthumb -o "Drivers/STM32F1xx_HAL_Driver/Src/stm32f1xx_hal_tim_ex.o"
arm-none-eabi-gcc "../Drivers/STM32F1xx_HAL_Driver/Src/stm32f1xx_hal_uart.c" -mcpu=cortex-m3 -std=gnu11 -g3 -DDEBUG -DUSE_HAL_DRIVER -DSTM32F103xB -c -I../Core/Inc -I../Drivers/STM32F1xx_HAL_Driver/Inc -I../Drivers/STM32F1xx_HAL_Driver/Inc/Legacy -I../Drivers/CMSIS/Device/ST/STM32F1xx/Include -I../Drivers/CMSIS/Include -I../Middlewares/Third_Party/FreeRTOS/Source/include -I../Middlewares/Third_Party/FreeRTOS/Source/CMSIS_RTOS_V2 -I../Middlewares/Third_Party/FreeRTOS/Source/portable/GCC/ARM_CM3 -O0 -ffunction-sections -fdata-sections -Wall -fstack-usage -fcyclomatic-complexity -MMD -MP -MF"Drivers/STM32F1xx_HAL_Driver/Src/stm32f1xx_hal_uart.d" -MT"Drivers/STM32F1xx_HAL_Driver/Src/stm32f1xx_hal_uart.o" --specs=nano.specs -mfloat-abi=soft -mthumb -o "Drivers/STM32F1xx_HAL_Driver/Src/stm32f1xx_hal_uart.o"
arm-none-eabi-gcc -mcpu=cortex-m3 -g3 -DDEBUG -c -I../Core/Inc -I../Drivers/STM32F1xx_HAL_Driver/Inc -I../Drivers/STM32F1xx_HAL_Driver/Inc/Legacy -I../Middlewares/Third_Party/FreeRTOS/Source/include -I../Middlewares/Third_Party/FreeRTOS/Source/CMSIS_RTOS_V2 -I../Middlewares/Third_Party/FreeRTOS/Source/portable/GCC/ARM_CM3 -I../Drivers/CMSIS/Device/ST/STM32F1xx/Include -I../Drivers/CMSIS/Include -x assembler-with-cpp -MMD -MP -MF"Core/Startup/startup_stm32f103rbtx.d" -MT"Core/Startup/startup_stm32f103rbtx.o" --specs=nano.specs -mfloat-abi=soft -mthumb -o "Core/Startup/startup_stm32f103rbtx.o" "../Core/Startup/startup_stm32f103rbtx.s"
arm-none-eabi-gcc "../Core/Src/freertos.c" -mcpu=cortex-m3 -std=gnu11 -g3 -DDEBUG -DUSE_HAL_DRIVER -DSTM32F103xB -c -I../Core/Inc -I../Drivers/STM32F1xx_HAL_Driver/Inc -I../Drivers/STM32F1xx_HAL_Driver/Inc/Legacy -I../Drivers/CMSIS/Device/ST/STM32F1xx/Include -I../Drivers/CMSIS/Include -I../Middlewares/Third_Party/FreeRTOS/Source/include -I../Middlewares/Third_Party/FreeRTOS/Source/CMSIS_RTOS_V2 -I../Middlewares/Third_Party/FreeRTOS/Source/portable/GCC/ARM_CM3 -O0 -ffunction-sections -fdata-sections -Wall -fstack-usage -fcyclomatic-complexity -MMD -MP -MF"Core/Src/freertos.d" -MT"Core/Src/freertos.o" --specs=nano.specs -mfloat-abi=soft -mthumb -o "Core/Src/freertos.o"
arm-none-eabi-gcc "../Core/Src/main.c" -mcpu=cortex-m3 -std=gnu11 -g3 -DDEBUG -DUSE_HAL_DRIVER -DSTM32F103xB -c -I../Core/Inc -I../Drivers/STM32F1xx_HAL_Driver/Inc -I../Drivers/STM32F1xx_HAL_Driver/Inc/Legacy -I../Drivers/CMSIS/Device/ST/STM32F1xx/Include -I../Drivers/CMSIS/Include -I../Middlewares/Third_Party/FreeRTOS/Source/include -I../Middlewares/Third_Party/FreeRTOS/Source/CMSIS_RTOS_V2 -I../Middlewares/Third_Party/FreeRTOS/Source/portable/GCC/ARM_CM3 -O0 -ffunction-sections -fdata-sections -Wall -fstack-usage -fcyclomatic-complexity -MMD -MP -MF"Core/Src/main.d" -MT"Core/Src/main.o" --specs=nano.specs -mfloat-abi=soft -mthumb -o "Core/Src/main.o"
arm-none-eabi-gcc "../Core/Src/stm32f1xx_hal_msp.c" -mcpu=cortex-m3 -std=gnu11 -g3 -DDEBUG -DUSE_HAL_DRIVER -DSTM32F103xB -c -I../Core/Inc -I../Drivers/STM32F1xx_HAL_Driver/Inc -I../Drivers/STM32F1xx_HAL_Driver/Inc/Legacy -I../Drivers/CMSIS/Device/ST/STM32F1xx/Include -I../Drivers/CMSIS/Include -I../Middlewares/Third_Party/FreeRTOS/Source/include -I../Middlewares/Third_Party/FreeRTOS/Source/CMSIS_RTOS_V2 -I../Middlewares/Third_Party/FreeRTOS/Source/portable/GCC/ARM_CM3 -O0 -ffunction-sections -fdata-sections -Wall -fstack-usage -fcyclomatic-complexity -MMD -MP -MF"Core/Src/stm32f1xx_hal_msp.d" -MT"Core/Src/stm32f1xx_hal_msp.o" --specs=nano.specs -mfloat-abi=soft -mthumb -o "Core/Src/stm32f1xx_hal_msp.o"
arm-none-eabi-gcc "../Core/Src/stm32f1xx_hal_timebase_tim.c" -mcpu=cortex-m3 -std=gnu11 -g3 -DDEBUG -DUSE_HAL_DRIVER -DSTM32F103xB -c -I../Core/Inc -I../Drivers/STM32F1xx_HAL_Driver/Inc -I../Drivers/STM32F1xx_HAL_Driver/Inc/Legacy -I../Drivers/CMSIS/Device/ST/STM32F1xx/Include -I../Drivers/CMSIS/Include -I../Middlewares/Third_Party/FreeRTOS/Source/include -I../Middlewares/Third_Party/FreeRTOS/Source/CMSIS_RTOS_V2 -I../Middlewares/Third_Party/FreeRTOS/Source/portable/GCC/ARM_CM3 -O0 -ffunction-sections -fdata-sections -Wall -fstack-usage -fcyclomatic-complexity -MMD -MP -MF"Core/Src/stm32f1xx_hal_timebase_tim.d" -MT"Core/Src/stm32f1xx_hal_timebase_tim.o" --specs=nano.specs -mfloat-abi=soft -mthumb -o "Core/Src/stm32f1xx_hal_timebase_tim.o"
arm-none-eabi-gcc "../Core/Src/stm32f1xx_it.c" -mcpu=cortex-m3 -std=gnu11 -g3 -DDEBUG -DUSE_HAL_DRIVER -DSTM32F103xB -c -I../Core/Inc -I../Drivers/STM32F1xx_HAL_Driver/Inc -I../Drivers/STM32F1xx_HAL_Driver/Inc/Legacy -I../Drivers/CMSIS/Device/ST/STM32F1xx/Include -I../Drivers/CMSIS/Include -I../Middlewares/Third_Party/FreeRTOS/Source/include -I../Middlewares/Third_Party/FreeRTOS/Source/CMSIS_RTOS_V2 -I../Middlewares/Third_Party/FreeRTOS/Source/portable/GCC/ARM_CM3 -O0 -ffunction-sections -fdata-sections -Wall -fstack-usage -fcyclomatic-complexity -MMD -MP -MF"Core/Src/stm32f1xx_it.d" -MT"Core/Src/stm32f1xx_it.o" --specs=nano.specs -mfloat-abi=soft -mthumb -o "Core/Src/stm32f1xx_it.o"
arm-none-eabi-gcc "../Core/Src/syscalls.c" -mcpu=cortex-m3 -std=gnu11 -g3 -DDEBUG -DUSE_HAL_DRIVER -DSTM32F103xB -c -I../Core/Inc -I../Drivers/STM32F1xx_HAL_Driver/Inc -I../Drivers/STM32F1xx_HAL_Driver/Inc/Legacy -I../Drivers/CMSIS/Device/ST/STM32F1xx/Include -I../Drivers/CMSIS/Include -I../Middlewares/Third_Party/FreeRTOS/Source/include -I../Middlewares/Third_Party/FreeRTOS/Source/CMSIS_RTOS_V2 -I../Middlewares/Third_Party/FreeRTOS/Source/portable/GCC/ARM_CM3 -O0 -ffunction-sections -fdata-sections -Wall -fstack-usage -fcyclomatic-complexity -MMD -MP -MF"Core/Src/syscalls.d" -MT"Core/Src/syscalls.o" --specs=nano.specs -mfloat-abi=soft -mthumb -o "Core/Src/syscalls.o"
arm-none-eabi-gcc "../Core/Src/sysmem.c" -mcpu=cortex-m3 -std=gnu11 -g3 -DDEBUG -DUSE_HAL_DRIVER -DSTM32F103xB -c -I../Core/Inc -I../Drivers/STM32F1xx_HAL_Driver/Inc -I../Drivers/STM32F1xx_HAL_Driver/Inc/Legacy -I../Drivers/CMSIS/Device/ST/STM32F1xx/Include -I../Drivers/CMSIS/Include -I../Middlewares/Third_Party/FreeRTOS/Source/include -I../Middlewares/Third_Party/FreeRTOS/Source/CMSIS_RTOS_V2 -I../Middlewares/Third_Party/FreeRTOS/Source/portable/GCC/ARM_CM3 -O0 -ffunction-sections -fdata-sections -Wall -fstack-usage -fcyclomatic-complexity -MMD -MP -MF"Core/Src/sysmem.d" -MT"Core/Src/sysmem.o" --specs=nano.specs -mfloat-abi=soft -mthumb -o "Core/Src/sysmem.o"
arm-none-eabi-gcc "../Core/Src/system_stm32f1xx.c" -mcpu=cortex-m3 -std=gnu11 -g3 -DDEBUG -DUSE_HAL_DRIVER -DSTM32F103xB -c -I../Core/Inc -I../Drivers/STM32F1xx_HAL_Driver/Inc -I../Drivers/STM32F1xx_HAL_Driver/Inc/Legacy -I../Drivers/CMSIS/Device/ST/STM32F1xx/Include -I../Drivers/CMSIS/Include -I../Middlewares/Third_Party/FreeRTOS/Source/include -I../Middlewares/Third_Party/FreeRTOS/Source/CMSIS_RTOS_V2 -I../Middlewares/Third_Party/FreeRTOS/Source/portable/GCC/ARM_CM3 -O0 -ffunction-sections -fdata-sections -Wall -fstack-usage -fcyclomatic-complexity -MMD -MP -MF"Core/Src/system_stm32f1xx.d" -MT"Core/Src/system_stm32f1xx.o" --specs=nano.specs -mfloat-abi=soft -mthumb -o "Core/Src/system_stm32f1xx.o"
arm-none-eabi-gcc -o "STM32F103_FreeRTOS_CMSIS_Event.elf" @"objects.list"   -mcpu=cortex-m3 -T"D:\STM32\STM32F103_FreeRTOS_CMSIS\STM32F103_FreeRTOS_CMSIS_Event\STM32F103RBTX_FLASH.ld" --specs=nosys.specs -Wl,-Map="STM32F103_FreeRTOS_CMSIS_Event.map" -Wl,--gc-sections -static --specs=nano.specs -mfloat-abi=soft -mthumb -Wl,--start-group -lc -lm -Wl,--end-group
Finished building target: STM32F103_FreeRTOS_CMSIS_Event.elf
 
arm-none-eabi-size  STM32F103_FreeRTOS_CMSIS_Event.elf 
arm-none-eabi-objdump -h -S STM32F103_FreeRTOS_CMSIS_Event.elf  > "STM32F103_FreeRTOS_CMSIS_Event.list"
   text	   data	    bss	    dec	    hex	filename
  20116	     96	   8672	  28884	   70d4	STM32F103_FreeRTOS_CMSIS_Event.elf
Finished building: default.size.stdout
 
Finished building: STM32F103_FreeRTOS_CMSIS_Event.list
 
23:04:41 **** Build of configuration Debug for project STM32F103_FreeRTOS_CMSIS_Template ****
make -j8 all 
arm-none-eabi-size  STM32F103_FreeRTOS_CMSIS_Template.elf 
   text	   data	    bss	    dec	    hex	filename
  23036	     96	   8688	  31820	   7c4c	STM32F103_FreeRTOS_CMSIS_Template.elf
Finished building: default.size.stdout
 
23:06:15 **** Incremental Build of configuration Debug for project STM32F103_FreeRTOS_CMSIS_Event ****
make -j8 all 
arm-none-eabi-gcc "../Middlewares/Third_Party/FreeRTOS/Source/CMSIS_RTOS_V2/cmsis_os2.c" -mcpu=cortex-m3 -std=gnu11 -g3 -DDEBUG -DUSE_HAL_DRIVER -DSTM32F103xB -c -I../Core/Inc -I../Drivers/STM32F1xx_HAL_Driver/Inc -I../Drivers/STM32F1xx_HAL_Driver/Inc/Legacy -I../Drivers/CMSIS/Device/ST/STM32F1xx/Include -I../Drivers/CMSIS/Include -I../Middlewares/Third_Party/FreeRTOS/Source/include -I../Middlewares/Third_Party/FreeRTOS/Source/CMSIS_RTOS_V2 -I../Middlewares/Third_Party/FreeRTOS/Source/portable/GCC/ARM_CM3 -O0 -ffunction-sections -fdata-sections -Wall -fstack-usage -fcyclomatic-complexity -MMD -MP -MF"Middlewares/Third_Party/FreeRTOS/Source/CMSIS_RTOS_V2/cmsis_os2.d" -MT"Middlewares/Third_Party/FreeRTOS/Source/CMSIS_RTOS_V2/cmsis_os2.o" --specs=nano.specs -mfloat-abi=soft -mthumb -o "Middlewares/Third_Party/FreeRTOS/Source/CMSIS_RTOS_V2/cmsis_os2.o"
arm-none-eabi-gcc -o "STM32F103_FreeRTOS_CMSIS_Event.elf" @"objects.list"   -mcpu=cortex-m3 -T"D:\STM32\STM32F103_FreeRTOS_CMSIS\STM32F103_FreeRTOS_CMSIS_Event\STM32F103RBTX_FLASH.ld" --specs=nosys.specs -Wl,-Map="STM32F103_FreeRTOS_CMSIS_Event.map" -Wl,--gc-sections -static --specs=nano.specs -mfloat-abi=soft -mthumb -Wl,--start-group -lc -lm -Wl,--end-group
Finished building target: STM32F103_FreeRTOS_CMSIS_Event.elf
 
arm-none-eabi-size  STM32F103_FreeRTOS_CMSIS_Event.elf 
arm-none-eabi-objdump -h -S STM32F103_FreeRTOS_CMSIS_Event.elf  > "STM32F103_FreeRTOS_CMSIS_Event.list"
   text	   data	    bss	    dec	    hex	filename
  20116	     96	   8672	  28884	   70d4	STM32F103_FreeRTOS_CMSIS_Event.elf
Finished building: default.size.stdout
 
Finished building: STM32F103_FreeRTOS_CMSIS_Event.list
 
23:06:21 **** Incremental Build of configuration Debug for project STM32F103_FreeRTOS_CMSIS_Event ****
make -j8 all 
arm-none-eabi-size  STM32F103_FreeRTOS_CMSIS_Event.elf 
   text	   data	    bss	    dec	    hex	filename
  20116	     96	   8672	  28884	   70d4	STM32F103_FreeRTOS_CMSIS_Event.elf
Finished building: default.size.stdout
 
10:41:50 **** Incremental Build of configuration Debug for project STM32F103_FreeRTOS_CMSIS_Event ****
make -j8 all 
arm-none-eabi-gcc "../Middlewares/Third_Party/FreeRTOS/Source/CMSIS_RTOS_V2/cmsis_os2.c" -mcpu=cortex-m3 -std=gnu11 -g3 -DDEBUG -DUSE_HAL_DRIVER -DSTM32F103xB -c -I../Core/Inc -I../Drivers/STM32F1xx_HAL_Driver/Inc -I../Drivers/STM32F1xx_HAL_Driver/Inc/Legacy -I../Drivers/CMSIS/Device/ST/STM32F1xx/Include -I../Drivers/CMSIS/Include -I../Middlewares/Third_Party/FreeRTOS/Source/include -I../Middlewares/Third_Party/FreeRTOS/Source/CMSIS_RTOS_V2 -I../Middlewares/Third_Party/FreeRTOS/Source/portable/GCC/ARM_CM3 -O0 -ffunction-sections -fdata-sections -Wall -fstack-usage -fcyclomatic-complexity -MMD -MP -MF"Middlewares/Third_Party/FreeRTOS/Source/CMSIS_RTOS_V2/cmsis_os2.d" -MT"Middlewares/Third_Party/FreeRTOS/Source/CMSIS_RTOS_V2/cmsis_os2.o" --specs=nano.specs -mfloat-abi=soft -mthumb -o "Middlewares/Third_Party/FreeRTOS/Source/CMSIS_RTOS_V2/cmsis_os2.o"
arm-none-eabi-gcc "../Core/Src/main.c" -mcpu=cortex-m3 -std=gnu11 -g3 -DDEBUG -DUSE_HAL_DRIVER -DSTM32F103xB -c -I../Core/Inc -I../Drivers/STM32F1xx_HAL_Driver/Inc -I../Drivers/STM32F1xx_HAL_Driver/Inc/Legacy -I../Drivers/CMSIS/Device/ST/STM32F1xx/Include -I../Drivers/CMSIS/Include -I../Middlewares/Third_Party/FreeRTOS/Source/include -I../Middlewares/Third_Party/FreeRTOS/Source/CMSIS_RTOS_V2 -I../Middlewares/Third_Party/FreeRTOS/Source/portable/GCC/ARM_CM3 -O0 -ffunction-sections -fdata-sections -Wall -fstack-usage -fcyclomatic-complexity -MMD -MP -MF"Core/Src/main.d" -MT"Core/Src/main.o" --specs=nano.specs -mfloat-abi=soft -mthumb -o "Core/Src/main.o"
../Core/Src/main.c: In function 'StartDefaultTask':
../Core/Src/main.c:322:25: warning: suggest parentheses around comparison in operand of '&' [-Wparentheses]
  322 |           else if (flag & 0x51 > 0)
      |                         ^
arm-none-eabi-gcc -o "STM32F103_FreeRTOS_CMSIS_Event.elf" @"objects.list"   -mcpu=cortex-m3 -T"D:\STM32\STM32F103_FreeRTOS_CMSIS\STM32F103_FreeRTOS_CMSIS_Event\STM32F103RBTX_FLASH.ld" --specs=nosys.specs -Wl,-Map="STM32F103_FreeRTOS_CMSIS_Event.map" -Wl,--gc-sections -static --specs=nano.specs -mfloat-abi=soft -mthumb -Wl,--start-group -lc -lm -Wl,--end-group
Finished building target: STM32F103_FreeRTOS_CMSIS_Event.elf
 
arm-none-eabi-size  STM32F103_FreeRTOS_CMSIS_Event.elf 
arm-none-eabi-objdump -h -S STM32F103_FreeRTOS_CMSIS_Event.elf  > "STM32F103_FreeRTOS_CMSIS_Event.list"
   text	   data	    bss	    dec	    hex	filename
  19764	     96	   8672	  28532	   6f74	STM32F103_FreeRTOS_CMSIS_Event.elf
Finished building: default.size.stdout
 
Finished building: STM32F103_FreeRTOS_CMSIS_Event.list
 
10:43:25 **** Incremental Build of configuration Debug for project STM32F103_FreeRTOS_CMSIS_Event ****
make -j8 all 
arm-none-eabi-gcc "../Core/Src/main.c" -mcpu=cortex-m3 -std=gnu11 -g3 -DDEBUG -DUSE_HAL_DRIVER -DSTM32F103xB -c -I../Core/Inc -I../Drivers/STM32F1xx_HAL_Driver/Inc -I../Drivers/STM32F1xx_HAL_Driver/Inc/Legacy -I../Drivers/CMSIS/Device/ST/STM32F1xx/Include -I../Drivers/CMSIS/Include -I../Middlewares/Third_Party/FreeRTOS/Source/include -I../Middlewares/Third_Party/FreeRTOS/Source/CMSIS_RTOS_V2 -I../Middlewares/Third_Party/FreeRTOS/Source/portable/GCC/ARM_CM3 -O0 -ffunction-sections -fdata-sections -Wall -fstack-usage -fcyclomatic-complexity -MMD -MP -MF"Core/Src/main.d" -MT"Core/Src/main.o" --specs=nano.specs -mfloat-abi=soft -mthumb -o "Core/Src/main.o"
arm-none-eabi-gcc -o "STM32F103_FreeRTOS_CMSIS_Event.elf" @"objects.list"   -mcpu=cortex-m3 -T"D:\STM32\STM32F103_FreeRTOS_CMSIS\STM32F103_FreeRTOS_CMSIS_Event\STM32F103RBTX_FLASH.ld" --specs=nosys.specs -Wl,-Map="STM32F103_FreeRTOS_CMSIS_Event.map" -Wl,--gc-sections -static --specs=nano.specs -mfloat-abi=soft -mthumb -Wl,--start-group -lc -lm -Wl,--end-group
Finished building target: STM32F103_FreeRTOS_CMSIS_Event.elf
 
arm-none-eabi-size  STM32F103_FreeRTOS_CMSIS_Event.elf 
arm-none-eabi-objdump -h -S STM32F103_FreeRTOS_CMSIS_Event.elf  > "STM32F103_FreeRTOS_CMSIS_Event.list"
   text	   data	    bss	    dec	    hex	filename
  19764	     96	   8672	  28532	   6f74	STM32F103_FreeRTOS_CMSIS_Event.elf
Finished building: default.size.stdout
 
Finished building: STM32F103_FreeRTOS_CMSIS_Event.list
 
10:44:58 **** Incremental Build of configuration Debug for project STM32F103_FreeRTOS_CMSIS_Event ****
make -j8 all 
arm-none-eabi-size  STM32F103_FreeRTOS_CMSIS_Event.elf 
   text	   data	    bss	    dec	    hex	filename
  19764	     96	   8672	  28532	   6f74	STM32F103_FreeRTOS_CMSIS_Event.elf
Finished building: default.size.stdout
 
10:46:43 **** Incremental Build of configuration Debug for project STM32F103_FreeRTOS_CMSIS_Event ****
make -j8 all 
arm-none-eabi-gcc "../Core/Src/main.c" -mcpu=cortex-m3 -std=gnu11 -g3 -DDEBUG -DUSE_HAL_DRIVER -DSTM32F103xB -c -I../Core/Inc -I../Drivers/STM32F1xx_HAL_Driver/Inc -I../Drivers/STM32F1xx_HAL_Driver/Inc/Legacy -I../Drivers/CMSIS/Device/ST/STM32F1xx/Include -I../Drivers/CMSIS/Include -I../Middlewares/Third_Party/FreeRTOS/Source/include -I../Middlewares/Third_Party/FreeRTOS/Source/CMSIS_RTOS_V2 -I../Middlewares/Third_Party/FreeRTOS/Source/portable/GCC/ARM_CM3 -O0 -ffunction-sections -fdata-sections -Wall -fstack-usage -fcyclomatic-complexity -MMD -MP -MF"Core/Src/main.d" -MT"Core/Src/main.o" --specs=nano.specs -mfloat-abi=soft -mthumb -o "Core/Src/main.o"
arm-none-eabi-gcc -o "STM32F103_FreeRTOS_CMSIS_Event.elf" @"objects.list"   -mcpu=cortex-m3 -T"D:\STM32\STM32F103_FreeRTOS_CMSIS\STM32F103_FreeRTOS_CMSIS_Event\STM32F103RBTX_FLASH.ld" --specs=nosys.specs -Wl,-Map="STM32F103_FreeRTOS_CMSIS_Event.map" -Wl,--gc-sections -static --specs=nano.specs -mfloat-abi=soft -mthumb -Wl,--start-group -lc -lm -Wl,--end-group
Finished building target: STM32F103_FreeRTOS_CMSIS_Event.elf
 
arm-none-eabi-size  STM32F103_FreeRTOS_CMSIS_Event.elf 
arm-none-eabi-objdump -h -S STM32F103_FreeRTOS_CMSIS_Event.elf  > "STM32F103_FreeRTOS_CMSIS_Event.list"
   text	   data	    bss	    dec	    hex	filename
  19892	     96	   8672	  28660	   6ff4	STM32F103_FreeRTOS_CMSIS_Event.elf
Finished building: default.size.stdout
 
Finished building: STM32F103_FreeRTOS_CMSIS_Event.list
 
10:46:48 **** Incremental Build of configuration Debug for project STM32F103_FreeRTOS_CMSIS_Event ****
make -j8 all 
arm-none-eabi-size  STM32F103_FreeRTOS_CMSIS_Event.elf 
   text	   data	    bss	    dec	    hex	filename
  19892	     96	   8672	  28660	   6ff4	STM32F103_FreeRTOS_CMSIS_Event.elf
Finished building: default.size.stdout
 
10:47:47 **** Incremental Build of configuration Debug for project STM32F103_FreeRTOS_CMSIS_Event ****
make -j8 all 
arm-none-eabi-gcc "../Core/Src/main.c" -mcpu=cortex-m3 -std=gnu11 -g3 -DDEBUG -DUSE_HAL_DRIVER -DSTM32F103xB -c -I../Core/Inc -I../Drivers/STM32F1xx_HAL_Driver/Inc -I../Drivers/STM32F1xx_HAL_Driver/Inc/Legacy -I../Drivers/CMSIS/Device/ST/STM32F1xx/Include -I../Drivers/CMSIS/Include -I../Middlewares/Third_Party/FreeRTOS/Source/include -I../Middlewares/Third_Party/FreeRTOS/Source/CMSIS_RTOS_V2 -I../Middlewares/Third_Party/FreeRTOS/Source/portable/GCC/ARM_CM3 -O0 -ffunction-sections -fdata-sections -Wall -fstack-usage -fcyclomatic-complexity -MMD -MP -MF"Core/Src/main.d" -MT"Core/Src/main.o" --specs=nano.specs -mfloat-abi=soft -mthumb -o "Core/Src/main.o"
arm-none-eabi-gcc -o "STM32F103_FreeRTOS_CMSIS_Event.elf" @"objects.list"   -mcpu=cortex-m3 -T"D:\STM32\STM32F103_FreeRTOS_CMSIS\STM32F103_FreeRTOS_CMSIS_Event\STM32F103RBTX_FLASH.ld" --specs=nosys.specs -Wl,-Map="STM32F103_FreeRTOS_CMSIS_Event.map" -Wl,--gc-sections -static --specs=nano.specs -mfloat-abi=soft -mthumb -Wl,--start-group -lc -lm -Wl,--end-group
Finished building target: STM32F103_FreeRTOS_CMSIS_Event.elf
 
arm-none-eabi-size  STM32F103_FreeRTOS_CMSIS_Event.elf 
arm-none-eabi-objdump -h -S STM32F103_FreeRTOS_CMSIS_Event.elf  > "STM32F103_FreeRTOS_CMSIS_Event.list"
   text	   data	    bss	    dec	    hex	filename
  19876	     96	   8672	  28644	   6fe4	STM32F103_FreeRTOS_CMSIS_Event.elf
Finished building: default.size.stdout
 
Finished building: STM32F103_FreeRTOS_CMSIS_Event.list
 
10:49:07 **** Incremental Build of configuration Debug for project STM32F103_FreeRTOS_CMSIS_Event ****
make -j8 all 
arm-none-eabi-size  STM32F103_FreeRTOS_CMSIS_Event.elf 
   text	   data	    bss	    dec	    hex	filename
  19876	     96	   8672	  28644	   6fe4	STM32F103_FreeRTOS_CMSIS_Event.elf
Finished building: default.size.stdout
 
10:50:16 **** Incremental Build of configuration Debug for project STM32F103_FreeRTOS_CMSIS_Event ****
make -j8 all 
arm-none-eabi-gcc "../Core/Src/main.c" -mcpu=cortex-m3 -std=gnu11 -g3 -DDEBUG -DUSE_HAL_DRIVER -DSTM32F103xB -c -I../Core/Inc -I../Drivers/STM32F1xx_HAL_Driver/Inc -I../Drivers/STM32F1xx_HAL_Driver/Inc/Legacy -I../Drivers/CMSIS/Device/ST/STM32F1xx/Include -I../Drivers/CMSIS/Include -I../Middlewares/Third_Party/FreeRTOS/Source/include -I../Middlewares/Third_Party/FreeRTOS/Source/CMSIS_RTOS_V2 -I../Middlewares/Third_Party/FreeRTOS/Source/portable/GCC/ARM_CM3 -O0 -ffunction-sections -fdata-sections -Wall -fstack-usage -fcyclomatic-complexity -MMD -MP -MF"Core/Src/main.d" -MT"Core/Src/main.o" --specs=nano.specs -mfloat-abi=soft -mthumb -o "Core/Src/main.o"
arm-none-eabi-gcc -o "STM32F103_FreeRTOS_CMSIS_Event.elf" @"objects.list"   -mcpu=cortex-m3 -T"D:\STM32\STM32F103_FreeRTOS_CMSIS\STM32F103_FreeRTOS_CMSIS_Event\STM32F103RBTX_FLASH.ld" --specs=nosys.specs -Wl,-Map="STM32F103_FreeRTOS_CMSIS_Event.map" -Wl,--gc-sections -static --specs=nano.specs -mfloat-abi=soft -mthumb -Wl,--start-group -lc -lm -Wl,--end-group
Finished building target: STM32F103_FreeRTOS_CMSIS_Event.elf
 
arm-none-eabi-size  STM32F103_FreeRTOS_CMSIS_Event.elf 
arm-none-eabi-objdump -h -S STM32F103_FreeRTOS_CMSIS_Event.elf  > "STM32F103_FreeRTOS_CMSIS_Event.list"
   text	   data	    bss	    dec	    hex	filename
  19748	     96	   8672	  28516	   6f64	STM32F103_FreeRTOS_CMSIS_Event.elf
Finished building: default.size.stdout
 
Finished building: STM32F103_FreeRTOS_CMSIS_Event.list
 
10:53:49 **** Incremental Build of configuration Debug for project STM32F103_FreeRTOS_CMSIS_Event ****
make -j8 all 
arm-none-eabi-size  STM32F103_FreeRTOS_CMSIS_Event.elf 
   text	   data	    bss	    dec	    hex	filename
  19748	     96	   8672	  28516	   6f64	STM32F103_FreeRTOS_CMSIS_Event.elf
Finished building: default.size.stdout
 
10:55:08 **** Incremental Build of configuration Debug for project STM32F103_FreeRTOS_CMSIS_Event ****
make -j8 all 
arm-none-eabi-gcc "../Core/Src/main.c" -mcpu=cortex-m3 -std=gnu11 -g3 -DDEBUG -DUSE_HAL_DRIVER -DSTM32F103xB -c -I../Core/Inc -I../Drivers/STM32F1xx_HAL_Driver/Inc -I../Drivers/STM32F1xx_HAL_Driver/Inc/Legacy -I../Drivers/CMSIS/Device/ST/STM32F1xx/Include -I../Drivers/CMSIS/Include -I../Middlewares/Third_Party/FreeRTOS/Source/include -I../Middlewares/Third_Party/FreeRTOS/Source/CMSIS_RTOS_V2 -I../Middlewares/Third_Party/FreeRTOS/Source/portable/GCC/ARM_CM3 -O0 -ffunction-sections -fdata-sections -Wall -fstack-usage -fcyclomatic-complexity -MMD -MP -MF"Core/Src/main.d" -MT"Core/Src/main.o" --specs=nano.specs -mfloat-abi=soft -mthumb -o "Core/Src/main.o"
arm-none-eabi-gcc -o "STM32F103_FreeRTOS_CMSIS_Event.elf" @"objects.list"   -mcpu=cortex-m3 -T"D:\STM32\STM32F103_FreeRTOS_CMSIS\STM32F103_FreeRTOS_CMSIS_Event\STM32F103RBTX_FLASH.ld" --specs=nosys.specs -Wl,-Map="STM32F103_FreeRTOS_CMSIS_Event.map" -Wl,--gc-sections -static --specs=nano.specs -mfloat-abi=soft -mthumb -Wl,--start-group -lc -lm -Wl,--end-group
Finished building target: STM32F103_FreeRTOS_CMSIS_Event.elf
 
arm-none-eabi-size  STM32F103_FreeRTOS_CMSIS_Event.elf 
arm-none-eabi-objdump -h -S STM32F103_FreeRTOS_CMSIS_Event.elf  > "STM32F103_FreeRTOS_CMSIS_Event.list"
   text	   data	    bss	    dec	    hex	filename
  20100	     96	   8672	  28868	   70c4	STM32F103_FreeRTOS_CMSIS_Event.elf
Finished building: default.size.stdout
 
Finished building: STM32F103_FreeRTOS_CMSIS_Event.list
 
10:57:57 **** Incremental Build of configuration Debug for project STM32F103_FreeRTOS_CMSIS_Event ****
make -j8 all 
arm-none-eabi-gcc "../Core/Src/main.c" -mcpu=cortex-m3 -std=gnu11 -g3 -DDEBUG -DUSE_HAL_DRIVER -DSTM32F103xB -c -I../Core/Inc -I../Drivers/STM32F1xx_HAL_Driver/Inc -I../Drivers/STM32F1xx_HAL_Driver/Inc/Legacy -I../Drivers/CMSIS/Device/ST/STM32F1xx/Include -I../Drivers/CMSIS/Include -I../Middlewares/Third_Party/FreeRTOS/Source/include -I../Middlewares/Third_Party/FreeRTOS/Source/CMSIS_RTOS_V2 -I../Middlewares/Third_Party/FreeRTOS/Source/portable/GCC/ARM_CM3 -O0 -ffunction-sections -fdata-sections -Wall -fstack-usage -fcyclomatic-complexity -MMD -MP -MF"Core/Src/main.d" -MT"Core/Src/main.o" --specs=nano.specs -mfloat-abi=soft -mthumb -o "Core/Src/main.o"
../Core/Src/main.c: In function 'StartDefaultTask':
../Core/Src/main.c:312:18: warning: variable 'flagfromGet' set but not used [-Wunused-but-set-variable]
  312 |         uint32_t flagfromGet = 0;
      |                  ^~~~~~~~~~~
arm-none-eabi-gcc -o "STM32F103_FreeRTOS_CMSIS_Event.elf" @"objects.list"   -mcpu=cortex-m3 -T"D:\STM32\STM32F103_FreeRTOS_CMSIS\STM32F103_FreeRTOS_CMSIS_Event\STM32F103RBTX_FLASH.ld" --specs=nosys.specs -Wl,-Map="STM32F103_FreeRTOS_CMSIS_Event.map" -Wl,--gc-sections -static --specs=nano.specs -mfloat-abi=soft -mthumb -Wl,--start-group -lc -lm -Wl,--end-group
Finished building target: STM32F103_FreeRTOS_CMSIS_Event.elf
 
arm-none-eabi-size  STM32F103_FreeRTOS_CMSIS_Event.elf 
arm-none-eabi-objdump -h -S STM32F103_FreeRTOS_CMSIS_Event.elf  > "STM32F103_FreeRTOS_CMSIS_Event.list"
   text	   data	    bss	    dec	    hex	filename
  20196	     96	   8672	  28964	   7124	STM32F103_FreeRTOS_CMSIS_Event.elf
Finished building: default.size.stdout
 
Finished building: STM32F103_FreeRTOS_CMSIS_Event.list
 
12:07:01 **** Incremental Build of configuration Debug for project STM32F103_FreeRTOS_CMSIS_Event ****
make -j8 all 
arm-none-eabi-size  STM32F103_FreeRTOS_CMSIS_Event.elf 
   text	   data	    bss	    dec	    hex	filename
  20196	     96	   8672	  28964	   7124	STM32F103_FreeRTOS_CMSIS_Event.elf
Finished building: default.size.stdout
 
12:19:47 **** Incremental Build of configuration Debug for project STM32F103_FreeRTOS_CMSIS_Event ****
make -j8 all 
arm-none-eabi-gcc "../Core/Src/main.c" -mcpu=cortex-m3 -std=gnu11 -g3 -DDEBUG -DUSE_HAL_DRIVER -DSTM32F103xB -c -I../Core/Inc -I../Drivers/STM32F1xx_HAL_Driver/Inc -I../Drivers/STM32F1xx_HAL_Driver/Inc/Legacy -I../Drivers/CMSIS/Device/ST/STM32F1xx/Include -I../Drivers/CMSIS/Include -I../Middlewares/Third_Party/FreeRTOS/Source/include -I../Middlewares/Third_Party/FreeRTOS/Source/CMSIS_RTOS_V2 -I../Middlewares/Third_Party/FreeRTOS/Source/portable/GCC/ARM_CM3 -O0 -ffunction-sections -fdata-sections -Wall -fstack-usage -fcyclomatic-complexity -MMD -MP -MF"Core/Src/main.d" -MT"Core/Src/main.o" --specs=nano.specs -mfloat-abi=soft -mthumb -o "Core/Src/main.o"
../Core/Src/main.c: In function 'StartDefaultTask':
../Core/Src/main.c:312:18: warning: variable 'flagfromGet' set but not used [-Wunused-but-set-variable]
  312 |         uint32_t flagfromGet = 0;
      |                  ^~~~~~~~~~~
arm-none-eabi-gcc -o "STM32F103_FreeRTOS_CMSIS_Event.elf" @"objects.list"   -mcpu=cortex-m3 -T"D:\STM32\STM32F103_FreeRTOS_CMSIS\STM32F103_FreeRTOS_CMSIS_Event\STM32F103RBTX_FLASH.ld" --specs=nosys.specs -Wl,-Map="STM32F103_FreeRTOS_CMSIS_Event.map" -Wl,--gc-sections -static --specs=nano.specs -mfloat-abi=soft -mthumb -Wl,--start-group -lc -lm -Wl,--end-group
Finished building target: STM32F103_FreeRTOS_CMSIS_Event.elf
 
arm-none-eabi-size  STM32F103_FreeRTOS_CMSIS_Event.elf 
arm-none-eabi-objdump -h -S STM32F103_FreeRTOS_CMSIS_Event.elf  > "STM32F103_FreeRTOS_CMSIS_Event.list"
   text	   data	    bss	    dec	    hex	filename
  20196	     96	   8672	  28964	   7124	STM32F103_FreeRTOS_CMSIS_Event.elf
Finished building: default.size.stdout
 
Finished building: STM32F103_FreeRTOS_CMSIS_Event.list
 
13:54:56 **** Incremental Build of configuration Debug for project STM32F103_FreeRTOS_CMSIS_Event ****
make -j8 all 
arm-none-eabi-gcc "../Core/Src/main.c" -mcpu=cortex-m3 -std=gnu11 -g3 -DDEBUG -DUSE_HAL_DRIVER -DSTM32F103xB -c -I../Core/Inc -I../Drivers/STM32F1xx_HAL_Driver/Inc -I../Drivers/STM32F1xx_HAL_Driver/Inc/Legacy -I../Drivers/CMSIS/Device/ST/STM32F1xx/Include -I../Drivers/CMSIS/Include -I../Middlewares/Third_Party/FreeRTOS/Source/include -I../Middlewares/Third_Party/FreeRTOS/Source/CMSIS_RTOS_V2 -I../Middlewares/Third_Party/FreeRTOS/Source/portable/GCC/ARM_CM3 -O0 -ffunction-sections -fdata-sections -Wall -fstack-usage -fcyclomatic-complexity -MMD -MP -MF"Core/Src/main.d" -MT"Core/Src/main.o" --specs=nano.specs -mfloat-abi=soft -mthumb -o "Core/Src/main.o"
../Core/Src/main.c: In function 'StartDefaultTask':
../Core/Src/main.c:312:18: warning: variable 'flagfromGet' set but not used [-Wunused-but-set-variable]
  312 |         uint32_t flagfromGet = 0;
      |                  ^~~~~~~~~~~
arm-none-eabi-gcc -o "STM32F103_FreeRTOS_CMSIS_Event.elf" @"objects.list"   -mcpu=cortex-m3 -T"D:\STM32\STM32F103_FreeRTOS_CMSIS\STM32F103_FreeRTOS_CMSIS_Event\STM32F103RBTX_FLASH.ld" --specs=nosys.specs -Wl,-Map="STM32F103_FreeRTOS_CMSIS_Event.map" -Wl,--gc-sections -static --specs=nano.specs -mfloat-abi=soft -mthumb -Wl,--start-group -lc -lm -Wl,--end-group
Finished building target: STM32F103_FreeRTOS_CMSIS_Event.elf
 
arm-none-eabi-size  STM32F103_FreeRTOS_CMSIS_Event.elf 
arm-none-eabi-objdump -h -S STM32F103_FreeRTOS_CMSIS_Event.elf  > "STM32F103_FreeRTOS_CMSIS_Event.list"
   text	   data	    bss	    dec	    hex	filename
  20228	     96	   8672	  28996	   7144	STM32F103_FreeRTOS_CMSIS_Event.elf
Finished building: default.size.stdout
 
Finished building: STM32F103_FreeRTOS_CMSIS_Event.list
 
13:57:15 **** Incremental Build of configuration Debug for project STM32F103_FreeRTOS_CMSIS_Event ****
make -j8 all 
arm-none-eabi-size  STM32F103_FreeRTOS_CMSIS_Event.elf 
   text	   data	    bss	    dec	    hex	filename
  20228	     96	   8672	  28996	   7144	STM32F103_FreeRTOS_CMSIS_Event.elf
Finished building: default.size.stdout
 
13:58:17 **** Incremental Build of configuration Debug for project STM32F103_FreeRTOS_CMSIS_Event ****
make -j8 all 
arm-none-eabi-gcc "../Core/Src/main.c" -mcpu=cortex-m3 -std=gnu11 -g3 -DDEBUG -DUSE_HAL_DRIVER -DSTM32F103xB -c -I../Core/Inc -I../Drivers/STM32F1xx_HAL_Driver/Inc -I../Drivers/STM32F1xx_HAL_Driver/Inc/Legacy -I../Drivers/CMSIS/Device/ST/STM32F1xx/Include -I../Drivers/CMSIS/Include -I../Middlewares/Third_Party/FreeRTOS/Source/include -I../Middlewares/Third_Party/FreeRTOS/Source/CMSIS_RTOS_V2 -I../Middlewares/Third_Party/FreeRTOS/Source/portable/GCC/ARM_CM3 -O0 -ffunction-sections -fdata-sections -Wall -fstack-usage -fcyclomatic-complexity -MMD -MP -MF"Core/Src/main.d" -MT"Core/Src/main.o" --specs=nano.specs -mfloat-abi=soft -mthumb -o "Core/Src/main.o"
arm-none-eabi-gcc -o "STM32F103_FreeRTOS_CMSIS_Event.elf" @"objects.list"   -mcpu=cortex-m3 -T"D:\STM32\STM32F103_FreeRTOS_CMSIS\STM32F103_FreeRTOS_CMSIS_Event\STM32F103RBTX_FLASH.ld" --specs=nosys.specs -Wl,-Map="STM32F103_FreeRTOS_CMSIS_Event.map" -Wl,--gc-sections -static --specs=nano.specs -mfloat-abi=soft -mthumb -Wl,--start-group -lc -lm -Wl,--end-group
Finished building target: STM32F103_FreeRTOS_CMSIS_Event.elf
 
arm-none-eabi-size  STM32F103_FreeRTOS_CMSIS_Event.elf 
arm-none-eabi-objdump -h -S STM32F103_FreeRTOS_CMSIS_Event.elf  > "STM32F103_FreeRTOS_CMSIS_Event.list"
   text	   data	    bss	    dec	    hex	filename
  20116	     96	   8672	  28884	   70d4	STM32F103_FreeRTOS_CMSIS_Event.elf
Finished building: default.size.stdout
 
Finished building: STM32F103_FreeRTOS_CMSIS_Event.list
 
13:58:26 **** Incremental Build of configuration Debug for project STM32F103_FreeRTOS_CMSIS_Event ****
make -j8 all 
arm-none-eabi-size  STM32F103_FreeRTOS_CMSIS_Event.elf 
   text	   data	    bss	    dec	    hex	filename
  20116	     96	   8672	  28884	   70d4	STM32F103_FreeRTOS_CMSIS_Event.elf
Finished building: default.size.stdout
 
14:35:43 **** Incremental Build of configuration Debug for project STM32F103_FreeRTOS_CMSIS_Event ****
make -j8 all 
arm-none-eabi-size  STM32F103_FreeRTOS_CMSIS_Event.elf 
   text	   data	    bss	    dec	    hex	filename
  20116	     96	   8672	  28884	   70d4	STM32F103_FreeRTOS_CMSIS_Event.elf
Finished building: default.size.stdout
 
14:36:45 **** Incremental Build of configuration Debug for project STM32F103_FreeRTOS_CMSIS_Event ****
make -j8 all 
arm-none-eabi-gcc "../Core/Src/main.c" -mcpu=cortex-m3 -std=gnu11 -g3 -DDEBUG -DUSE_HAL_DRIVER -DSTM32F103xB -c -I../Core/Inc -I../Drivers/STM32F1xx_HAL_Driver/Inc -I../Drivers/STM32F1xx_HAL_Driver/Inc/Legacy -I../Drivers/CMSIS/Device/ST/STM32F1xx/Include -I../Drivers/CMSIS/Include -I../Middlewares/Third_Party/FreeRTOS/Source/include -I../Middlewares/Third_Party/FreeRTOS/Source/CMSIS_RTOS_V2 -I../Middlewares/Third_Party/FreeRTOS/Source/portable/GCC/ARM_CM3 -O0 -ffunction-sections -fdata-sections -Wall -fstack-usage -fcyclomatic-complexity -MMD -MP -MF"Core/Src/main.d" -MT"Core/Src/main.o" --specs=nano.specs -mfloat-abi=soft -mthumb -o "Core/Src/main.o"
../Core/Src/main.c: In function 'StartDefaultTask':
../Core/Src/main.c:312:18: warning: variable 'flagfromGet' set but not used [-Wunused-but-set-variable]
  312 |         uint32_t flagfromGet = 0;
      |                  ^~~~~~~~~~~
arm-none-eabi-gcc -o "STM32F103_FreeRTOS_CMSIS_Event.elf" @"objects.list"   -mcpu=cortex-m3 -T"D:\STM32\STM32F103_FreeRTOS_CMSIS\STM32F103_FreeRTOS_CMSIS_Event\STM32F103RBTX_FLASH.ld" --specs=nosys.specs -Wl,-Map="STM32F103_FreeRTOS_CMSIS_Event.map" -Wl,--gc-sections -static --specs=nano.specs -mfloat-abi=soft -mthumb -Wl,--start-group -lc -lm -Wl,--end-group
Finished building target: STM32F103_FreeRTOS_CMSIS_Event.elf
 
arm-none-eabi-size  STM32F103_FreeRTOS_CMSIS_Event.elf 
arm-none-eabi-objdump -h -S STM32F103_FreeRTOS_CMSIS_Event.elf  > "STM32F103_FreeRTOS_CMSIS_Event.list"
   text	   data	    bss	    dec	    hex	filename
  20228	     96	   8672	  28996	   7144	STM32F103_FreeRTOS_CMSIS_Event.elf
Finished building: default.size.stdout
 
Finished building: STM32F103_FreeRTOS_CMSIS_Event.list
 
14:37:20 **** Incremental Build of configuration Debug for project STM32F103_FreeRTOS_CMSIS_Event ****
make -j8 all 
arm-none-eabi-size  STM32F103_FreeRTOS_CMSIS_Event.elf 
   text	   data	    bss	    dec	    hex	filename
  20228	     96	   8672	  28996	   7144	STM32F103_FreeRTOS_CMSIS_Event.elf
Finished building: default.size.stdout
 
14:38:31 **** Incremental Build of configuration Debug for project STM32F103_FreeRTOS_CMSIS_Event ****
make -j8 all 
arm-none-eabi-gcc "../Core/Src/main.c" -mcpu=cortex-m3 -std=gnu11 -g3 -DDEBUG -DUSE_HAL_DRIVER -DSTM32F103xB -c -I../Core/Inc -I../Drivers/STM32F1xx_HAL_Driver/Inc -I../Drivers/STM32F1xx_HAL_Driver/Inc/Legacy -I../Drivers/CMSIS/Device/ST/STM32F1xx/Include -I../Drivers/CMSIS/Include -I../Middlewares/Third_Party/FreeRTOS/Source/include -I../Middlewares/Third_Party/FreeRTOS/Source/CMSIS_RTOS_V2 -I../Middlewares/Third_Party/FreeRTOS/Source/portable/GCC/ARM_CM3 -O0 -ffunction-sections -fdata-sections -Wall -fstack-usage -fcyclomatic-complexity -MMD -MP -MF"Core/Src/main.d" -MT"Core/Src/main.o" --specs=nano.specs -mfloat-abi=soft -mthumb -o "Core/Src/main.o"
../Core/Src/main.c: In function 'StartDefaultTask':
../Core/Src/main.c:312:18: warning: unused variable 'flagfromGet' [-Wunused-variable]
  312 |         uint32_t flagfromGet = 0;
      |                  ^~~~~~~~~~~
arm-none-eabi-gcc -o "STM32F103_FreeRTOS_CMSIS_Event.elf" @"objects.list"   -mcpu=cortex-m3 -T"D:\STM32\STM32F103_FreeRTOS_CMSIS\STM32F103_FreeRTOS_CMSIS_Event\STM32F103RBTX_FLASH.ld" --specs=nosys.specs -Wl,-Map="STM32F103_FreeRTOS_CMSIS_Event.map" -Wl,--gc-sections -static --specs=nano.specs -mfloat-abi=soft -mthumb -Wl,--start-group -lc -lm -Wl,--end-group
Finished building target: STM32F103_FreeRTOS_CMSIS_Event.elf
 
arm-none-eabi-size  STM32F103_FreeRTOS_CMSIS_Event.elf 
arm-none-eabi-objdump -h -S STM32F103_FreeRTOS_CMSIS_Event.elf  > "STM32F103_FreeRTOS_CMSIS_Event.list"
   text	   data	    bss	    dec	    hex	filename
  20116	     96	   8672	  28884	   70d4	STM32F103_FreeRTOS_CMSIS_Event.elf
Finished building: default.size.stdout
 
Finished building: STM32F103_FreeRTOS_CMSIS_Event.list
 
14:39:07 **** Incremental Build of configuration Debug for project STM32F103_FreeRTOS_CMSIS_Event ****
make -j8 all 
arm-none-eabi-size  STM32F103_FreeRTOS_CMSIS_Event.elf 
   text	   data	    bss	    dec	    hex	filename
  20116	     96	   8672	  28884	   70d4	STM32F103_FreeRTOS_CMSIS_Event.elf
Finished building: default.size.stdout
 
14:40:22 **** Incremental Build of configuration Debug for project STM32F103_FreeRTOS_CMSIS_Event ****
make -j8 all 
arm-none-eabi-gcc "../Core/Src/main.c" -mcpu=cortex-m3 -std=gnu11 -g3 -DDEBUG -DUSE_HAL_DRIVER -DSTM32F103xB -c -I../Core/Inc -I../Drivers/STM32F1xx_HAL_Driver/Inc -I../Drivers/STM32F1xx_HAL_Driver/Inc/Legacy -I../Drivers/CMSIS/Device/ST/STM32F1xx/Include -I../Drivers/CMSIS/Include -I../Middlewares/Third_Party/FreeRTOS/Source/include -I../Middlewares/Third_Party/FreeRTOS/Source/CMSIS_RTOS_V2 -I../Middlewares/Third_Party/FreeRTOS/Source/portable/GCC/ARM_CM3 -O0 -ffunction-sections -fdata-sections -Wall -fstack-usage -fcyclomatic-complexity -MMD -MP -MF"Core/Src/main.d" -MT"Core/Src/main.o" --specs=nano.specs -mfloat-abi=soft -mthumb -o "Core/Src/main.o"
../Core/Src/main.c: In function 'StartDefaultTask':
../Core/Src/main.c:312:18: warning: variable 'flagfromGet' set but not used [-Wunused-but-set-variable]
  312 |         uint32_t flagfromGet = 0;
      |                  ^~~~~~~~~~~
arm-none-eabi-gcc -o "STM32F103_FreeRTOS_CMSIS_Event.elf" @"objects.list"   -mcpu=cortex-m3 -T"D:\STM32\STM32F103_FreeRTOS_CMSIS\STM32F103_FreeRTOS_CMSIS_Event\STM32F103RBTX_FLASH.ld" --specs=nosys.specs -Wl,-Map="STM32F103_FreeRTOS_CMSIS_Event.map" -Wl,--gc-sections -static --specs=nano.specs -mfloat-abi=soft -mthumb -Wl,--start-group -lc -lm -Wl,--end-group
Finished building target: STM32F103_FreeRTOS_CMSIS_Event.elf
 
arm-none-eabi-size  STM32F103_FreeRTOS_CMSIS_Event.elf 
arm-none-eabi-objdump -h -S STM32F103_FreeRTOS_CMSIS_Event.elf  > "STM32F103_FreeRTOS_CMSIS_Event.list"
   text	   data	    bss	    dec	    hex	filename
  20228	     96	   8672	  28996	   7144	STM32F103_FreeRTOS_CMSIS_Event.elf
Finished building: default.size.stdout
 
Finished building: STM32F103_FreeRTOS_CMSIS_Event.list
 
14:47:53 **** Incremental Build of configuration Debug for project STM32F103_FreeRTOS_CMSIS_Event ****
make -j8 all 
arm-none-eabi-gcc "../Core/Src/main.c" -mcpu=cortex-m3 -std=gnu11 -g3 -DDEBUG -DUSE_HAL_DRIVER -DSTM32F103xB -c -I../Core/Inc -I../Drivers/STM32F1xx_HAL_Driver/Inc -I../Drivers/STM32F1xx_HAL_Driver/Inc/Legacy -I../Drivers/CMSIS/Device/ST/STM32F1xx/Include -I../Drivers/CMSIS/Include -I../Middlewares/Third_Party/FreeRTOS/Source/include -I../Middlewares/Third_Party/FreeRTOS/Source/CMSIS_RTOS_V2 -I../Middlewares/Third_Party/FreeRTOS/Source/portable/GCC/ARM_CM3 -O0 -ffunction-sections -fdata-sections -Wall -fstack-usage -fcyclomatic-complexity -MMD -MP -MF"Core/Src/main.d" -MT"Core/Src/main.o" --specs=nano.specs -mfloat-abi=soft -mthumb -o "Core/Src/main.o"
../Core/Src/main.c: In function 'StartDefaultTask':
../Core/Src/main.c:312:18: warning: unused variable 'flagfromGet' [-Wunused-variable]
  312 |         uint32_t flagfromGet = 0;
      |                  ^~~~~~~~~~~
arm-none-eabi-gcc -o "STM32F103_FreeRTOS_CMSIS_Event.elf" @"objects.list"   -mcpu=cortex-m3 -T"D:\STM32\STM32F103_FreeRTOS_CMSIS\STM32F103_FreeRTOS_CMSIS_Event\STM32F103RBTX_FLASH.ld" --specs=nosys.specs -Wl,-Map="STM32F103_FreeRTOS_CMSIS_Event.map" -Wl,--gc-sections -static --specs=nano.specs -mfloat-abi=soft -mthumb -Wl,--start-group -lc -lm -Wl,--end-group
Finished building target: STM32F103_FreeRTOS_CMSIS_Event.elf
 
arm-none-eabi-size  STM32F103_FreeRTOS_CMSIS_Event.elf 
arm-none-eabi-objdump -h -S STM32F103_FreeRTOS_CMSIS_Event.elf  > "STM32F103_FreeRTOS_CMSIS_Event.list"
   text	   data	    bss	    dec	    hex	filename
  20116	     96	   8672	  28884	   70d4	STM32F103_FreeRTOS_CMSIS_Event.elf
Finished building: default.size.stdout
 
Finished building: STM32F103_FreeRTOS_CMSIS_Event.list
 
14:48:08 **** Incremental Build of configuration Debug for project STM32F103_FreeRTOS_CMSIS_Event ****
make -j8 all 
arm-none-eabi-gcc "../Core/Src/main.c" -mcpu=cortex-m3 -std=gnu11 -g3 -DDEBUG -DUSE_HAL_DRIVER -DSTM32F103xB -c -I../Core/Inc -I../Drivers/STM32F1xx_HAL_Driver/Inc -I../Drivers/STM32F1xx_HAL_Driver/Inc/Legacy -I../Drivers/CMSIS/Device/ST/STM32F1xx/Include -I../Drivers/CMSIS/Include -I../Middlewares/Third_Party/FreeRTOS/Source/include -I../Middlewares/Third_Party/FreeRTOS/Source/CMSIS_RTOS_V2 -I../Middlewares/Third_Party/FreeRTOS/Source/portable/GCC/ARM_CM3 -O0 -ffunction-sections -fdata-sections -Wall -fstack-usage -fcyclomatic-complexity -MMD -MP -MF"Core/Src/main.d" -MT"Core/Src/main.o" --specs=nano.specs -mfloat-abi=soft -mthumb -o "Core/Src/main.o"
../Core/Src/main.c: In function 'StartDefaultTask':
../Core/Src/main.c:312:18: warning: unused variable 'flagfromGet' [-Wunused-variable]
  312 |         uint32_t flagfromGet = 0;
      |                  ^~~~~~~~~~~
arm-none-eabi-gcc -o "STM32F103_FreeRTOS_CMSIS_Event.elf" @"objects.list"   -mcpu=cortex-m3 -T"D:\STM32\STM32F103_FreeRTOS_CMSIS\STM32F103_FreeRTOS_CMSIS_Event\STM32F103RBTX_FLASH.ld" --specs=nosys.specs -Wl,-Map="STM32F103_FreeRTOS_CMSIS_Event.map" -Wl,--gc-sections -static --specs=nano.specs -mfloat-abi=soft -mthumb -Wl,--start-group -lc -lm -Wl,--end-group
Finished building target: STM32F103_FreeRTOS_CMSIS_Event.elf
 
arm-none-eabi-size  STM32F103_FreeRTOS_CMSIS_Event.elf 
arm-none-eabi-objdump -h -S STM32F103_FreeRTOS_CMSIS_Event.elf  > "STM32F103_FreeRTOS_CMSIS_Event.list"
   text	   data	    bss	    dec	    hex	filename
  20116	     96	   8672	  28884	   70d4	STM32F103_FreeRTOS_CMSIS_Event.elf
Finished building: default.size.stdout
 
Finished building: STM32F103_FreeRTOS_CMSIS_Event.list
 
14:50:01 **** Incremental Build of configuration Debug for project STM32F103_FreeRTOS_CMSIS_Event ****
make -j8 all 
arm-none-eabi-gcc "../Core/Src/main.c" -mcpu=cortex-m3 -std=gnu11 -g3 -DDEBUG -DUSE_HAL_DRIVER -DSTM32F103xB -c -I../Core/Inc -I../Drivers/STM32F1xx_HAL_Driver/Inc -I../Drivers/STM32F1xx_HAL_Driver/Inc/Legacy -I../Drivers/CMSIS/Device/ST/STM32F1xx/Include -I../Drivers/CMSIS/Include -I../Middlewares/Third_Party/FreeRTOS/Source/include -I../Middlewares/Third_Party/FreeRTOS/Source/CMSIS_RTOS_V2 -I../Middlewares/Third_Party/FreeRTOS/Source/portable/GCC/ARM_CM3 -O0 -ffunction-sections -fdata-sections -Wall -fstack-usage -fcyclomatic-complexity -MMD -MP -MF"Core/Src/main.d" -MT"Core/Src/main.o" --specs=nano.specs -mfloat-abi=soft -mthumb -o "Core/Src/main.o"
../Core/Src/main.c: In function 'StartDefaultTask':
../Core/Src/main.c:312:18: warning: variable 'flagfromGet' set but not used [-Wunused-but-set-variable]
  312 |         uint32_t flagfromGet = 0;
      |                  ^~~~~~~~~~~
arm-none-eabi-gcc -o "STM32F103_FreeRTOS_CMSIS_Event.elf" @"objects.list"   -mcpu=cortex-m3 -T"D:\STM32\STM32F103_FreeRTOS_CMSIS\STM32F103_FreeRTOS_CMSIS_Event\STM32F103RBTX_FLASH.ld" --specs=nosys.specs -Wl,-Map="STM32F103_FreeRTOS_CMSIS_Event.map" -Wl,--gc-sections -static --specs=nano.specs -mfloat-abi=soft -mthumb -Wl,--start-group -lc -lm -Wl,--end-group
Finished building target: STM32F103_FreeRTOS_CMSIS_Event.elf
 
arm-none-eabi-size  STM32F103_FreeRTOS_CMSIS_Event.elf 
arm-none-eabi-objdump -h -S STM32F103_FreeRTOS_CMSIS_Event.elf  > "STM32F103_FreeRTOS_CMSIS_Event.list"
   text	   data	    bss	    dec	    hex	filename
  20228	     96	   8672	  28996	   7144	STM32F103_FreeRTOS_CMSIS_Event.elf
Finished building: default.size.stdout
 
Finished building: STM32F103_FreeRTOS_CMSIS_Event.list
 
14:51:05 **** Incremental Build of configuration Debug for project STM32F103_FreeRTOS_CMSIS_Event ****
make -j8 all 
arm-none-eabi-gcc "../Core/Src/main.c" -mcpu=cortex-m3 -std=gnu11 -g3 -DDEBUG -DUSE_HAL_DRIVER -DSTM32F103xB -c -I../Core/Inc -I../Drivers/STM32F1xx_HAL_Driver/Inc -I../Drivers/STM32F1xx_HAL_Driver/Inc/Legacy -I../Drivers/CMSIS/Device/ST/STM32F1xx/Include -I../Drivers/CMSIS/Include -I../Middlewares/Third_Party/FreeRTOS/Source/include -I../Middlewares/Third_Party/FreeRTOS/Source/CMSIS_RTOS_V2 -I../Middlewares/Third_Party/FreeRTOS/Source/portable/GCC/ARM_CM3 -O0 -ffunction-sections -fdata-sections -Wall -fstack-usage -fcyclomatic-complexity -MMD -MP -MF"Core/Src/main.d" -MT"Core/Src/main.o" --specs=nano.specs -mfloat-abi=soft -mthumb -o "Core/Src/main.o"
../Core/Src/main.c: In function 'StartDefaultTask':
../Core/Src/main.c:312:18: warning: variable 'flagfromGet' set but not used [-Wunused-but-set-variable]
  312 |         uint32_t flagfromGet = 0;
      |                  ^~~~~~~~~~~
arm-none-eabi-gcc -o "STM32F103_FreeRTOS_CMSIS_Event.elf" @"objects.list"   -mcpu=cortex-m3 -T"D:\STM32\STM32F103_FreeRTOS_CMSIS\STM32F103_FreeRTOS_CMSIS_Event\STM32F103RBTX_FLASH.ld" --specs=nosys.specs -Wl,-Map="STM32F103_FreeRTOS_CMSIS_Event.map" -Wl,--gc-sections -static --specs=nano.specs -mfloat-abi=soft -mthumb -Wl,--start-group -lc -lm -Wl,--end-group
Finished building target: STM32F103_FreeRTOS_CMSIS_Event.elf
 
arm-none-eabi-size  STM32F103_FreeRTOS_CMSIS_Event.elf 
arm-none-eabi-objdump -h -S STM32F103_FreeRTOS_CMSIS_Event.elf  > "STM32F103_FreeRTOS_CMSIS_Event.list"
   text	   data	    bss	    dec	    hex	filename
  20228	     96	   8672	  28996	   7144	STM32F103_FreeRTOS_CMSIS_Event.elf
Finished building: default.size.stdout
 
Finished building: STM32F103_FreeRTOS_CMSIS_Event.list
 
14:52:05 **** Incremental Build of configuration Debug for project STM32F103_FreeRTOS_CMSIS_Event ****
make -j8 all 
arm-none-eabi-gcc "../Core/Src/main.c" -mcpu=cortex-m3 -std=gnu11 -g3 -DDEBUG -DUSE_HAL_DRIVER -DSTM32F103xB -c -I../Core/Inc -I../Drivers/STM32F1xx_HAL_Driver/Inc -I../Drivers/STM32F1xx_HAL_Driver/Inc/Legacy -I../Drivers/CMSIS/Device/ST/STM32F1xx/Include -I../Drivers/CMSIS/Include -I../Middlewares/Third_Party/FreeRTOS/Source/include -I../Middlewares/Third_Party/FreeRTOS/Source/CMSIS_RTOS_V2 -I../Middlewares/Third_Party/FreeRTOS/Source/portable/GCC/ARM_CM3 -O0 -ffunction-sections -fdata-sections -Wall -fstack-usage -fcyclomatic-complexity -MMD -MP -MF"Core/Src/main.d" -MT"Core/Src/main.o" --specs=nano.specs -mfloat-abi=soft -mthumb -o "Core/Src/main.o"
../Core/Src/main.c: In function 'StartDefaultTask':
../Core/Src/main.c:312:18: warning: unused variable 'flagfromGet' [-Wunused-variable]
  312 |         uint32_t flagfromGet = 0;
      |                  ^~~~~~~~~~~
arm-none-eabi-gcc -o "STM32F103_FreeRTOS_CMSIS_Event.elf" @"objects.list"   -mcpu=cortex-m3 -T"D:\STM32\STM32F103_FreeRTOS_CMSIS\STM32F103_FreeRTOS_CMSIS_Event\STM32F103RBTX_FLASH.ld" --specs=nosys.specs -Wl,-Map="STM32F103_FreeRTOS_CMSIS_Event.map" -Wl,--gc-sections -static --specs=nano.specs -mfloat-abi=soft -mthumb -Wl,--start-group -lc -lm -Wl,--end-group
Finished building target: STM32F103_FreeRTOS_CMSIS_Event.elf
 
arm-none-eabi-size  STM32F103_FreeRTOS_CMSIS_Event.elf 
arm-none-eabi-objdump -h -S STM32F103_FreeRTOS_CMSIS_Event.elf  > "STM32F103_FreeRTOS_CMSIS_Event.list"
   text	   data	    bss	    dec	    hex	filename
  20116	     96	   8672	  28884	   70d4	STM32F103_FreeRTOS_CMSIS_Event.elf
Finished building: default.size.stdout
 
Finished building: STM32F103_FreeRTOS_CMSIS_Event.list
 
14:53:35 **** Incremental Build of configuration Debug for project STM32F103_FreeRTOS_CMSIS_Event ****
make -j8 all 
arm-none-eabi-gcc "../Core/Src/main.c" -mcpu=cortex-m3 -std=gnu11 -g3 -DDEBUG -DUSE_HAL_DRIVER -DSTM32F103xB -c -I../Core/Inc -I../Drivers/STM32F1xx_HAL_Driver/Inc -I../Drivers/STM32F1xx_HAL_Driver/Inc/Legacy -I../Drivers/CMSIS/Device/ST/STM32F1xx/Include -I../Drivers/CMSIS/Include -I../Middlewares/Third_Party/FreeRTOS/Source/include -I../Middlewares/Third_Party/FreeRTOS/Source/CMSIS_RTOS_V2 -I../Middlewares/Third_Party/FreeRTOS/Source/portable/GCC/ARM_CM3 -O0 -ffunction-sections -fdata-sections -Wall -fstack-usage -fcyclomatic-complexity -MMD -MP -MF"Core/Src/main.d" -MT"Core/Src/main.o" --specs=nano.specs -mfloat-abi=soft -mthumb -o "Core/Src/main.o"
../Core/Src/main.c: In function 'StartDefaultTask':
../Core/Src/main.c:312:18: warning: variable 'flagfromGet' set but not used [-Wunused-but-set-variable]
  312 |         uint32_t flagfromGet = 0;
      |                  ^~~~~~~~~~~
arm-none-eabi-gcc -o "STM32F103_FreeRTOS_CMSIS_Event.elf" @"objects.list"   -mcpu=cortex-m3 -T"D:\STM32\STM32F103_FreeRTOS_CMSIS\STM32F103_FreeRTOS_CMSIS_Event\STM32F103RBTX_FLASH.ld" --specs=nosys.specs -Wl,-Map="STM32F103_FreeRTOS_CMSIS_Event.map" -Wl,--gc-sections -static --specs=nano.specs -mfloat-abi=soft -mthumb -Wl,--start-group -lc -lm -Wl,--end-group
Finished building target: STM32F103_FreeRTOS_CMSIS_Event.elf
 
arm-none-eabi-size  STM32F103_FreeRTOS_CMSIS_Event.elf 
arm-none-eabi-objdump -h -S STM32F103_FreeRTOS_CMSIS_Event.elf  > "STM32F103_FreeRTOS_CMSIS_Event.list"
   text	   data	    bss	    dec	    hex	filename
  20228	     96	   8672	  28996	   7144	STM32F103_FreeRTOS_CMSIS_Event.elf
Finished building: default.size.stdout
 
Finished building: STM32F103_FreeRTOS_CMSIS_Event.list
 
15:04:09 **** Incremental Build of configuration Debug for project STM32F103_FreeRTOS_CMSIS_Event ****
make -j8 all 
arm-none-eabi-gcc "../Core/Src/main.c" -mcpu=cortex-m3 -std=gnu11 -g3 -DDEBUG -DUSE_HAL_DRIVER -DSTM32F103xB -c -I../Core/Inc -I../Drivers/STM32F1xx_HAL_Driver/Inc -I../Drivers/STM32F1xx_HAL_Driver/Inc/Legacy -I../Drivers/CMSIS/Device/ST/STM32F1xx/Include -I../Drivers/CMSIS/Include -I../Middlewares/Third_Party/FreeRTOS/Source/include -I../Middlewares/Third_Party/FreeRTOS/Source/CMSIS_RTOS_V2 -I../Middlewares/Third_Party/FreeRTOS/Source/portable/GCC/ARM_CM3 -O0 -ffunction-sections -fdata-sections -Wall -fstack-usage -fcyclomatic-complexity -MMD -MP -MF"Core/Src/main.d" -MT"Core/Src/main.o" --specs=nano.specs -mfloat-abi=soft -mthumb -o "Core/Src/main.o"
../Core/Src/main.c: In function 'StartDefaultTask':
../Core/Src/main.c:312:18: warning: variable 'flagfromGet' set but not used [-Wunused-but-set-variable]
  312 |         uint32_t flagfromGet = 0;
      |                  ^~~~~~~~~~~
arm-none-eabi-gcc -o "STM32F103_FreeRTOS_CMSIS_Event.elf" @"objects.list"   -mcpu=cortex-m3 -T"D:\STM32\STM32F103_FreeRTOS_CMSIS\STM32F103_FreeRTOS_CMSIS_Event\STM32F103RBTX_FLASH.ld" --specs=nosys.specs -Wl,-Map="STM32F103_FreeRTOS_CMSIS_Event.map" -Wl,--gc-sections -static --specs=nano.specs -mfloat-abi=soft -mthumb -Wl,--start-group -lc -lm -Wl,--end-group
Finished building target: STM32F103_FreeRTOS_CMSIS_Event.elf
 
arm-none-eabi-size  STM32F103_FreeRTOS_CMSIS_Event.elf 
arm-none-eabi-objdump -h -S STM32F103_FreeRTOS_CMSIS_Event.elf  > "STM32F103_FreeRTOS_CMSIS_Event.list"
   text	   data	    bss	    dec	    hex	filename
  20228	     96	   8672	  28996	   7144	STM32F103_FreeRTOS_CMSIS_Event.elf
Finished building: default.size.stdout
 
Finished building: STM32F103_FreeRTOS_CMSIS_Event.list
 
15:09:04 **** Incremental Build of configuration Debug for project STM32F103_FreeRTOS_CMSIS_Event ****
make -j8 all 
arm-none-eabi-size  STM32F103_FreeRTOS_CMSIS_Event.elf 
   text	   data	    bss	    dec	    hex	filename
  20228	     96	   8672	  28996	   7144	STM32F103_FreeRTOS_CMSIS_Event.elf
Finished building: default.size.stdout
 
15:32:54 **** Incremental Build of configuration Debug for project STM32F103_FreeRTOS_CMSIS_Event ****
make -j8 all 
arm-none-eabi-gcc "../Core/Src/main.c" -mcpu=cortex-m3 -std=gnu11 -g3 -DDEBUG -DUSE_HAL_DRIVER -DSTM32F103xB -c -I../Core/Inc -I../Drivers/STM32F1xx_HAL_Driver/Inc -I../Drivers/STM32F1xx_HAL_Driver/Inc/Legacy -I../Drivers/CMSIS/Device/ST/STM32F1xx/Include -I../Drivers/CMSIS/Include -I../Middlewares/Third_Party/FreeRTOS/Source/include -I../Middlewares/Third_Party/FreeRTOS/Source/CMSIS_RTOS_V2 -I../Middlewares/Third_Party/FreeRTOS/Source/portable/GCC/ARM_CM3 -O0 -ffunction-sections -fdata-sections -Wall -fstack-usage -fcyclomatic-complexity -MMD -MP -MF"Core/Src/main.d" -MT"Core/Src/main.o" --specs=nano.specs -mfloat-abi=soft -mthumb -o "Core/Src/main.o"
../Core/Src/main.c: In function 'StartDefaultTask':
../Core/Src/main.c:312:18: warning: variable 'flagfromGet' set but not used [-Wunused-but-set-variable]
  312 |         uint32_t flagfromGet = 0;
      |                  ^~~~~~~~~~~
arm-none-eabi-gcc -o "STM32F103_FreeRTOS_CMSIS_Event.elf" @"objects.list"   -mcpu=cortex-m3 -T"D:\STM32\STM32F103_FreeRTOS_CMSIS\STM32F103_FreeRTOS_CMSIS_Event\STM32F103RBTX_FLASH.ld" --specs=nosys.specs -Wl,-Map="STM32F103_FreeRTOS_CMSIS_Event.map" -Wl,--gc-sections -static --specs=nano.specs -mfloat-abi=soft -mthumb -Wl,--start-group -lc -lm -Wl,--end-group
Finished building target: STM32F103_FreeRTOS_CMSIS_Event.elf
 
arm-none-eabi-size  STM32F103_FreeRTOS_CMSIS_Event.elf 
arm-none-eabi-objdump -h -S STM32F103_FreeRTOS_CMSIS_Event.elf  > "STM32F103_FreeRTOS_CMSIS_Event.list"
   text	   data	    bss	    dec	    hex	filename
  20228	     96	   8672	  28996	   7144	STM32F103_FreeRTOS_CMSIS_Event.elf
Finished building: default.size.stdout
 
Finished building: STM32F103_FreeRTOS_CMSIS_Event.list
 
16:01:58 **** Incremental Build of configuration Debug for project STM32F103_FreeRTOS_CMSIS_Event ****
make -j8 all 
arm-none-eabi-size  STM32F103_FreeRTOS_CMSIS_Event.elf 
   text	   data	    bss	    dec	    hex	filename
  20228	     96	   8672	  28996	   7144	STM32F103_FreeRTOS_CMSIS_Event.elf
Finished building: default.size.stdout
 
16:03:13 **** Incremental Build of configuration Debug for project STM32F103_FreeRTOS_CMSIS_Event ****
make -j8 all 
arm-none-eabi-gcc "../Core/Src/main.c" -mcpu=cortex-m3 -std=gnu11 -g3 -DDEBUG -DUSE_HAL_DRIVER -DSTM32F103xB -c -I../Core/Inc -I../Drivers/STM32F1xx_HAL_Driver/Inc -I../Drivers/STM32F1xx_HAL_Driver/Inc/Legacy -I../Drivers/CMSIS/Device/ST/STM32F1xx/Include -I../Drivers/CMSIS/Include -I../Middlewares/Third_Party/FreeRTOS/Source/include -I../Middlewares/Third_Party/FreeRTOS/Source/CMSIS_RTOS_V2 -I../Middlewares/Third_Party/FreeRTOS/Source/portable/GCC/ARM_CM3 -O0 -ffunction-sections -fdata-sections -Wall -fstack-usage -fcyclomatic-complexity -MMD -MP -MF"Core/Src/main.d" -MT"Core/Src/main.o" --specs=nano.specs -mfloat-abi=soft -mthumb -o "Core/Src/main.o"
../Core/Src/main.c: In function 'StartDefaultTask':
../Core/Src/main.c:312:18: warning: variable 'flagfromGet' set but not used [-Wunused-but-set-variable]
  312 |         uint32_t flagfromGet = 0;
      |                  ^~~~~~~~~~~
arm-none-eabi-gcc -o "STM32F103_FreeRTOS_CMSIS_Event.elf" @"objects.list"   -mcpu=cortex-m3 -T"D:\STM32\STM32F103_FreeRTOS_CMSIS\STM32F103_FreeRTOS_CMSIS_Event\STM32F103RBTX_FLASH.ld" --specs=nosys.specs -Wl,-Map="STM32F103_FreeRTOS_CMSIS_Event.map" -Wl,--gc-sections -static --specs=nano.specs -mfloat-abi=soft -mthumb -Wl,--start-group -lc -lm -Wl,--end-group
Finished building target: STM32F103_FreeRTOS_CMSIS_Event.elf
 
arm-none-eabi-size  STM32F103_FreeRTOS_CMSIS_Event.elf 
arm-none-eabi-objdump -h -S STM32F103_FreeRTOS_CMSIS_Event.elf  > "STM32F103_FreeRTOS_CMSIS_Event.list"
   text	   data	    bss	    dec	    hex	filename
  20244	     96	   8672	  29012	   7154	STM32F103_FreeRTOS_CMSIS_Event.elf
Finished building: default.size.stdout
 
Finished building: STM32F103_FreeRTOS_CMSIS_Event.list
 
16:52:07 **** Incremental Build of configuration Debug for project STM32F103_FreeRTOS_CMSIS_Event ****
make -j8 all 
arm-none-eabi-gcc "../Core/Src/main.c" -mcpu=cortex-m3 -std=gnu11 -g3 -DDEBUG -DUSE_HAL_DRIVER -DSTM32F103xB -c -I../Core/Inc -I../Drivers/STM32F1xx_HAL_Driver/Inc -I../Drivers/STM32F1xx_HAL_Driver/Inc/Legacy -I../Drivers/CMSIS/Device/ST/STM32F1xx/Include -I../Drivers/CMSIS/Include -I../Middlewares/Third_Party/FreeRTOS/Source/include -I../Middlewares/Third_Party/FreeRTOS/Source/CMSIS_RTOS_V2 -I../Middlewares/Third_Party/FreeRTOS/Source/portable/GCC/ARM_CM3 -O0 -ffunction-sections -fdata-sections -Wall -fstack-usage -fcyclomatic-complexity -MMD -MP -MF"Core/Src/main.d" -MT"Core/Src/main.o" --specs=nano.specs -mfloat-abi=soft -mthumb -o "Core/Src/main.o"
../Core/Src/main.c: In function 'StartDefaultTask':
../Core/Src/main.c:312:18: warning: variable 'flagfromGet' set but not used [-Wunused-but-set-variable]
  312 |         uint32_t flagfromGet = 0;
      |                  ^~~~~~~~~~~
arm-none-eabi-gcc -o "STM32F103_FreeRTOS_CMSIS_Event.elf" @"objects.list"   -mcpu=cortex-m3 -T"D:\STM32\STM32F103_FreeRTOS_CMSIS\STM32F103_FreeRTOS_CMSIS_Event\STM32F103RBTX_FLASH.ld" --specs=nosys.specs -Wl,-Map="STM32F103_FreeRTOS_CMSIS_Event.map" -Wl,--gc-sections -static --specs=nano.specs -mfloat-abi=soft -mthumb -Wl,--start-group -lc -lm -Wl,--end-group
Finished building target: STM32F103_FreeRTOS_CMSIS_Event.elf
 
arm-none-eabi-size  STM32F103_FreeRTOS_CMSIS_Event.elf 
arm-none-eabi-objdump -h -S STM32F103_FreeRTOS_CMSIS_Event.elf  > "STM32F103_FreeRTOS_CMSIS_Event.list"
   text	   data	    bss	    dec	    hex	filename
  20228	     96	   8672	  28996	   7144	STM32F103_FreeRTOS_CMSIS_Event.elf
Finished building: default.size.stdout
 
Finished building: STM32F103_FreeRTOS_CMSIS_Event.list
 
