16:52:07 **** Incremental Build of configuration Debug for project STM32F103_FreeRTOS_CMSIS_Event ****
make -j8 all 
arm-none-eabi-gcc "../Core/Src/main.c" -mcpu=cortex-m3 -std=gnu11 -g3 -DDEBUG -DUSE_HAL_DRIVER -DSTM32F103xB -c -I../Core/Inc -I../Drivers/STM32F1xx_HAL_Driver/Inc -I../Drivers/STM32F1xx_HAL_Driver/Inc/Legacy -I../Drivers/CMSIS/Device/ST/STM32F1xx/Include -I../Drivers/CMSIS/Include -I../Middlewares/Third_Party/FreeRTOS/Source/include -I../Middlewares/Third_Party/FreeRTOS/Source/CMSIS_RTOS_V2 -I../Middlewares/Third_Party/FreeRTOS/Source/portable/GCC/ARM_CM3 -O0 -ffunction-sections -fdata-sections -Wall -fstack-usage -fcyclomatic-complexity -MMD -MP -MF"Core/Src/main.d" -MT"Core/Src/main.o" --specs=nano.specs -mfloat-abi=soft -mthumb -o "Core/Src/main.o"
../Core/Src/main.c: In function 'StartDefaultTask':
../Core/Src/main.c:312:18: warning: variable 'flagfromGet' set but not used [-Wunused-but-set-variable]
  312 |         uint32_t flagfromGet = 0;
      |                  ^~~~~~~~~~~
arm-none-eabi-gcc -o "STM32F103_FreeRTOS_CMSIS_Event.elf" @"objects.list"   -mcpu=cortex-m3 -T"D:\STM32\STM32F103_FreeRTOS_CMSIS\STM32F103_FreeRTOS_CMSIS_Event\STM32F103RBTX_FLASH.ld" --specs=nosys.specs -Wl,-Map="STM32F103_FreeRTOS_CMSIS_Event.map" -Wl,--gc-sections -static --specs=nano.specs -mfloat-abi=soft -mthumb -Wl,--start-group -lc -lm -Wl,--end-group
Finished building target: STM32F103_FreeRTOS_CMSIS_Event.elf
 
arm-none-eabi-size  STM32F103_FreeRTOS_CMSIS_Event.elf 
arm-none-eabi-objdump -h -S STM32F103_FreeRTOS_CMSIS_Event.elf  > "STM32F103_FreeRTOS_CMSIS_Event.list"
   text	   data	    bss	    dec	    hex	filename
  20228	     96	   8672	  28996	   7144	STM32F103_FreeRTOS_CMSIS_Event.elf
Finished building: default.size.stdout
 
Finished building: STM32F103_FreeRTOS_CMSIS_Event.list
 

16:52:10 Build Finished. 0 errors, 1 warnings. (took 2s.163ms)

