22:16:09 **** Incremental Build of configuration Debug for project STM32F103_FreeRTOS_CMSIS_Template ****
make -j8 all 
arm-none-eabi-gcc "../Core/Src/main.c" -mcpu=cortex-m3 -std=gnu11 -g3 -DDEBUG -DUSE_HAL_DRIVER -DSTM32F103xB -c -I../Core/Inc -I../Drivers/STM32F1xx_HAL_Driver/Inc -I../Drivers/STM32F1xx_HAL_Driver/Inc/Legacy -I../Drivers/CMSIS/Device/ST/STM32F1xx/Include -I../Drivers/CMSIS/Include -I../Middlewares/Third_Party/FreeRTOS/Source/include -I../Middlewares/Third_Party/FreeRTOS/Source/CMSIS_RTOS_V2 -I../Middlewares/Third_Party/FreeRTOS/Source/portable/GCC/ARM_CM3 -O0 -ffunction-sections -fdata-sections -Wall -fstack-usage -fcyclomatic-complexity -MMD -MP -MF"Core/Src/main.d" -MT"Core/Src/main.o" --specs=nano.specs -mfloat-abi=soft -mthumb -o "Core/Src/main.o"
arm-none-eabi-gcc -o "STM32F103_FreeRTOS_CMSIS_Template.elf" @"objects.list"   -mcpu=cortex-m3 -T"D:\STM32\STM32F103_FreeRTOS_CMSIS\STM32F103_FreeRTOS_CMSIS_Template\STM32F103RBTX_FLASH.ld" --specs=nosys.specs -Wl,-Map="STM32F103_FreeRTOS_CMSIS_Template.map" -Wl,--gc-sections -static --specs=nano.specs -mfloat-abi=soft -mthumb -Wl,--start-group -lc -lm -Wl,--end-group
Finished building target: STM32F103_FreeRTOS_CMSIS_Template.elf
 
arm-none-eabi-size  STM32F103_FreeRTOS_CMSIS_Template.elf 
arm-none-eabi-objdump -h -S STM32F103_FreeRTOS_CMSIS_Template.elf  > "STM32F103_FreeRTOS_CMSIS_Template.list"
   text	   data	    bss	    dec	    hex	filename
  23036	     96	   8688	  31820	   7c4c	STM32F103_FreeRTOS_CMSIS_Template.elf
Finished building: default.size.stdout
 
Finished building: STM32F103_FreeRTOS_CMSIS_Template.list
 

22:16:11 Build Finished. 0 errors, 0 warnings. (took 1s.434ms)

